Archive member included because of file (symbol)

libbb/lib.a(appletlib.o)      (lbb_main)
libbb/lib.a(bb_basename.o)    libbb/lib.a(appletlib.o) (bb_basename)
libbb/lib.a(bb_strtonum.o)    libbb/lib.a(appletlib.o) (bb_strtoul)
libbb/lib.a(concat_path_file.o)
                              libbb/lib.a(appletlib.o) (concat_path_file)
libbb/lib.a(default_error_retval.o)
                              libbb/lib.a(appletlib.o) (xfunc_error_retval)
libbb/lib.a(error_msg_and_die.o)
                              libbb/lib.a(appletlib.o) (bb_error_msg_and_die)
libbb/lib.a(full_write.o)     libbb/lib.a(appletlib.o) (full_write)
libbb/lib.a(get_last_path_component.o)
                              libbb/lib.a(appletlib.o) (bb_get_last_path_component_nostrip)
libbb/lib.a(last_char_is.o)   libbb/lib.a(concat_path_file.o) (last_char_is)
libbb/lib.a(messages.o)       libbb/lib.a(appletlib.o) (bb_busybox_exec_path)
libbb/lib.a(perror_msg.o)     libbb/lib.a(appletlib.o) (bb_simple_perror_msg)
libbb/lib.a(perror_msg_and_die.o)
                              libbb/lib.a(appletlib.o) (bb_perror_msg_and_die)
libbb/lib.a(ptr_to_globals.o)
                              libbb/lib.a(appletlib.o) (bb_errno)
libbb/lib.a(safe_write.o)     libbb/lib.a(full_write.o) (safe_write)
libbb/lib.a(skip_whitespace.o)
                              libbb/lib.a(appletlib.o) (skip_whitespace)
libbb/lib.a(verror_msg.o)     libbb/lib.a(error_msg_and_die.o) (bb_verror_msg)
libbb/lib.a(wfopen.o)         libbb/lib.a(appletlib.o) (fopen_for_read)
libbb/lib.a(xfunc_die.o)      libbb/lib.a(appletlib.o) (xfunc_die)
libbb/lib.a(xfuncs.o)         libbb/lib.a(appletlib.o) (get_terminal_width_height)
libbb/lib.a(xfuncs_printf.o)  libbb/lib.a(appletlib.o) (malloc_or_warn)
libbb/lib.a(xreadlink.o)      libbb/lib.a(appletlib.o) (xmalloc_readlink)
libbb/lib.a(copyfd.o)         libbb/lib.a(xfuncs_printf.o) (bb_copyfd_eof)
libbb/lib.a(error_msg.o)      libbb/lib.a(xfuncs_printf.o) (bb_error_msg)
libbb/lib.a(read.o)           libbb/lib.a(copyfd.o) (safe_read)
libbb/lib.a(safe_poll.o)      libbb/lib.a(read.o) (safe_poll)
loginutils/lib.a(login.o)     libbb/lib.a(appletlib.o) (login_main)
loginutils/lib.a(passwd.o)    libbb/lib.a(appletlib.o) (passwd_main)
miscutils/lib.a(bbconfig.o)   libbb/lib.a(appletlib.o) (bbconfig_main)
miscutils/lib.a(mountpoint.o)
                              libbb/lib.a(appletlib.o) (mountpoint_main)
miscutils/lib.a(mt.o)         libbb/lib.a(appletlib.o) (mt_main)
miscutils/lib.a(rx.o)         libbb/lib.a(appletlib.o) (rx_main)
miscutils/lib.a(setsid.o)     libbb/lib.a(appletlib.o) (setsid_main)
modutils/lib.a(insmod.o)      libbb/lib.a(appletlib.o) (insmod_main)
modutils/lib.a(lsmod.o)       libbb/lib.a(appletlib.o) (lsmod_main)
modutils/lib.a(rmmod.o)       libbb/lib.a(appletlib.o) (rmmod_main)
networking/lib.a(arp.o)       libbb/lib.a(appletlib.o) (arp_main)
networking/lib.a(arping.o)    libbb/lib.a(appletlib.o) (arping_main)
networking/lib.a(hostname.o)  libbb/lib.a(appletlib.o) (hostname_main)
networking/lib.a(ifconfig.o)  libbb/lib.a(appletlib.o) (ifconfig_main)
networking/lib.a(ifenslave.o)
                              libbb/lib.a(appletlib.o) (ifenslave_main)
networking/lib.a(ifupdown.o)  libbb/lib.a(appletlib.o) (ifupdown_main)
networking/lib.a(interface.o)
                              networking/lib.a(ifconfig.o) (in_ib)
networking/lib.a(ip.o)        libbb/lib.a(appletlib.o) (ipaddr_main)
networking/lib.a(netstat.o)   libbb/lib.a(appletlib.o) (netstat_main)
networking/lib.a(ping.o)      libbb/lib.a(appletlib.o) (ping_main)
networking/lib.a(route.o)     networking/lib.a(netstat.o) (bb_displayroutes)
networking/lib.a(sendmail.o)  libbb/lib.a(appletlib.o) (sendgetmail_main)
networking/lib.a(telnetd.o)   libbb/lib.a(appletlib.o) (telnetd_main)
networking/lib.a(tftp.o)      libbb/lib.a(appletlib.o) (tftp_main)
networking/lib.a(traceroute.o)
                              libbb/lib.a(appletlib.o) (traceroute_main)
networking/lib.a(vconfig.o)   libbb/lib.a(appletlib.o) (vconfig_main)
networking/lib.a(wget.o)      libbb/lib.a(appletlib.o) (wget_main)
networking/libiproute/lib.a(ip_parse_common_args.o)
                              networking/lib.a(ip.o) (ip_parse_common_args)
networking/libiproute/lib.a(ipaddress.o)
                              networking/lib.a(ip.o) (do_ipaddr)
networking/libiproute/lib.a(iplink.o)
                              networking/lib.a(ip.o) (do_iplink)
networking/libiproute/lib.a(iproute.o)
                              networking/lib.a(ip.o) (do_iproute)
networking/libiproute/lib.a(libnetlink.o)
                              networking/libiproute/lib.a(ipaddress.o) (xrtnl_open)
networking/libiproute/lib.a(ll_addr.o)
                              networking/libiproute/lib.a(ipaddress.o) (ll_addr_n2a)
networking/libiproute/lib.a(ll_map.o)
                              networking/libiproute/lib.a(ipaddress.o) (ll_remember_index)
networking/libiproute/lib.a(ll_types.o)
[...]
Memory Configuration

Name             Origin             Length             Attributes
*default*        0x00000000         0xffffffff

Linker script and memory map

LOAD /root/ATEN/source/OEM/STD_V317_LOGO/STD_X9_237_Security_X10/SDK/ToolChain/Host/HERMON/gcc-3.4.4-glibc-2.3.5-armv4/arm-linux/bin/../lib/gcc/arm-linux/3.4.4/../../../../arm-linux/lib/crti.o
LOAD /root/ATEN/source/OEM/STD_V317_LOGO/STD_X9_237_Security_X10/SDK/ToolChain/Host/HERMON/gcc-3.4.4-glibc-2.3.5-armv4/arm-linux/bin/../lib/gcc/arm-linux/3.4.4/crtbeginS.o
START GROUP
LOAD archival/lib.a
LOAD archival/libunarchive/lib.a
LOAD console-tools/lib.a
LOAD coreutils/lib.a
LOAD coreutils/libcoreutils/lib.a
LOAD debianutils/lib.a
LOAD e2fsprogs/lib.a
LOAD editors/lib.a
LOAD findutils/lib.a
LOAD init/lib.a
LOAD libbb/lib.a
LOAD libpwdgrp/lib.a
LOAD loginutils/lib.a
LOAD miscutils/lib.a
LOAD modutils/lib.a
LOAD networking/lib.a
LOAD networking/libiproute/lib.a
LOAD networking/udhcp/lib.a
LOAD printutils/lib.a
LOAD procps/lib.a
LOAD runit/lib.a
LOAD selinux/lib.a
LOAD shell/lib.a
LOAD sysklogd/lib.a
LOAD util-linux/lib.a
LOAD util-linux/volume_id/lib.a
LOAD archival/built-in.o
LOAD archival/libunarchive/built-in.o
LOAD console-tools/built-in.o
LOAD coreutils/built-in.o
LOAD coreutils/libcoreutils/built-in.o
LOAD debianutils/built-in.o
LOAD e2fsprogs/built-in.o
LOAD editors/built-in.o
LOAD findutils/built-in.o
LOAD init/built-in.o
LOAD libbb/built-in.o
LOAD libpwdgrp/built-in.o
LOAD loginutils/built-in.o
LOAD miscutils/built-in.o
LOAD modutils/built-in.o
LOAD networking/built-in.o
LOAD networking/libiproute/built-in.o
LOAD networking/udhcp/built-in.o
LOAD printutils/built-in.o
LOAD procps/built-in.o
LOAD runit/built-in.o
LOAD selinux/built-in.o
LOAD shell/built-in.o
LOAD sysklogd/built-in.o
LOAD util-linux/built-in.o
LOAD util-linux/volume_id/built-in.o
END GROUP
START GROUP
LOAD /root/ATEN/source/OEM/STD_V317_LOGO/STD_X9_237_Security_X10/SDK/ToolChain/Host/HERMON/gcc-3.4.4-glibc-2.3.5-armv4/arm-linux/bin/../lib/gcc/arm-linux/3.4.4/../../../../arm-linux/lib/libcrypt.so
END GROUP
LOAD /root/ATEN/source/OEM/STD_V317_LOGO/STD_X9_237_Security_X10/SDK/ToolChain/Host/HERMON/gcc-3.4.4-glibc-2.3.5-armv4/arm-linux/bin/../lib/gcc/arm-linux/3.4.4/libgcc.a
LOAD /root/ATEN/source/OEM/STD_V317_LOGO/STD_X9_237_Security_X10/SDK/ToolChain/Host/HERMON/gcc-3.4.4-glibc-2.3.5-armv4/arm-linux/bin/../lib/gcc/arm-linux/3.4.4/libgcc_eh.a
LOAD /root/ATEN/source/OEM/STD_V317_LOGO/STD_X9_237_Security_X10/SDK/ToolChain/Host/HERMON/gcc-3.4.4-glibc-2.3.5-armv4/arm-linux/bin/../lib/gcc/arm-linux/3.4.4/../../../../arm-linux/lib/libc.so
START GROUP
LOAD /root/ATEN/source/OEM/STD_V317_LOGO/STD_X9_237_Security_X10/SDK/ToolChain/Host/HERMON/gcc-3.4.4-glibc-2.3.5-armv4/arm-linux/bin/../lib/gcc/arm-linux/3.4.4/../../../../arm-linux/lib/libc.so.6
LOAD /root/ATEN/source/OEM/STD_V317_LOGO/STD_X9_237_Security_X10/SDK/ToolChain/Host/HERMON/gcc-3.4.4-glibc-2.3.5-armv4/arm-linux/bin/../lib/gcc/arm-linux/3.4.4/../../../../arm-linux/lib/libc_nonshared.a
END GROUP
LOAD /root/ATEN/source/OEM/STD_V317_LOGO/STD_X9_237_Security_X10/SDK/ToolChain/Host/HERMON/gcc-3.4.4-glibc-2.3.5-armv4/arm-linux/bin/../lib/gcc/arm-linux/3.4.4/libgcc.a
LOAD /root/ATEN/source/OEM/STD_V317_LOGO/STD_X9_237_Security_X10/SDK/ToolChain/Host/HERMON/gcc-3.4.4-glibc-2.3.5-armv4/arm-linux/bin/../lib/gcc/arm-linux/3.4.4/libgcc_eh.a
LOAD /root/ATEN/source/OEM/STD_V317_LOGO/STD_X9_237_Security_X10/SDK/ToolChain/Host/HERMON/gcc-3.4.4-glibc-2.3.5-armv4/arm-linux/bin/../lib/gcc/arm-linux/3.4.4/crtendS.o
LOAD /root/ATEN/source/OEM/STD_V317_LOGO/STD_X9_237_Security_X10/SDK/ToolChain/Host/HERMON/gcc-3.4.4-glibc-2.3.5-armv4/arm-linux/bin/../lib/gcc/arm-linux/3.4.4/../../../../arm-linux/lib/crtn.o
                0x00000094                . = (0x0 + SIZEOF_HEADERS)

.hash           0x00000094     0x15d4
 *(SORT(.hash))
 .hash          0x00000094     0x15d4 /root/ATEN/source/OEM/STD_V317_LOGO/STD_X9_237_Security_X10/SDK/ToolChain/Host/HERMON/gcc-3.4.4-glibc-2.3.5-armv4/arm-linux/bin/../lib/gcc/arm-linux/3.4.4/../../../../arm-linux/lib/crti.o

.dynsym         0x00001668     0x36a0
 *(SORT(.dynsym))
 .dynsym        0x00001668     0x36a0 /root/ATEN/source/OEM/STD_V317_LOGO/STD_X9_237_Security_X10/SDK/ToolChain/Host/HERMON/gcc-3.4.4-glibc-2.3.5-armv4/arm-linux/bin/../lib/gcc/arm-linux/3.4.4/../../../../arm-linux/lib/crti.o

.dynstr         0x00004d08     0x27db
 *(SORT(.dynstr))
 .dynstr        0x00004d08     0x27db /root/ATEN/source/OEM/STD_V317_LOGO/STD_X9_237_Security_X10/SDK/ToolChain/Host/HERMON/gcc-3.4.4-glibc-2.3.5-armv4/arm-linux/bin/../lib/gcc/arm-linux/3.4.4/../../../../arm-linux/lib/crti.o

.gnu.version    0x000074e4      0x6d4
 *(SORT(.gnu.version))
 .gnu.version   0x000074e4      0x6d4 /root/ATEN/source/OEM/STD_V317_LOGO/STD_X9_237_Security_X10/SDK/ToolChain/Host/HERMON/gcc-3.4.4-glibc-2.3.5-armv4/arm-linux/bin/../lib/gcc/arm-linux/3.4.4/../../../../arm-linux/lib/crti.o

.gnu.version_d
 *(SORT(.gnu.version_d))

.gnu.version_r  0x00007bb8       0xd0
 *(SORT(.gnu.version_r))
 .gnu.version_r
                0x00007bb8       0xd0 /root/ATEN/source/OEM/STD_V317_LOGO/STD_X9_237_Security_X10/SDK/ToolChain/Host/HERMON/gcc-3.4.4-glibc-2.3.5-armv4/arm-linux/bin/../lib/gcc/arm-linux/3.4.4/../../../../arm-linux/lib/crti.o

.rel.dyn        0x00007c88     0x1c48
 *(SORT(.rel.init))
 *(SORT(.rel.text) .rel.text.* .rel.gnu.linkonce.t.*)
 *(SORT(.rel.fini))
 *(SORT(.rel.rodata) .rel.rodata.* .rel.gnu.linkonce.r.*)
 *(SORT(.rel.data.rel.ro*))
 *(SORT(.rel.data) .rel.data.* .rel.gnu.linkonce.d.*)
 .rel.data.rel  0x00007c88        0x8 /root/ATEN/source/OEM/STD_V317_LOGO/STD_X9_237_Security_X10/SDK/ToolChain/Host/HERMON/gcc-3.4.4-glibc-2.3.5-armv4/arm-linux/bin/../lib/gcc/arm-linux/3.4.4/../../../../arm-linux/lib/crti.o
 .rel.data.rel.local
                0x00007c90        0x8 /root/ATEN/source/OEM/STD_V317_LOGO/STD_X9_237_Security_X10/SDK/ToolChain/Host/HERMON/gcc-3.4.4-glibc-2.3.5-armv4/arm-linux/bin/../lib/gcc/arm-linux/3.4.4/../../../../arm-linux/lib/crti.o
 .rel.data.applet_main
                0x00007c98      0x2b8 /root/ATEN/source/OEM/STD_V317_LOGO/STD_X9_237_Security_X10/SDK/ToolChain/Host/HERMON/gcc-3.4.4-glibc-2.3.5-armv4/arm-linux/bin/../lib/gcc/arm-linux/3.4.4/../../../../arm-linux/lib/crti.o
 .rel.data.install_dir.3
                0x00007f50       0x28 /root/ATEN/source/OEM/STD_V317_LOGO/STD_X9_237_Security_X10/SDK/ToolChain/Host/HERMON/gcc-3.4.4-glibc-2.3.5-armv4/arm-linux/bin/../lib/gcc/arm-linux/3.4.4/../../../../arm-linux/lib/crti.o
 .rel.data.msg_eol
                0x00007f78        0x8 /root/ATEN/source/OEM/STD_V317_LOGO/STD_X9_237_Security_X10/SDK/ToolChain/Host/HERMON/gcc-3.4.4-glibc-2.3.5-armv4/arm-linux/bin/../lib/gcc/arm-linux/3.4.4/../../../../arm-linux/lib/crti.o
 .rel.data.gpl_licenses.0
                0x00007f80       0x28 /root/ATEN/source/OEM/STD_V317_LOGO/STD_X9_237_Security_X10/SDK/ToolChain/Host/HERMON/gcc-3.4.4-glibc-2.3.5-armv4/arm-linux/bin/../lib/gcc/arm-linux/3.4.4/../../../../arm-linux/lib/crti.o
 .rel.data.specials.3
                0x00007fa8       0x18 /root/ATEN/source/OEM/STD_V317_LOGO/STD_X9_237_Security_X10/SDK/ToolChain/Host/HERMON/gcc-3.4.4-glibc-2.3.5-armv4/arm-linux/bin/../lib/gcc/arm-linux/3.4.4/../../../../arm-linux/lib/crti.o
 .rel.data.device
                0x00007fc0        0x8 /root/ATEN/source/OEM/STD_V317_LOGO/STD_X9_237_Security_X10/SDK/ToolChain/Host/HERMON/gcc-3.4.4-glibc-2.3.5-armv4/arm-linux/bin/../lib/gcc/arm-linux/3.4.4/../../../../arm-linux/lib/crti.o
 .rel.data.Arg1Opt
                0x00007fc8       0x80 /root/ATEN/source/OEM/STD_V317_LOGO/STD_X9_237_Security_X10/SDK/ToolChain/Host/HERMON/gcc-3.4.4-glibc-2.3.5-armv4/arm-linux/bin/../lib/gcc/arm-linux/3.4.4/../../../../arm-linux/lib/crti.o
 .rel.data.OptArray
                0x00008048       0xb8 /root/ATEN/source/OEM/STD_V317_LOGO/STD_X9_237_Security_X10/SDK/ToolChain/Host/HERMON/gcc-3.4.4-glibc-2.3.5-armv4/arm-linux/bin/../lib/gcc/arm-linux/3.4.4/../../../../arm-linux/lib/crti.o
 .rel.data.addr_inet6
                0x00008100       0x10 /root/ATEN/source/OEM/STD_V317_LOGO/STD_X9_237_Security_X10/SDK/ToolChain/Host/HERMON/gcc-3.4.4-glibc-2.3.5-armv4/arm-linux/bin/../lib/gcc/arm-linux/3.4.4/../../../../arm-linux/lib/crti.o
 .rel.data.methods6
                0x00008110       0x48 /root/ATEN/source/OEM/STD_V317_LOGO/STD_X9_237_Security_X10/SDK/ToolChain/Host/HERMON/gcc-3.4.4-glibc-2.3.5-armv4/arm-linux/bin/../lib/gcc/arm-linux/3.4.4/../../../../arm-linux/lib/crti.o
 .rel.data.addr_inet
                0x00008158       0x10 /root/ATEN/source/OEM/STD_V317_LOGO/STD_X9_237_Security_X10/SDK/ToolChain/Host/HERMON/gcc-3.4.4-glibc-2.3.5-armv4/arm-linux/bin/../lib/gcc/arm-linux/3.4.4/../../../../arm-linux/lib/crti.o
 .rel.data.methods
                0x00008168       0xa8 /root/ATEN/source/OEM/STD_V317_LOGO/STD_X9_237_Security_X10/SDK/ToolChain/Host/HERMON/gcc-3.4.4-glibc-2.3.5-armv4/arm-linux/bin/../lib/gcc/arm-linux/3.4.4/../../../../arm-linux/lib/crti.o
 .rel.data.addr_fams.0
                0x00008210       0x10 /root/ATEN/source/OEM/STD_V317_LOGO/STD_X9_237_Security_X10/SDK/ToolChain/Host/HERMON/gcc-3.4.4-glibc-2.3.5-armv4/arm-linux/bin/../lib/gcc/arm-linux/3.4.4/../../../../arm-linux/lib/crti.o
 .rel.data.ss_fmt
                0x00008220       0x18 /root/ATEN/source/OEM/STD_V317_LOGO/STD_X9_237_Security_X10/SDK/ToolChain/Host/HERMON/gcc-3.4.4-glibc-2.3.5-armv4/arm-linux/bin/../lib/gcc/arm-linux/3.4.4/../../../../arm-linux/lib/crti.o
 .rel.data.if_port_text
                0x00008238       0x38 /root/ATEN/source/OEM/STD_V317_LOGO/STD_X9_237_Security_X10/SDK/ToolChain/Host/HERMON/gcc-3.4.4-glibc-2.3.5-armv4/arm-linux/bin/../lib/gcc/arm-linux/3.4.4/../../../../arm-linux/lib/crti.o
 .rel.data.aftypes
                0x00008270       0x18 /root/ATEN/source/OEM/STD_V317_LOGO/STD_X9_237_Security_X10/SDK/ToolChain/Host/HERMON/gcc-3.4.4-glibc-2.3.5-armv4/arm-linux/bin/../lib/gcc/arm-linux/3.4.4/../../../../arm-linux/lib/crti.o
 .rel.data.unspec_aftype
                0x00008288       0x20 /root/ATEN/source/OEM/STD_V317_LOGO/STD_X9_237_Security_X10/SDK/ToolChain/Host/HERMON/gcc-3.4.4-glibc-2.3.5-armv4/arm-linux/bin/../lib/gcc/arm-linux/3.4.4/../../../../arm-linux/lib/crti.o
 .rel.data.inet6_aftype
                0x000082a8       0x20 /root/ATEN/source/OEM/STD_V317_LOGO/STD_X9_237_Security_X10/SDK/ToolChain/Host/HERMON/gcc-3.4.4-glibc-2.3.5-armv4/arm-linux/bin/../lib/gcc/arm-linux/3.4.4/../../../../arm-linux/lib/crti.o
 .rel.data.inet_aftype
                0x000082c8       0x20 /root/ATEN/source/OEM/STD_V317_LOGO/STD_X9_237_Security_X10/SDK/ToolChain/Host/HERMON/gcc-3.4.4-glibc-2.3.5-armv4/arm-linux/bin/../lib/gcc/arm-linux/3.4.4/../../../../arm-linux/lib/crti.o
 .rel.data.ib_hwtype
                0x000082e8       0x20 /root/ATEN/source/OEM/STD_V317_LOGO/STD_X9_237_Security_X10/SDK/ToolChain/Host/HERMON/gcc-3.4.4-glibc-2.3.5-armv4/arm-linux/bin/../lib/gcc/arm-linux/3.4.4/../../../../arm-linux/lib/crti.o
 .rel.data.hwtypes
                0x00008308       0x30 /root/ATEN/source/OEM/STD_V317_LOGO/STD_X9_237_Security_X10/SDK/ToolChain/Host/HERMON/gcc-3.4.4-glibc-2.3.5-armv4/arm-linux/bin/../lib/gcc/arm-linux/3.4.4/../../../../arm-linux/lib/crti.o
 .rel.data.sit_hwtype
                0x00008338       0x18 /root/ATEN/source/OEM/STD_V317_LOGO/STD_X9_237_Security_X10/SDK/ToolChain/Host/HERMON/gcc-3.4.4-glibc-2.3.5-armv4/arm-linux/bin/../lib/gcc/arm-linux/3.4.4/../../../../arm-linux/lib/crti.o
 .rel.data.unspec_hwtype
                0x00008350       0x18 /root/ATEN/source/OEM/STD_V317_LOGO/STD_X9_237_Security_X10/SDK/ToolChain/Host/HERMON/gcc-3.4.4-glibc-2.3.5-armv4/arm-linux/bin/../lib/gcc/arm-linux/3.4.4/../../../../arm-linux/lib/crti.o
 .rel.data.ppp_hwtype
                0x00008368       0x10 /root/ATEN/source/OEM/STD_V317_LOGO/STD_X9_237_Security_X10/SDK/ToolChain/Host/HERMON/gcc-3.4.4-glibc-2.3.5-armv4/arm-linux/bin/../lib/gcc/arm-linux/3.4.4/../../../../arm-linux/lib/crti.o
 .rel.data.ether_hwtype
                0x00008378       0x20 /root/ATEN/source/OEM/STD_V317_LOGO/STD_X9_237_Security_X10/SDK/ToolChain/Host/HERMON/gcc-3.4.4-glibc-2.3.5-armv4/arm-linux/bin/../lib/gcc/arm-linux/3.4.4/../../../../arm-linux/lib/crti.o
 .rel.data.loop_hwtype
                0x00008398       0x10 /root/ATEN/source/OEM/STD_V317_LOGO/STD_X9_237_Security_X10/SDK/ToolChain/Host/HERMON/gcc-3.4.4-glibc-2.3.5-armv4/arm-linux/bin/../lib/gcc/arm-linux/3.4.4/../../../../arm-linux/lib/crti.o
 .rel.data.tcp_state
                0x000083a8       0x60 /root/ATEN/source/OEM/STD_V317_LOGO/STD_X9_237_Security_X10/SDK/ToolChain/Host/HERMON/gcc-3.4.4-glibc-2.3.5-armv4/arm-linux/bin/../lib/gcc/arm-linux/3.4.4/../../../../arm-linux/lib/crti.o
 .rel.data.loginpath
                0x00008408        0x8 /root/ATEN/source/OEM/STD_V317_LOGO/STD_X9_237_Security_X10/SDK/ToolChain/Host/HERMON/gcc-3.4.4-glibc-2.3.5-armv4/arm-linux/bin/../lib/gcc/arm-linux/3.4.4/../../../../arm-linux/lib/crti.o
 .rel.data.issuefile
                0x00008410        0x8 /root/ATEN/source/OEM/STD_V317_LOGO/STD_X9_237_Security_X10/SDK/ToolChain/Host/HERMON/gcc-3.4.4-glibc-2.3.5-armv4/arm-linux/bin/../lib/gcc/arm-linux/3.4.4/../../../../arm-linux/lib/crti.o
 .rel.data.ttab.0
                0x00008418       0x98 /root/ATEN/source/OEM/STD_V317_LOGO/STD_X9_237_Security_X10/SDK/ToolChain/Host/HERMON/gcc-3.4.4-glibc-2.3.5-armv4/arm-linux/bin/../lib/gcc/arm-linux/3.4.4/../../../../arm-linux/lib/crti.o
 .rel.data.init_tab.8
                0x000084b0       0x50 /root/ATEN/source/OEM/STD_V317_LOGO/STD_X9_237_Security_X10/SDK/ToolChain/Host/HERMON/gcc-3.4.4-glibc-2.3.5-armv4/arm-linux/bin/../lib/gcc/arm-linux/3.4.4/../../../../arm-linux/lib/crti.o
 .rel.data.filter_prog.1
                0x00008500        0x8 /root/ATEN/source/OEM/STD_V317_LOGO/STD_X9_237_Security_X10/SDK/ToolChain/Host/HERMON/gcc-3.4.4-glibc-2.3.5-armv4/arm-linux/bin/../lib/gcc/arm-linux/3.4.4/../../../../arm-linux/lib/crti.o
 .rel.data.varinit_data
                0x00008508       0x60 /root/ATEN/source/OEM/STD_V317_LOGO/STD_X9_237_Security_X10/SDK/ToolChain/Host/HERMON/gcc-3.4.4-glibc-2.3.5-armv4/arm-linux/bin/../lib/gcc/arm-linux/3.4.4/../../../../arm-linux/lib/crti.o
 .rel.data.g_parsefile
                0x00008568        0x8 /root/ATEN/source/OEM/STD_V317_LOGO/STD_X9_237_Security_X10/SDK/ToolChain/Host/HERMON/gcc-3.4.4-glibc-2.3.5-armv4/arm-linux/bin/../lib/gcc/arm-linux/3.4.4/../../../../arm-linux/lib/crti.o
 .rel.data.optletters_optnames
                0x00008570       0x70 /root/ATEN/source/OEM/STD_V317_LOGO/STD_X9_237_Security_X10/SDK/ToolChain/Host/HERMON/gcc-3.4.4-glibc-2.3.5-armv4/arm-linux/bin/../lib/gcc/arm-linux/3.4.4/../../../../arm-linux/lib/crti.o
 .rel.data.tokname_array
                0x000085e0       0xe8 /root/ATEN/source/OEM/STD_V317_LOGO/STD_X9_237_Security_X10/SDK/ToolChain/Host/HERMON/gcc-3.4.4-glibc-2.3.5-armv4/arm-linux/bin/../lib/gcc/arm-linux/3.4.4/../../../../arm-linux/lib/crti.o
 .rel.data.builtintab
                0x000086c8      0x290 /root/ATEN/source/OEM/STD_V317_LOGO/STD_X9_237_Security_X10/SDK/ToolChain/Host/HERMON/gcc-3.4.4-glibc-2.3.5-armv4/arm-linux/bin/../lib/gcc/arm-linux/3.4.4/../../../../arm-linux/lib/crti.o
 .rel.data.arg_REPLY.9
                0x00008958        0x8 /root/ATEN/source/OEM/STD_V317_LOGO/STD_X9_237_Security_X10/SDK/ToolChain/Host/HERMON/gcc-3.4.4-glibc-2.3.5-armv4/arm-linux/bin/../lib/gcc/arm-linux/3.4.4/../../../../arm-linux/lib/crti.o
 .rel.data.null_bltin.14
                0x00008960       0x10 /root/ATEN/source/OEM/STD_V317_LOGO/STD_X9_237_Security_X10/SDK/ToolChain/Host/HERMON/gcc-3.4.4-glibc-2.3.5-armv4/arm-linux/bin/../lib/gcc/arm-linux/3.4.4/../../../../arm-linux/lib/crti.o
 .rel.data.args.0
                0x00008970       0x10 /root/ATEN/source/OEM/STD_V317_LOGO/STD_X9_237_Security_X10/SDK/ToolChain/Host/HERMON/gcc-3.4.4-glibc-2.3.5-armv4/arm-linux/bin/../lib/gcc/arm-linux/3.4.4/../../../../arm-linux/lib/crti.o
 .rel.data.environment
                0x00008980       0x20 /root/ATEN/source/OEM/STD_V317_LOGO/STD_X9_237_Security_X10/SDK/ToolChain/Host/HERMON/gcc-3.4.4-glibc-2.3.5-armv4/arm-linux/bin/../lib/gcc/arm-linux/3.4.4/../../../../arm-linux/lib/crti.o
 .rel.data.log_console
                0x000089a0        0x8 /root/ATEN/source/OEM/STD_V317_LOGO/STD_X9_237_Security_X10/SDK/ToolChain/Host/HERMON/gcc-3.4.4-glibc-2.3.5-armv4/arm-linux/bin/../lib/gcc/arm-linux/3.4.4/../../../../arm-linux/lib/crti.o
 .rel.data.bb_argv_dash
                0x000089a8        0x8 /root/ATEN/source/OEM/STD_V317_LOGO/STD_X9_237_Security_X10/SDK/ToolChain/Host/HERMON/gcc-3.4.4-glibc-2.3.5-armv4/arm-linux/bin/../lib/gcc/arm-linux/3.4.4/../../../../arm-linux/lib/crti.o
 *(SORT(.rel.tdata) .rel.tdata.* .rel.gnu.linkonce.td.*)
 *(SORT(.rel.tbss) .rel.tbss.* .rel.gnu.linkonce.tb.*)
 *(SORT(.rel.ctors))
 *(SORT(.rel.dtors))
 *(SORT(.rel.got))
 .rel.got       0x000089b0      0xf20 /root/ATEN/source/OEM/STD_V317_LOGO/STD_X9_237_Security_X10/SDK/ToolChain/Host/HERMON/gcc-3.4.4-glibc-2.3.5-armv4/arm-linux/bin/../lib/gcc/arm-linux/3.4.4/../../../../arm-linux/lib/crti.o
 *(SORT(.rel.bss) .rel.bss.* .rel.gnu.linkonce.b.*)

.rela.dyn
 *(SORT(.rela.init))
 *(SORT(.rela.text) .rela.text.* .rela.gnu.linkonce.t.*)
 *(SORT(.rela.fini))
 *(SORT(.rela.rodata) .rela.rodata.* .rela.gnu.linkonce.r.*)
 *(SORT(.rela.data) .rela.data.* .rela.gnu.linkonce.d.*)
 *(SORT(.rela.tdata) .rela.tdata.* .rela.gnu.linkonce.td.*)
 *(SORT(.rela.tbss) .rela.tbss.* .rela.gnu.linkonce.tb.*)
 *(SORT(.rela.ctors))
 *(SORT(.rela.dtors))
 *(SORT(.rela.got))
 *(SORT(.rela.bss) .rela.bss.* .rela.gnu.linkonce.b.*)

.rel.plt        0x000098d0     0x1378
 *(SORT(.rel.plt))
 .rel.plt       0x000098d0     0x1378 /root/ATEN/source/OEM/STD_V317_LOGO/STD_X9_237_Security_X10/SDK/ToolChain/Host/HERMON/gcc-3.4.4-glibc-2.3.5-armv4/arm-linux/bin/../lib/gcc/arm-linux/3.4.4/../../../../arm-linux/lib/crti.o

.rela.plt
 *(SORT(.rela.plt))

.init           0x0000ac48       0x14
 *(SORT(.init))
 .init          0x0000ac48        0x8 /root/ATEN/source/OEM/STD_V317_LOGO/STD_X9_237_Security_X10/SDK/ToolChain/Host/HERMON/gcc-3.4.4-glibc-2.3.5-armv4/arm-linux/bin/../lib/gcc/arm-linux/3.4.4/../../../../arm-linux/lib/crti.o
                0x0000ac48                _init
 .init          0x0000ac50        0x4 /root/ATEN/source/OEM/STD_V317_LOGO/STD_X9_237_Security_X10/SDK/ToolChain/Host/HERMON/gcc-3.4.4-glibc-2.3.5-armv4/arm-linux/bin/../lib/gcc/arm-linux/3.4.4/crtbeginS.o
 .init          0x0000ac54        0x4 /root/ATEN/source/OEM/STD_V317_LOGO/STD_X9_237_Security_X10/SDK/ToolChain/Host/HERMON/gcc-3.4.4-glibc-2.3.5-armv4/arm-linux/bin/../lib/gcc/arm-linux/3.4.4/crtendS.o
 .init          0x0000ac58        0x4 /root/ATEN/source/OEM/STD_V317_LOGO/STD_X9_237_Security_X10/SDK/ToolChain/Host/HERMON/gcc-3.4.4-glibc-2.3.5-armv4/arm-linux/bin/../lib/gcc/arm-linux/3.4.4/../../../../arm-linux/lib/crtn.o

.plt            0x0000ac5c     0x1d48
 *(SORT(.plt))
 .plt           0x0000ac5c     0x1d48 /root/ATEN/source/OEM/STD_V317_LOGO/STD_X9_237_Security_X10/SDK/ToolChain/Host/HERMON/gcc-3.4.4-glibc-2.3.5-armv4/arm-linux/bin/../lib/gcc/arm-linux/3.4.4/../../../../arm-linux/lib/crti.o

.text           0x0000c9a4    0x50c60
 *(SORT(.text) .stub .text.* .gnu.linkonce.t.*)
 .text          0x0000c9a4       0x30 /root/ATEN/source/OEM/STD_V317_LOGO/STD_X9_237_Security_X10/SDK/ToolChain/Host/HERMON/gcc-3.4.4-glibc-2.3.5-armv4/arm-linux/bin/../lib/gcc/arm-linux/3.4.4/../../../../arm-linux/lib/crti.o
 .text          0x0000c9d4      0x100 /root/ATEN/source/OEM/STD_V317_LOGO/STD_X9_237_Security_X10/SDK/ToolChain/Host/HERMON/gcc-3.4.4-glibc-2.3.5-armv4/arm-linux/bin/../lib/gcc/arm-linux/3.4.4/crtbeginS.o
 .text          0x0000cad4       0xf8 /root/ATEN/source/OEM/STD_V317_LOGO/STD_X9_237_Security_X10/SDK/ToolChain/Host/HERMON/gcc-3.4.4-glibc-2.3.5-armv4/arm-linux/bin/../lib/gcc/arm-linux/3.4.4/libgcc.a(_udivsi3.oS)
                0x0000cad4                __udivsi3
 .text          0x0000cbcc      0x128 /root/ATEN/source/OEM/STD_V317_LOGO/STD_X9_237_Security_X10/SDK/ToolChain/Host/HERMON/gcc-3.4.4-glibc-2.3.5-armv4/arm-linux/bin/../lib/gcc/arm-linux/3.4.4/libgcc.a(_divsi3.oS)
                0x0000cbcc                __divsi3
 .text          0x0000ccf4       0xcc /root/ATEN/source/OEM/STD_V317_LOGO/STD_X9_237_Security_X10/SDK/ToolChain/Host/HERMON/gcc-3.4.4-glibc-2.3.5-armv4/arm-linux/bin/../lib/gcc/arm-linux/3.4.4/libgcc.a(_umodsi3.oS)
                0x0000ccf4                __umodsi3
 .text          0x0000cdc0       0xe4 /root/ATEN/source/OEM/STD_V317_LOGO/STD_X9_237_Security_X10/SDK/ToolChain/Host/HERMON/gcc-3.4.4-glibc-2.3.5-armv4/arm-linux/bin/../lib/gcc/arm-linux/3.4.4/libgcc.a(_modsi3.oS)
                0x0000cdc0                __modsi3
 .text          0x0000cea4       0x1c /root/ATEN/source/OEM/STD_V317_LOGO/STD_X9_237_Security_X10/SDK/ToolChain/Host/HERMON/gcc-3.4.4-glibc-2.3.5-armv4/arm-linux/bin/../lib/gcc/arm-linux/3.4.4/libgcc.a(_dvmd_lnx.oS)
                0x0000cea4                __div0
 .text          0x0000cec0      0x388 /root/ATEN/source/OEM/STD_V317_LOGO/STD_X9_237_Security_X10/SDK/ToolChain/Host/HERMON/gcc-3.4.4-glibc-2.3.5-armv4/arm-linux/bin/../lib/gcc/arm-linux/3.4.4/libgcc.a(_addsubdf3.oS)
                0x0000d1d0                __floatsidf
                0x0000d1fc                __extendsfdf2
                0x0000cec4                __adddf3
                0x0000d1a8                __floatunsidf
                0x0000cec0                __subdf3
 .text          0x0000d248      0x4c4 /root/ATEN/source/OEM/STD_V317_LOGO/STD_X9_237_Security_X10/SDK/ToolChain/Host/HERMON/gcc-3.4.4-glibc-2.3.5-armv4/arm-linux/bin/../lib/gcc/arm-linux/3.4.4/libgcc.a(_muldivdf3.oS)
                0x0000d4a0                __divdf3
                0x0000d248                __muldf3
 .text          0x0000d70c       0xa4 /root/ATEN/source/OEM/STD_V317_LOGO/STD_X9_237_Security_X10/SDK/ToolChain/Host/HERMON/gcc-3.4.4-glibc-2.3.5-armv4/arm-linux/bin/../lib/gcc/arm-linux/3.4.4/libgcc.a(_cmpdf2.oS)
                0x0000d71c                __cmpdf2
                0x0000d71c                __eqdf2
                0x0000d70c                __gtdf2
                0x0000d714                __ltdf2
                0x0000d714                __ledf2
                0x0000d71c                __nedf2
                0x0000d70c                __gedf2
 .text          0x0000d7b0       0x80 /root/ATEN/source/OEM/STD_V317_LOGO/STD_X9_237_Security_X10/SDK/ToolChain/Host/HERMON/gcc-3.4.4-glibc-2.3.5-armv4/arm-linux/bin/../lib/gcc/arm-linux/3.4.4/libgcc.a(_fixdfsi.oS)
                0x0000d7b0                __fixdfsi
 .text          0x0000d830       0x74 /root/ATEN/source/OEM/STD_V317_LOGO/STD_X9_237_Security_X10/SDK/ToolChain/Host/HERMON/gcc-3.4.4-glibc-2.3.5-armv4/arm-linux/bin/../lib/gcc/arm-linux/3.4.4/libgcc.a(_fixunsdfsi.oS)
                0x0000d830                __fixunsdfsi
 .text          0x0000d8a4       0x50 /root/ATEN/source/OEM/STD_V317_LOGO/STD_X9_237_Security_X10/SDK/ToolChain/Host/HERMON/gcc-3.4.4-glibc-2.3.5-armv4/arm-linux/bin/../lib/gcc/arm-linux/3.4.4/libgcc.a(_lshrdi3.oS)
                0x0000d8a4                __lshrdi3
 .text          0x0000d8f4       0x50 /root/ATEN/source/OEM/STD_V317_LOGO/STD_X9_237_Security_X10/SDK/ToolChain/Host/HERMON/gcc-3.4.4-glibc-2.3.5-armv4/arm-linux/bin/../lib/gcc/arm-linux/3.4.4/libgcc.a(_ashldi3.oS)
                0x0000d8f4                __ashldi3
 .text          0x0000d944       0x50 /root/ATEN/source/OEM/STD_V317_LOGO/STD_X9_237_Security_X10/SDK/ToolChain/Host/HERMON/gcc-3.4.4-glibc-2.3.5-armv4/arm-linux/bin/../lib/gcc/arm-linux/3.4.4/libgcc.a(_ashrdi3.oS)
                0x0000d944                __ashrdi3
 .text          0x0000d994       0x30 /root/ATEN/source/OEM/STD_V317_LOGO/STD_X9_237_Security_X10/SDK/ToolChain/Host/HERMON/gcc-3.4.4-glibc-2.3.5-armv4/arm-linux/bin/../lib/gcc/arm-linux/3.4.4/libgcc.a(_cmpdi2.oS)
                0x0000d994                __cmpdi2
 .text          0x0000d9c4      0x5b4 /root/ATEN/source/OEM/STD_V317_LOGO/STD_X9_237_Security_X10/SDK/ToolChain/Host/HERMON/gcc-3.4.4-glibc-2.3.5-armv4/arm-linux/bin/../lib/gcc/arm-linux/3.4.4/libgcc.a(_divdi3.oS)
                0x0000d9c4                __divdi3
 .text          0x0000df78      0x604 /root/ATEN/source/OEM/STD_V317_LOGO/STD_X9_237_Security_X10/SDK/ToolChain/Host/HERMON/gcc-3.4.4-glibc-2.3.5-armv4/arm-linux/bin/../lib/gcc/arm-linux/3.4.4/libgcc.a(_moddi3.oS)
                0x0000df78                __moddi3
 .text          0x0000e57c      0x544 /root/ATEN/source/OEM/STD_V317_LOGO/STD_X9_237_Security_X10/SDK/ToolChain/Host/HERMON/gcc-3.4.4-glibc-2.3.5-armv4/arm-linux/bin/../lib/gcc/arm-linux/3.4.4/libgcc.a(_udivdi3.oS)
                0x0000e57c                __udivdi3
 .text          0x0000eac0      0x5a8 /root/ATEN/source/OEM/STD_V317_LOGO/STD_X9_237_Security_X10/SDK/ToolChain/Host/HERMON/gcc-3.4.4-glibc-2.3.5-armv4/arm-linux/bin/../lib/gcc/arm-linux/3.4.4/libgcc.a(_umoddi3.oS)
                0x0000eac0                __umoddi3
 .text          0x0000f068       0x34 /root/ATEN/source/OEM/STD_V317_LOGO/STD_X9_237_Security_X10/SDK/ToolChain/Host/HERMON/gcc-3.4.4-glibc-2.3.5-armv4/arm-linux/bin/../lib/gcc/arm-linux/3.4.4/../../../../arm-linux/lib/libc_nonshared.a(atexit.oST)
                0x0000f068                atexit
 .text          0x0000f09c       0x1c /root/ATEN/source/OEM/STD_V317_LOGO/STD_X9_237_Security_X10/SDK/ToolChain/Host/HERMON/gcc-3.4.4-glibc-2.3.5-armv4/arm-linux/bin/../lib/gcc/arm-linux/3.4.4/../../../../arm-linux/lib/libc_nonshared.a(stat64.oST)
                0x0000f09c                stat64
 .text          0x0000f0b8       0x1c /root/ATEN/source/OEM/STD_V317_LOGO/STD_X9_237_Security_X10/SDK/ToolChain/Host/HERMON/gcc-3.4.4-glibc-2.3.5-armv4/arm-linux/bin/../lib/gcc/arm-linux/3.4.4/../../../../arm-linux/lib/libc_nonshared.a(lstat64.oST)
                0x0000f0b8                lstat64
 .text          0x0000f0d4       0x4c /root/ATEN/source/OEM/STD_V317_LOGO/STD_X9_237_Security_X10/SDK/ToolChain/Host/HERMON/gcc-3.4.4-glibc-2.3.5-armv4/arm-linux/bin/../lib/gcc/arm-linux/3.4.4/crtendS.o
 .text.full_write2_str
                0x0000f120       0x20 libbb/lib.a(appletlib.o)
 .text.applet_name_compare
                0x0000f140       0x48 libbb/lib.a(appletlib.o)
 .text.find_applet_by_name
                0x0000f188       0x54 libbb/lib.a(appletlib.o)
                0x0000f188                find_applet_by_name
 .text.bb_show_usage
                0x0000f1dc      0x124 libbb/lib.a(appletlib.o)
                0x0000f1dc                bb_show_usage
 .text.lbb_prepare
                0x0000f300       0x8c libbb/lib.a(appletlib.o)
                0x0000f300                lbb_prepare
 .text.get_trimmed_slice
                0x0000f38c       0x44 libbb/lib.a(appletlib.o)
 .text.run_applet_no_and_exit
                0x0000f3d0      0x280 libbb/lib.a(appletlib.o)
                0x0000f3d0                run_applet_no_and_exit
 .text.run_applet_and_exit
                0x0000f650      0x30c libbb/lib.a(appletlib.o)
                0x0000f650                run_applet_and_exit
 .text.lbb_main
                0x0000f95c      0x478 libbb/lib.a(appletlib.o)
                0x0000f95c                lbb_main
 .text.bb_basename
                0x0000fdd4       0x20 libbb/lib.a(bb_basename.o)
                0x0000fdd4                bb_basename
 .text.ret_ERANGE
                0x0000fdf4       0x34 libbb/lib.a(bb_strtonum.o)
 .text.handle_errors
                0x0000fe28       0x70 libbb/lib.a(bb_strtonum.o)
 .text.bb_strtoull
                0x0000fe98       0x74 libbb/lib.a(bb_strtonum.o)
                0x0000fe98                bb_strtoull
 .text.bb_strtoll
                0x0000ff0c       0x7c libbb/lib.a(bb_strtonum.o)
                0x0000ff0c                bb_strtoll
 .text.bb_strtoul
                0x0000ff88       0x78 libbb/lib.a(bb_strtonum.o)
                0x0000ff88                bb_strtoul
 .text.bb_strtol
                0x00010000       0x80 libbb/lib.a(bb_strtonum.o)
                0x00010000                bb_strtol
 .text.concat_path_file
                0x00010080       0x70 libbb/lib.a(concat_path_file.o)
                0x00010080                concat_path_file
 .text.bb_error_msg_and_die
                0x000100f0       0x1c libbb/lib.a(error_msg_and_die.o)
                0x000100f0                bb_error_msg_and_die
 .text.full_write
                0x0001010c       0x54 libbb/lib.a(full_write.o)
                0x0001010c                full_write
 .text.bb_get_last_path_component_nostrip
                0x00010160       0x3c libbb/lib.a(get_last_path_component.o)
                0x00010160                bb_get_last_path_component_nostrip
 .text.bb_get_last_path_component_strip
                0x0001019c       0x50 libbb/lib.a(get_last_path_component.o)
                0x0001019c                bb_get_last_path_component_strip
 .text.last_char_is
                0x000101ec       0x3c libbb/lib.a(last_char_is.o)
                0x000101ec                last_char_is
 .text.bb_perror_msg
                0x00010228       0x4c libbb/lib.a(perror_msg.o)
                0x00010228                bb_perror_msg
 .text.bb_simple_perror_msg
                0x00010274       0x28 libbb/lib.a(perror_msg.o)
                0x00010274                bb_simple_perror_msg
 .text.bb_perror_msg_and_die
                0x0001029c       0x44 libbb/lib.a(perror_msg_and_die.o)
                0x0001029c                bb_perror_msg_and_die
 .text.bb_simple_perror_msg_and_die
                0x000102e0       0x20 libbb/lib.a(perror_msg_and_die.o)
                0x000102e0                bb_simple_perror_msg_and_die
 .text.safe_write
                0x00010300       0x54 libbb/lib.a(safe_write.o)
                0x00010300                safe_write
 .text.skip_whitespace
                0x00010354       0x28 libbb/lib.a(skip_whitespace.o)
                0x00010354                skip_whitespace
 .text.skip_non_whitespace
                0x0001037c       0x30 libbb/lib.a(skip_whitespace.o)
                0x0001037c                skip_non_whitespace
 .text.bb_verror_msg
                0x000103ac      0x1e0 libbb/lib.a(verror_msg.o)
                0x000103ac                bb_verror_msg
 .text.fopen_or_warn
                0x0001058c       0x44 libbb/lib.a(wfopen.o)
                0x0001058c                fopen_or_warn
 .text.fopen_for_read
                0x000105d0       0x24 libbb/lib.a(wfopen.o)
                0x000105d0                fopen_for_read
 .text.xfopen_for_read
                0x000105f4       0x24 libbb/lib.a(wfopen.o)
                0x000105f4                xfopen_for_read
 .text.fopen_for_write
                0x00010618       0x24 libbb/lib.a(wfopen.o)
                0x00010618                fopen_for_write
 .text.xfopen_for_write
                0x0001063c       0x24 libbb/lib.a(wfopen.o)
                0x0001063c                xfopen_for_write
 .text.xfunc_die
                0x00010660       0x3c libbb/lib.a(xfunc_die.o)
                0x00010660                xfunc_die
 .text.ndelay_on
                0x0001069c       0x24 libbb/lib.a(xfuncs.o)
                0x0001069c                ndelay_on
 .text.ndelay_off
                0x000106c0       0x24 libbb/lib.a(xfuncs.o)
                0x000106c0                ndelay_off
 .text.close_on_exec_on
                0x000106e4        0xc libbb/lib.a(xfuncs.o)
                0x000106e4                close_on_exec_on
 .text.smart_ulltoa4
                0x000106f0      0x1cc libbb/lib.a(xfuncs.o)
                0x000106f0                smart_ulltoa4
 .text.smart_ulltoa5
                0x000108bc      0x23c libbb/lib.a(xfuncs.o)
                0x000108bc                smart_ulltoa5
 .text.utoa_to_buf
                0x00010af8       0x84 libbb/lib.a(xfuncs.o)
                0x00010af8                utoa_to_buf
 .text.itoa_to_buf
                0x00010b7c       0x28 libbb/lib.a(xfuncs.o)
                0x00010b7c                itoa_to_buf
 .text.utoa     0x00010ba4       0x38 libbb/lib.a(xfuncs.o)
                0x00010ba4                utoa
 .text.itoa     0x00010bdc       0x38 libbb/lib.a(xfuncs.o)
                0x00010bdc                itoa
 .text.bin2hex  0x00010c14       0x5c libbb/lib.a(xfuncs.o)
                0x00010c14                bin2hex
 .text.get_terminal_width_height
                0x00010c70      0x100 libbb/lib.a(xfuncs.o)
                0x00010c70                get_terminal_width_height
 .text.malloc_or_warn
                0x00010d70       0x48 libbb/lib.a(xfuncs_printf.o)
                0x00010d70                malloc_or_warn
 .text.xmalloc  0x00010db8       0x40 libbb/lib.a(xfuncs_printf.o)
                0x00010db8                xmalloc
 .text.xrealloc
                0x00010df8       0x40 libbb/lib.a(xfuncs_printf.o)
                0x00010df8                xrealloc
 .text.xzalloc  0x00010e38       0x24 libbb/lib.a(xfuncs_printf.o)
                0x00010e38                xzalloc
 .text.xstrdup  0x00010e5c       0x38 libbb/lib.a(xfuncs_printf.o)
                0x00010e5c                xstrdup
 .text.xstrndup
                0x00010e94       0x58 libbb/lib.a(xfuncs_printf.o)
                0x00010e94                xstrndup
 .text.xfopen   0x00010eec       0x34 libbb/lib.a(xfuncs_printf.o)
                0x00010eec                xfopen
 .text.xopen3   0x00010f20       0x34 libbb/lib.a(xfuncs_printf.o)
                0x00010f20                xopen3
 .text.xopen    0x00010f54        0xc libbb/lib.a(xfuncs_printf.o)
                0x00010f54                xopen
 .text.open3_or_warn
                0x00010f60       0x38 libbb/lib.a(xfuncs_printf.o)
                0x00010f60                open3_or_warn
 .text.open_or_warn
                0x00010f98        0xc libbb/lib.a(xfuncs_printf.o)
                0x00010f98                open_or_warn
 .text.xunlink  0x00010fa4       0x34 libbb/lib.a(xfuncs_printf.o)
                0x00010fa4                xunlink
 .text.xrename  0x00010fd8       0x3c libbb/lib.a(xfuncs_printf.o)
                0x00010fd8                xrename
 .text.rename_or_warn
                0x00011014       0x40 libbb/lib.a(xfuncs_printf.o)
                0x00011014                rename_or_warn
 .text.xpipe    0x00011054       0x2c libbb/lib.a(xfuncs_printf.o)
                0x00011054                xpipe
 .text.xdup2    0x00011080       0x30 libbb/lib.a(xfuncs_printf.o)
                0x00011080                xdup2
 .text.xmove_fd
                0x000110b0       0x20 libbb/lib.a(xfuncs_printf.o)
                0x000110b0                xmove_fd
 .text.xwrite   0x000110d0       0x34 libbb/lib.a(xfuncs_printf.o)
                0x000110d0                xwrite
 .text.xlseek   0x00011104       0x5c libbb/lib.a(xfuncs_printf.o)
                0x00011104                xlseek
 .text.die_if_ferror
                0x00011160       0x34 libbb/lib.a(xfuncs_printf.o)
                0x00011160                die_if_ferror
 .text.die_if_ferror_stdout
                0x00011194       0x34 libbb/lib.a(xfuncs_printf.o)
                0x00011194                die_if_ferror_stdout
 .text.xfflush_stdout
                0x000111c8       0x3c libbb/lib.a(xfuncs_printf.o)
                0x000111c8                xfflush_stdout
 .text.bb_putchar
                0x00011204       0x28 libbb/lib.a(xfuncs_printf.o)
                0x00011204                bb_putchar
 .text.xprint_and_close_file
                0x0001122c       0x54 libbb/lib.a(xfuncs_printf.o)
                0x0001122c                xprint_and_close_file
 .text.xasprintf
                0x00011280       0x50 libbb/lib.a(xfuncs_printf.o)
                0x00011280                xasprintf
 .text.xsetenv  0x000112d0       0x30 libbb/lib.a(xfuncs_printf.o)
                0x000112d0                xsetenv
 .text.xsetgid  0x00011300       0x2c libbb/lib.a(xfuncs_printf.o)
                0x00011300                xsetgid
 .text.xsetuid  0x0001132c       0x2c libbb/lib.a(xfuncs_printf.o)
                0x0001132c                xsetuid
 .text.xchdir   0x00011358       0x34 libbb/lib.a(xfuncs_printf.o)
                0x00011358                xchdir
 .text.xchroot  0x0001138c       0x34 libbb/lib.a(xfuncs_printf.o)
                0x0001138c                xchroot
 .text.warn_opendir
                0x000113c0       0x38 libbb/lib.a(xfuncs_printf.o)
                0x000113c0                warn_opendir
 .text.xopendir
                0x000113f8       0x34 libbb/lib.a(xfuncs_printf.o)
                0x000113f8                xopendir
 .text.xsocket  0x0001142c       0x2c libbb/lib.a(xfuncs_printf.o)
                0x0001142c                xsocket
 .text.xbind    0x00011458       0x2c libbb/lib.a(xfuncs_printf.o)
                0x00011458                xbind
 .text.xlisten  0x00011484       0x2c libbb/lib.a(xfuncs_printf.o)
                0x00011484                xlisten
 .text.xsendto  0x000114b0       0x44 libbb/lib.a(xfuncs_printf.o)
                0x000114b0                xsendto
 .text.xstat    0x000114f4       0x40 libbb/lib.a(xfuncs_printf.o)
                0x000114f4                xstat
 .text.selinux_or_die
                0x00011534       0x20 libbb/lib.a(xfuncs_printf.o)
                0x00011534                selinux_or_die
 .text.ioctl_or_perror_and_die
                0x00011554       0x58 libbb/lib.a(xfuncs_printf.o)
                0x00011554                ioctl_or_perror_and_die
 .text.ioctl_or_perror
                0x000115ac       0x58 libbb/lib.a(xfuncs_printf.o)
                0x000115ac                ioctl_or_perror
 .text.bb_ioctl_or_warn
                0x00011604       0x20 libbb/lib.a(xfuncs_printf.o)
                0x00011604                bb_ioctl_or_warn
 .text.bb_xioctl
                0x00011624       0x1c libbb/lib.a(xfuncs_printf.o)
                0x00011624                bb_xioctl
 .text.xmalloc_readlink
                0x00011640       0x68 libbb/lib.a(xreadlink.o)
                0x00011640                xmalloc_readlink
 .text.xmalloc_follow_symlinks
                0x000116a8       0xcc libbb/lib.a(xreadlink.o)
                0x000116a8                xmalloc_follow_symlinks
 .text.xmalloc_readlink_or_warn
                0x00011774       0x38 libbb/lib.a(xreadlink.o)
                0x00011774                xmalloc_readlink_or_warn
 .text.bb_full_fd_action
                0x000117ac      0x124 libbb/lib.a(copyfd.o)
 .text.bb_copyfd_size
                0x000118d0       0x18 libbb/lib.a(copyfd.o)
                0x000118d0                bb_copyfd_size
 .text.bb_copyfd_exact_size
                0x000118e8       0x50 libbb/lib.a(copyfd.o)
                0x000118e8                bb_copyfd_exact_size
 .text.bb_copyfd_eof
                0x00011938        0xc libbb/lib.a(copyfd.o)
                0x00011938                bb_copyfd_eof
 .text.bb_error_msg
                0x00011944       0x24 libbb/lib.a(error_msg.o)
                0x00011944                bb_error_msg
 .text.safe_read
                0x00011968       0x54 libbb/lib.a(read.o)
                0x00011968                safe_read
 .text.nonblock_safe_read
                0x000119bc       0x7c libbb/lib.a(read.o)
                0x000119bc                nonblock_safe_read
 .text.full_read
                0x00011a38       0x58 libbb/lib.a(read.o)
                0x00011a38                full_read
 .text.xread    0x00011a90       0x34 libbb/lib.a(read.o)
                0x00011a90                xread
 .text.xread_char
                0x00011ac4       0x20 libbb/lib.a(read.o)
                0x00011ac4                xread_char
 .text.xmalloc_reads
                0x00011ae4       0xd0 libbb/lib.a(read.o)
                0x00011ae4                xmalloc_reads
 .text.read_close
                0x00011bb4       0x20 libbb/lib.a(read.o)
                0x00011bb4                read_close
 .text.open_read_close
                0x00011bd4       0x2c libbb/lib.a(read.o)
                0x00011bd4                open_read_close
 .text.xmalloc_read
                0x00011c00       0xf8 libbb/lib.a(read.o)
                0x00011c00                xmalloc_read
 .text.xmalloc_open_read_close
                0x00011cf8       0x38 libbb/lib.a(read.o)
                0x00011cf8                xmalloc_open_read_close
 .text.xmalloc_xopen_read_close
                0x00011d30       0x34 libbb/lib.a(read.o)
                0x00011d30                xmalloc_xopen_read_close
 .text.open_zipped
                0x00011d64      0x11c libbb/lib.a(read.o)
                0x00011d64                open_zipped
 .text.xmalloc_open_zipped_read_close
                0x00011e80       0x58 libbb/lib.a(read.o)
                0x00011e80                xmalloc_open_zipped_read_close
 .text.safe_poll
                0x00011ed8       0x78 libbb/lib.a(safe_poll.o)
                0x00011ed8                safe_poll
 .text.alarm_handler
                0x00011f50       0x50 loginutils/lib.a(login.o)
 .text.login_main
                0x00011fa0      0x438 loginutils/lib.a(login.o)
                0x00011fa0                login_main
 .text.nuke_str
                0x000123d8       0x24 loginutils/lib.a(passwd.o)
 .text.passwd_main
                0x000123fc      0x504 loginutils/lib.a(passwd.o)
                0x000123fc                passwd_main
 .text.bbconfig_main
                0x00012900       0x28 miscutils/lib.a(bbconfig.o)
                0x00012900                bbconfig_main
 .text.mountpoint_main
                0x00012928      0x270 miscutils/lib.a(mountpoint.o)
                0x00012928                mountpoint_main
 .text.mt_main  0x00012b98      0x170 miscutils/lib.a(mt.o)
                0x00012b98                mt_main
 .text.read_byte
                0x00012d08       0x3c miscutils/lib.a(rx.o)
 .text.sigalrm_handler
                0x00012d44        0x4 miscutils/lib.a(rx.o)
 .text.rx_main  0x00012d48      0x458 miscutils/lib.a(rx.o)
                0x00012d48                rx_main
 .text.setsid_main
                0x000131a0       0x40 miscutils/lib.a(setsid.o)
                0x000131a0                setsid_main
 .text.check_module_name_match
                0x000131e0       0x64 modutils/lib.a(insmod.o)
 .text.arch_new_section
                0x00013244        0x8 modutils/lib.a(insmod.o)
 .text.arch_new_symbol
                0x0001324c        0x8 modutils/lib.a(insmod.o)
 .text.arch_single_init
                0x00013254       0x2c modutils/lib.a(insmod.o)
 .text.obj_find_section
                0x00013280       0x54 modutils/lib.a(insmod.o)
 .text.obj_find_symbol
                0x000132d4       0x64 modutils/lib.a(insmod.o)
 .text.obj_elf_hash_n
                0x00013338       0x30 modutils/lib.a(insmod.o)
 .text.obj_elf_hash
                0x00013368       0x1c modutils/lib.a(insmod.o)
 .text.ncv_strcmp
                0x00013384       0xa0 modutils/lib.a(insmod.o)
 .text.ncv_symbol_hash
                0x00013424       0x40 modutils/lib.a(insmod.o)
 .text.obj_add_symbol
                0x00013464      0x21c modutils/lib.a(insmod.o)
 .text.obj_symbol_final_value
                0x00013680       0x34 modutils/lib.a(insmod.o)
 .text.obj_load_order_prio
                0x000136b4       0x88 modutils/lib.a(insmod.o)
 .text.obj_insert_section_load_order
                0x0001373c       0x54 modutils/lib.a(insmod.o)
 .text.obj_create_alloced_section
                0x00013790       0x90 modutils/lib.a(insmod.o)
 .text.obj_extend_section
                0x00013820       0x34 modutils/lib.a(insmod.o)
 .text.arch_xsect_init
                0x00013854       0x54 modutils/lib.a(insmod.o)
 .text.obj_gpl_license
                0x000138a8       0xdc modutils/lib.a(insmod.o)
 .text.add_symbols_from
                0x00013984       0xec modutils/lib.a(insmod.o)
 .text.get_modinfo_value
                0x00013a70       0xe0 modutils/lib.a(insmod.o)
 .text.obj_string_patch
                0x00013b50       0xa8 modutils/lib.a(insmod.o)
 .text.new_process_module_arguments
                0x00013bf8      0x5c4 modutils/lib.a(insmod.o)
 .text.new_get_module_version
                0x000141bc       0xcc modutils/lib.a(insmod.o)
 .text.obj_symbol_patch
                0x00014288       0x30 modutils/lib.a(insmod.o)
 .text.new_add_ksymtab
                0x000142b8       0xb4 modutils/lib.a(insmod.o)
 .text.new_create_module_ksymtab
                0x0001436c      0x248 modutils/lib.a(insmod.o)
 .text.obj_allocate_commons
                0x000145b4      0x27c modutils/lib.a(insmod.o)
 .text.obj_load
                0x00014830      0x428 modutils/lib.a(insmod.o)
 .text.set_tainted
                0x00014c58       0xe8 modutils/lib.a(insmod.o)
 .text.print_load_map
                0x00014d40      0x294 modutils/lib.a(insmod.o)
 .text.insmod_main
                0x00014fd4     0x19c8 modutils/lib.a(insmod.o)
                0x00014fd4                insmod_main
 .text.lsmod_main
                0x0001699c      0x21c modutils/lib.a(lsmod.o)
                0x0001699c                lsmod_main
 .text.rmmod_main
                0x00016bb8      0x17c modutils/lib.a(rmmod.o)
                0x00016bb8                rmmod_main
 .text.arp_main
                0x00016d34      0xb48 networking/lib.a(arp.o)
                0x00016d34                arp_main
 .text.finish   0x0001787c       0xc8 networking/lib.a(arping.o)
 .text.catcher  0x00017944      0x1c0 networking/lib.a(arping.o)
 .text.arping_main
                0x00017b04      0x904 networking/lib.a(arping.o)
                0x00017b04                arping_main
 .text.do_sethostname
                0x00018408       0xd0 networking/lib.a(hostname.o)
 .text.hostname_main
                0x000184d8      0x148 networking/lib.a(hostname.o)
                0x000184d8                hostname_main
 .text.ifconfig_main
                0x00018620      0x5c8 networking/lib.a(ifconfig.o)
                0x00018620                ifconfig_main
 .text.strncpy_IFNAMSIZ
                0x00018be8        0x8 networking/lib.a(ifenslave.o)
 .text.ioctl_on_skfd
                0x00018bf0       0x10 networking/lib.a(ifenslave.o)
 .text.set_ifrname_and_do_ioctl
                0x00018c00       0x28 networking/lib.a(ifenslave.o)
 .text.get_if_settings
                0x00018c28       0x54 networking/lib.a(ifenslave.o)
 .text.get_slave_flags
                0x00018c7c       0x38 networking/lib.a(ifenslave.o)
 .text.set_hwaddr
                0x00018cb4       0x34 networking/lib.a(ifenslave.o)
 .text.set_mtu  0x00018ce8       0x28 networking/lib.a(ifenslave.o)
 .text.set_if_flags
                0x00018d10       0x28 networking/lib.a(ifenslave.o)
 .text.set_if_up
                0x00018d38       0x3c networking/lib.a(ifenslave.o)
 .text.set_if_down
                0x00018d74       0x3c networking/lib.a(ifenslave.o)
 .text.enslave  0x00018db0      0x2f0 networking/lib.a(ifenslave.o)
 .text.get_drv_info
                0x000190a0      0x104 networking/lib.a(ifenslave.o)
 .text.ifenslave_main
                0x000191a4      0x364 networking/lib.a(ifenslave.o)
                0x000191a4                ifenslave_main
 .text.addstr   0x00019508       0x54 networking/lib.a(ifupdown.o)
 .text.strncmpz
                0x0001955c       0x20 networking/lib.a(ifupdown.o)
 .text.get_var  0x0001957c       0xd8 networking/lib.a(ifupdown.o)
 .text.execute  0x00019654      0x3cc networking/lib.a(ifupdown.o)
 .text.loopback_up6
                0x00019a20       0x60 networking/lib.a(ifupdown.o)
 .text.loopback_down6
                0x00019a80       0x30 networking/lib.a(ifupdown.o)
 .text.static_up6
                0x00019ab0       0x7c networking/lib.a(ifupdown.o)
 .text.static_down6
                0x00019b2c       0x30 networking/lib.a(ifupdown.o)
 .text.v4tunnel_up
                0x00019b5c       0x98 networking/lib.a(ifupdown.o)
 .text.v4tunnel_down
                0x00019bf4       0x30 networking/lib.a(ifupdown.o)
 .text.loopback_up
                0x00019c24       0x60 networking/lib.a(ifupdown.o)
 .text.loopback_down
                0x00019c84       0x60 networking/lib.a(ifupdown.o)
 .text.static_up
                0x00019ce4       0x7c networking/lib.a(ifupdown.o)
 .text.static_down
                0x00019d60       0x60 networking/lib.a(ifupdown.o)
 .text.dhcp_up  0x00019dc0       0x54 networking/lib.a(ifupdown.o)
 .text.dhcp_down
                0x00019e14       0x60 networking/lib.a(ifupdown.o)
 .text.manual_up_down
                0x00019e74        0x8 networking/lib.a(ifupdown.o)
 .text.bootp_up
                0x00019e7c       0x30 networking/lib.a(ifupdown.o)
 .text.ppp_up   0x00019eac       0x30 networking/lib.a(ifupdown.o)
 .text.ppp_down
                0x00019edc       0x30 networking/lib.a(ifupdown.o)
 .text.wvdial_up
                0x00019f0c       0x30 networking/lib.a(ifupdown.o)
 .text.wvdial_down
                0x00019f3c       0x30 networking/lib.a(ifupdown.o)
 .text.next_word
                0x00019f6c       0x64 networking/lib.a(ifupdown.o)
 .text.setlocalenv
                0x00019fd0       0xac networking/lib.a(ifupdown.o)
 .text.set_environ
                0x0001a07c      0x1f4 networking/lib.a(ifupdown.o)
 .text.doit     0x0001a270       0xd4 networking/lib.a(ifupdown.o)
 .text.execute_all
                0x0001a344       0x84 networking/lib.a(ifupdown.o)
 .text.check    0x0001a3c8        0xc networking/lib.a(ifupdown.o)
 .text.iface_up
                0x0001a3d4       0xac networking/lib.a(ifupdown.o)
 .text.iface_down
                0x0001a480       0xac networking/lib.a(ifupdown.o)
 .text.popen2   0x0001a52c      0x104 networking/lib.a(ifupdown.o)
 .text.find_iface_state
                0x0001a630       0x64 networking/lib.a(ifupdown.o)
 .text.read_iface_state
                0x0001a694       0x80 networking/lib.a(ifupdown.o)
 .text.ifupdown_main
                0x0001a714      0xb58 networking/lib.a(ifupdown.o)
                0x0001a714                ifupdown_main
 .text.INET_sprint
                0x0001b26c       0x6c networking/lib.a(interface.o)
 .text.INET_input
                0x0001b2d8        0x8 networking/lib.a(interface.o)
 .text.INET6_sprint
                0x0001b2e0       0x68 networking/lib.a(interface.o)
 .text.INET6_input
                0x0001b348        0x4 networking/lib.a(interface.o)
 .text.UNSPEC_print
                0x0001b34c       0x7c networking/lib.a(interface.o)
 .text.UNSPEC_sprint
                0x0001b3c8       0x44 networking/lib.a(interface.o)
 .text.get_aftype
                0x0001b40c       0x5c networking/lib.a(interface.o)
                0x0001b40c                get_aftype
 .text.get_afntype
                0x0001b468       0x4c networking/lib.a(interface.o)
 .text.add_interface
                0x0001b4b4       0xac networking/lib.a(interface.o)
 .text.if_readconf
                0x0001b560       0xf0 networking/lib.a(interface.o)
 .text.if_readlist_proc
                0x0001b650      0x328 networking/lib.a(interface.o)
 .text.do_if_fetch
                0x0001b978      0x33c networking/lib.a(interface.o)
 .text.ether_print
                0x0001bcb4       0x68 networking/lib.a(interface.o)
 .text.hexchar2int
                0x0001bd1c       0x2c networking/lib.a(interface.o)
 .text.ether_input
                0x0001bd48       0xd8 networking/lib.a(interface.o)
 .text.get_hwtype
                0x0001be20       0x5c networking/lib.a(interface.o)
                0x0001be20                get_hwtype
 .text.get_hwntype
                0x0001be7c       0x4c networking/lib.a(interface.o)
                0x0001be7c                get_hwntype
 .text.print_bytes_scaled
                0x0001bec8       0xb0 networking/lib.a(interface.o)
 .text.ife_print
                0x0001bf78      0x64c networking/lib.a(interface.o)
 .text.in_ib    0x0001c5c4      0x114 networking/lib.a(interface.o)
                0x0001c5c4                in_ib
 .text.display_interfaces
                0x0001c6d8       0xe8 networking/lib.a(interface.o)
                0x0001c6d8                display_interfaces
 .text.ip_print_help
                0x0001c7c0        0x8 networking/lib.a(ip.o)
 .text.ip_do    0x0001c7c8       0x1c networking/lib.a(ip.o)
 .text.ipaddr_main
                0x0001c7e4       0x24 networking/lib.a(ip.o)
                0x0001c7e4                ipaddr_main
 .text.iplink_main
                0x0001c808       0x24 networking/lib.a(ip.o)
                0x0001c808                iplink_main
 .text.iproute_main
                0x0001c82c       0x24 networking/lib.a(ip.o)
                0x0001c82c                iproute_main
 .text.ip_main  0x0001c850       0x8c networking/lib.a(ip.o)
                0x0001c850                ip_main
 .text.build_ipv6_addr
                0x0001c8dc       0x7c networking/lib.a(netstat.o)
 .text.build_ipv4_addr
                0x0001c958       0x34 networking/lib.a(netstat.o)
 .text.ip_port_str
                0x0001c98c       0xb0 networking/lib.a(netstat.o)
 .text.scan_inet_proc_line
                0x0001ca3c       0xc8 networking/lib.a(netstat.o)
 .text.print_inet_line
                0x0001cb04       0xe4 networking/lib.a(netstat.o)
 .text.tcp_do_one
                0x0001cbe8       0x68 networking/lib.a(netstat.o)
 .text.udp_do_one
                0x0001cc50       0xdc networking/lib.a(netstat.o)
 .text.raw_do_one
                0x0001cd2c       0xac networking/lib.a(netstat.o)
 .text.unix_do_one
                0x0001cdd8      0x2e4 networking/lib.a(netstat.o)
 .text.do_info  0x0001d0bc       0x8c networking/lib.a(netstat.o)
 .text.netstat_main
                0x0001d148      0x29c networking/lib.a(netstat.o)
                0x0001d148                netstat_main
 .text.print_stats_and_exit
                0x0001d3e4      0x1a0 networking/lib.a(ping.o)
 .text.sendping_tail
                0x0001d584      0x134 networking/lib.a(ping.o)
 .text.sendping4
                0x0001d6b8      0x108 networking/lib.a(ping.o)
 .text.sendping6
                0x0001d7c0       0x9c networking/lib.a(ping.o)
 .text.unpack_tail
                0x0001d85c      0x184 networking/lib.a(ping.o)
 .text.ping_main
                0x0001d9e0      0x910 networking/lib.a(ping.o)
                0x0001d9e0                ping_main
 .text.ping6_main
                0x0001e2f0       0x2c networking/lib.a(ping.o)
                0x0001e2f0                ping6_main
 .text.kw_lookup
                0x0001e31c       0x74 networking/lib.a(route.o)
 .text.set_flags
                0x0001e390       0x6c networking/lib.a(route.o)
 .text.bb_displayroutes
                0x0001e3fc      0x214 networking/lib.a(route.o)
                0x0001e3fc                bb_displayroutes
 .text.route_main
                0x0001e610      0xa44 networking/lib.a(route.o)
                0x0001e610                route_main
 .text.uuencode
                0x0001f054      0x140 networking/lib.a(sendmail.o)
 .text.kill_helper
                0x0001f194       0x38 networking/lib.a(sendmail.o)
 .text.signal_handler
                0x0001f1cc       0x74 networking/lib.a(sendmail.o)
 .text.launch_helper
                0x0001f240       0xf8 networking/lib.a(sendmail.o)
 .text.smtp_checkp
                0x0001f338       0xf4 networking/lib.a(sendmail.o)
 .text.smtp_check
                0x0001f42c        0xc networking/lib.a(sendmail.o)
 .text.sane     0x0001f438       0x74 networking/lib.a(sendmail.o)
 .text.rcptto   0x0001f4ac       0x2c networking/lib.a(sendmail.o)
 .text.sendgetmail_main
                0x0001f4d8      0x6c4 networking/lib.a(sendmail.o)
                0x0001f4d8                sendgetmail_main
 .text.alarm_catcher
                0x0001fb9c       0xa0 networking/lib.a(telnetd.o)
 .text.make_new_session
                0x0001fc3c      0x274 networking/lib.a(telnetd.o)
 .text.free_session
                0x0001feb0       0xd8 networking/lib.a(telnetd.o)
 .text.handle_sigchld
                0x0001ff88       0x54 networking/lib.a(telnetd.o)
 .text.telnetd_main
                0x0001ffdc      0x850 networking/lib.a(telnetd.o)
                0x0001ffdc                telnetd_main
 .text.tftp_main
                0x0002082c      0x5b8 networking/lib.a(tftp.o)
                0x0002082c                tftp_main
 .text.ifaddrlist
                0x00020de4      0x1d0 networking/lib.a(traceroute.o)
 .text.setsin   0x00020fb4       0x28 networking/lib.a(traceroute.o)
 .text.in_cksum
                0x00020fdc       0x50 networking/lib.a(traceroute.o)
 .text.gethostinfo
                0x0002102c      0x108 networking/lib.a(traceroute.o)
 .text.freehostinfo
                0x00021134       0x24 networking/lib.a(traceroute.o)
 .text.traceroute_main
                0x00021158     0x1464 networking/lib.a(traceroute.o)
                0x00021158                traceroute_main
 .text.xfind_str
                0x000225bc       0x3c networking/lib.a(vconfig.o)
 .text.vconfig_main
                0x000225f8      0x168 networking/lib.a(vconfig.o)
                0x000225f8                vconfig_main
 .text.progressmeter
                0x00022760      0x4cc networking/lib.a(wget.o)
 .text.safe_fgets
                0x00022c2c       0x70 networking/lib.a(wget.o)
 .text.base64enc_512
                0x00022c9c       0x54 networking/lib.a(wget.o)
 .text.open_socket
                0x00022cf0       0x3c networking/lib.a(wget.o)
 .text.ftpcmd   0x00022d2c       0xd4 networking/lib.a(wget.o)
 .text.parse_url
                0x00022e00      0x1b0 networking/lib.a(wget.o)
 .text.gethdr   0x00022fb0      0x104 networking/lib.a(wget.o)
 .text.wget_main
                0x000230b4      0xbb0 networking/lib.a(wget.o)
                0x000230b4                wget_main
 .text.ip_parse_common_args
                0x00023c64      0x134 networking/libiproute/lib.a(ip_parse_common_args.o)
                0x00023c64                ip_parse_common_args
 .text.flush_update
                0x00023d98       0x5c networking/libiproute/lib.a(ipaddress.o)
 .text.print_addrinfo
                0x00023df4      0x5f8 networking/libiproute/lib.a(ipaddress.o)
 .text.store_nlmsg
                0x000243ec       0x70 networking/libiproute/lib.a(ipaddress.o)
 .text.ipaddr_list_or_flush
                0x0002445c      0xa10 networking/libiproute/lib.a(ipaddress.o)
                0x0002445c                ipaddr_list_or_flush
 .text.ipaddr_modify
                0x00024e6c      0x674 networking/libiproute/lib.a(ipaddress.o)
 .text.do_ipaddr
                0x000254e0       0x8c networking/libiproute/lib.a(ipaddress.o)
                0x000254e0                do_ipaddr
 .text.get_ctl_fd
                0x0002556c       0x50 networking/libiproute/lib.a(iplink.o)
 .text.parse_address
                0x000255bc       0x8c networking/libiproute/lib.a(iplink.o)
 .text.set_address
                0x00025648       0x64 networking/libiproute/lib.a(iplink.o)
 .text.die_must_be_on_off
                0x000256ac       0x20 networking/libiproute/lib.a(iplink.o)
 .text.ipaddr_list_link
                0x000256cc       0x30 networking/libiproute/lib.a(iplink.o)
 .text.do_iplink
                0x000256fc      0x4cc networking/libiproute/lib.a(iplink.o)
                0x000256fc                do_iplink
 .text.flush_update
                0x00025bc8       0x5c networking/libiproute/lib.a(iproute.o)
 .text.print_route
                0x00025c24      0x79c networking/libiproute/lib.a(iproute.o)
 .text.iproute_reset_filter
                0x000263c0       0x3c networking/libiproute/lib.a(iproute.o)
 .text.iproute_list_or_flush
                0x000263fc      0x5ec networking/libiproute/lib.a(iproute.o)
 .text.do_iproute
                0x000269e8      0xac4 networking/libiproute/lib.a(iproute.o)
                0x000269e8                do_iproute
 .text.rtnl_close
                0x000274ac        0x8 networking/libiproute/lib.a(libnetlink.o)
                0x000274ac                rtnl_close
 .text.xrtnl_open
                0x000274b4       0xd4 networking/libiproute/lib.a(libnetlink.o)
                0x000274b4                xrtnl_open
 .text.xrtnl_wilddump_request
                0x00027588       0x8c networking/libiproute/lib.a(libnetlink.o)
                0x00027588                xrtnl_wilddump_request
 .text.rtnl_send
                0x00027614       0x54 networking/libiproute/lib.a(libnetlink.o)
                0x00027614                rtnl_send
 .text.rtnl_dump_request
                0x00027668       0xb8 networking/libiproute/lib.a(libnetlink.o)
                0x00027668                rtnl_dump_request
 .text.xrtnl_dump_filter
                0x00027720      0x244 networking/libiproute/lib.a(libnetlink.o)
                0x00027720                xrtnl_dump_filter
 .text.rtnl_talk
                0x00027964      0x2e0 networking/libiproute/lib.a(libnetlink.o)
                0x00027964                rtnl_talk
 .text.addattr32
                0x00027c44       0x58 networking/libiproute/lib.a(libnetlink.o)
                0x00027c44                addattr32
 .text.addattr_l
                0x00027c9c       0x6c networking/libiproute/lib.a(libnetlink.o)
                0x00027c9c                addattr_l
 .text.rta_addattr32
                0x00027d08       0x58 networking/libiproute/lib.a(libnetlink.o)
                0x00027d08                rta_addattr32
 .text.rta_addattr_l
                0x00027d60       0x6c networking/libiproute/lib.a(libnetlink.o)
                0x00027d60                rta_addattr_l
 .text.parse_rtattr
                0x00027dcc       0x7c networking/libiproute/lib.a(libnetlink.o)
                0x00027dcc                parse_rtattr
 .text.ll_addr_n2a
                0x00027e48       0xcc networking/libiproute/lib.a(ll_addr.o)
                0x00027e48                ll_addr_n2a
 .text.ll_addr_a2n
                0x00027f14      0x100 networking/libiproute/lib.a(ll_addr.o)
                0x00027f14                ll_addr_a2n
 .text.find_by_index
                0x00028014       0x4c networking/libiproute/lib.a(ll_map.o)
 .text.ll_remember_index
                0x00028060      0x134 networking/libiproute/lib.a(ll_map.o)
                0x00028060                ll_remember_index
 .text.ll_idx_n2a
                0x00028194       0x60 networking/libiproute/lib.a(ll_map.o)
                0x00028194                ll_idx_n2a
 .text.ll_index_to_name
                0x000281f4       0x24 networking/libiproute/lib.a(ll_map.o)
                0x000281f4                ll_index_to_name
 .text.ll_index_to_flags
                0x00028218       0x24 networking/libiproute/lib.a(ll_map.o)
                0x00028218                ll_index_to_flags
 .text.xll_name_to_index
                0x0002823c       0x98 networking/libiproute/lib.a(ll_map.o)
                0x0002823c                xll_name_to_index
 .text.ll_init_map
                0x000282d4       0x48 networking/libiproute/lib.a(ll_map.o)
                0x000282d4                ll_init_map
 .text.ll_type_n2a
                0x0002831c       0x90 networking/libiproute/lib.a(ll_types.o)
                0x0002831c                ll_type_n2a
 .text.rtnl_tab_initialize
                0x000283ac       0xb0 networking/libiproute/lib.a(rt_names.o)
 .text.rtnl_rtprot_initialize
                0x0002845c       0x84 networking/libiproute/lib.a(rt_names.o)
 .text.rtnl_rtprot_n2a
                0x000284e0       0x88 networking/libiproute/lib.a(rt_names.o)
                0x000284e0                rtnl_rtprot_n2a
 .text.rtnl_rtprot_a2n
                0x00028568      0x104 networking/libiproute/lib.a(rt_names.o)
                0x00028568                rtnl_rtprot_a2n
 .text.rtnl_rtscope_initialize
                0x0002866c       0xa0 networking/libiproute/lib.a(rt_names.o)
 .text.rtnl_rtscope_n2a
                0x0002870c       0x88 networking/libiproute/lib.a(rt_names.o)
                0x0002870c                rtnl_rtscope_n2a
 .text.rtnl_rtscope_a2n
                0x00028794      0x104 networking/libiproute/lib.a(rt_names.o)
                0x00028794                rtnl_rtscope_a2n
 .text.rtnl_rtrealm_a2n
                0x00028898      0x144 networking/libiproute/lib.a(rt_names.o)
                0x00028898                rtnl_rtrealm_a2n
 .text.rtnl_rtdsfield_initialize
                0x000289dc       0x60 networking/libiproute/lib.a(rt_names.o)
 .text.rtnl_dsfield_n2a
                0x00028a3c       0x8c networking/libiproute/lib.a(rt_names.o)
                0x00028a3c                rtnl_dsfield_n2a
 .text.rtnl_dsfield_a2n
                0x00028ac8      0x104 networking/libiproute/lib.a(rt_names.o)
                0x00028ac8                rtnl_dsfield_a2n
 .text.rtnl_rtntype_n2a
                0x00028bcc      0x108 networking/libiproute/lib.a(rtm_map.o)
                0x00028bcc                rtnl_rtntype_n2a
 .text.rtnl_rtntype_a2n
                0x00028cd4      0x104 networking/libiproute/lib.a(rtm_map.o)
                0x00028cd4                rtnl_rtntype_a2n
 .text.get_rt_realms
                0x00028dd8       0xac networking/libiproute/lib.a(rtm_map.o)
                0x00028dd8                get_rt_realms
 .text.get_integer
                0x00028e84       0x64 networking/libiproute/lib.a(utils.o)
                0x00028e84                get_integer
 .text.get_unsigned
                0x00028ee8       0x64 networking/libiproute/lib.a(utils.o)
                0x00028ee8                get_unsigned
 .text.get_u32  0x00028f4c       0x64 networking/libiproute/lib.a(utils.o)
                0x00028f4c                get_u32
 .text.get_u16  0x00028fb0       0x78 networking/libiproute/lib.a(utils.o)
                0x00028fb0                get_u16
 .text.get_u8   0x00029028       0x70 networking/libiproute/lib.a(utils.o)
                0x00029028                get_u8
 .text.get_s16  0x00029098       0x80 networking/libiproute/lib.a(utils.o)
                0x00029098                get_s16
 .text.get_s8   0x00029118       0x78 networking/libiproute/lib.a(utils.o)
                0x00029118                get_s8
 .text.get_addr_1
                0x00029190      0x184 networking/libiproute/lib.a(utils.o)
                0x00029190                get_addr_1
 .text.get_prefix_1
                0x00029314      0x110 networking/libiproute/lib.a(utils.o)
                0x00029314                get_prefix_1
 .text.get_addr
                0x00029424       0x44 networking/libiproute/lib.a(utils.o)
                0x00029424                get_addr
 .text.get_prefix
                0x00029468       0x44 networking/libiproute/lib.a(utils.o)
                0x00029468                get_prefix
 .text.get_addr32
                0x000294ac       0x4c networking/libiproute/lib.a(utils.o)
                0x000294ac                get_addr32
 .text.incomplete_command
                0x000294f8       0x1c networking/libiproute/lib.a(utils.o)
                0x000294f8                incomplete_command
 .text.invarg   0x00029514       0x28 networking/libiproute/lib.a(utils.o)
                0x00029514                invarg
 .text.duparg   0x0002953c       0x28 networking/libiproute/lib.a(utils.o)
                0x0002953c                duparg
 .text.duparg2  0x00029564       0x28 networking/libiproute/lib.a(utils.o)
                0x00029564                duparg2
 .text.inet_addr_match
                0x0002958c       0x88 networking/libiproute/lib.a(utils.o)
                0x0002958c                inet_addr_match
 .text.rt_addr_n2a
                0x00029614       0x44 networking/libiproute/lib.a(utils.o)
                0x00029614                rt_addr_n2a
 .text.format_host
                0x00029658        0xc networking/libiproute/lib.a(utils.o)
                0x00029658                format_host
 .text.change_listen_mode
                0x00029664       0x4c networking/udhcp/lib.a(dhcpc.o)
 .text.perform_release
                0x000296b0       0xb8 networking/udhcp/lib.a(dhcpc.o)
 .text.client_background
                0x00029768       0x4c networking/udhcp/lib.a(dhcpc.o)
 .text.alloc_dhcp_option
                0x000297b4       0x58 networking/udhcp/lib.a(dhcpc.o)
 .text.udhcpc_main
                0x0002980c      0xb64 networking/udhcp/lib.a(dhcpc.o)
                0x0002980c                udhcpc_main
 .text.udhcp_get_option
                0x0002a370      0x120 networking/udhcp/lib.a(options.o)
                0x0002a370                udhcp_get_option
 .text.udhcp_end_option
                0x0002a490       0x3c networking/udhcp/lib.a(options.o)
                0x0002a490                udhcp_end_option
 .text.udhcp_add_option_string
                0x0002a4cc       0x80 networking/udhcp/lib.a(options.o)
                0x0002a4cc                udhcp_add_option_string
 .text.udhcp_add_simple_option
                0x0002a54c       0xac networking/udhcp/lib.a(options.o)
                0x0002a54c                udhcp_add_simple_option
 .text.udhcp_init_header
                0x0002a5f8       0x80 networking/udhcp/lib.a(packet.o)
                0x0002a5f8                udhcp_init_header
 .text.udhcp_recv_kernel_packet
                0x0002a678       0xec networking/udhcp/lib.a(packet.o)
                0x0002a678                udhcp_recv_kernel_packet
 .text.udhcp_checksum
                0x0002a764       0x70 networking/udhcp/lib.a(packet.o)
                0x0002a764                udhcp_checksum
 .text.udhcp_send_raw_packet
                0x0002a7d4      0x228 networking/udhcp/lib.a(packet.o)
                0x0002a7d4                udhcp_send_raw_packet
 .text.udhcp_send_kernel_packet
                0x0002a9fc      0x144 networking/udhcp/lib.a(packet.o)
                0x0002a9fc                udhcp_send_kernel_packet
 .text.sprintip
                0x0002ab40       0x4c networking/udhcp/lib.a(script.o)
 .text.udhcp_run_script
                0x0002ab8c      0x6c4 networking/udhcp/lib.a(script.o)
                0x0002ab8c                udhcp_run_script
 .text.signal_handler
                0x0002b250       0x50 networking/udhcp/lib.a(signalpipe.o)
 .text.udhcp_sp_setup
                0x0002b2a0       0x54 networking/udhcp/lib.a(signalpipe.o)
                0x0002b2a0                udhcp_sp_setup
 .text.udhcp_sp_fd_set
                0x0002b2f4       0x8c networking/udhcp/lib.a(signalpipe.o)
                0x0002b2f4                udhcp_sp_fd_set
 .text.udhcp_sp_read
                0x0002b380       0x60 networking/udhcp/lib.a(signalpipe.o)
                0x0002b380                udhcp_sp_read
 .text.udhcp_read_interface
                0x0002b3e0      0x13c networking/udhcp/lib.a(socket.o)
                0x0002b3e0                udhcp_read_interface
 .text.udhcp_listen_socket
                0x0002b51c       0xe0 networking/udhcp/lib.a(socket.o)
                0x0002b51c                udhcp_listen_socket
 .text.arpping  0x0002b5fc      0x200 networking/udhcp/lib.a(arpping.o)
                0x0002b5fc                arpping
 .text.random_xid
                0x0002b7fc       0x40 networking/udhcp/lib.a(clientpacket.o)
                0x0002b7fc                random_xid
 .text.init_packet
                0x0002b83c       0x90 networking/udhcp/lib.a(clientpacket.o)
 .text.add_param_req_option
                0x0002b8cc       0xd8 networking/udhcp/lib.a(clientpacket.o)
 .text.send_decline
                0x0002b9a4       0xb0 networking/udhcp/lib.a(clientpacket.o)
                0x0002b9a4                send_decline
 .text.send_discover
                0x0002ba54       0xb8 networking/udhcp/lib.a(clientpacket.o)
                0x0002ba54                send_discover
 .text.send_selecting
                0x0002bb0c       0xc4 networking/udhcp/lib.a(clientpacket.o)
                0x0002bb0c                send_selecting
 .text.send_renew
                0x0002bbd0       0xc0 networking/udhcp/lib.a(clientpacket.o)
                0x0002bbd0                send_renew
 .text.send_release
                0x0002bc90       0x7c networking/udhcp/lib.a(clientpacket.o)
                0x0002bc90                send_release
 .text.udhcp_recv_raw_packet
                0x0002bd0c      0x1cc networking/udhcp/lib.a(clientpacket.o)
                0x0002bd0c                udhcp_recv_raw_packet
 .text.raw_socket
                0x0002bed8       0x78 networking/udhcp/lib.a(clientsocket.o)
                0x0002bed8                raw_socket
 .text.dname_dec
                0x0002bf50      0x1a0 networking/udhcp/lib.a(domain_codec.o)
                0x0002bf50                dname_dec
 .text.dname_enc
                0x0002c0f0      0x1fc networking/udhcp/lib.a(domain_codec.o)
                0x0002c0f0                dname_enc
 .text.kill_main
                0x0002c2ec      0x364 procps/lib.a(kill.o)
                0x0002c2ec                kill_main
 .text.ps_main  0x0002c650      0x164 procps/lib.a(ps.o)
                0x0002c650                ps_main
 .text.pid_sort
                0x0002c7b4       0x10 procps/lib.a(top.o)
 .text.mem_sort
                0x0002c7c4       0x20 procps/lib.a(top.o)
 .text.pcpu_sort
                0x0002c7e4       0x10 procps/lib.a(top.o)
 .text.time_sort
                0x0002c7f4       0x20 procps/lib.a(top.o)
 .text.mult_lvl_cmp
                0x0002c814       0x54 procps/lib.a(top.o)
 .text.do_stats
                0x0002c868      0x248 procps/lib.a(top.o)
 .text.display_process_list
                0x0002cab0      0x66c procps/lib.a(top.o)
 .text.clearmems
                0x0002d11c       0x38 procps/lib.a(top.o)
 .text.reset_term
                0x0002d154       0x30 procps/lib.a(top.o)
 .text.sig_catcher
                0x0002d184       0x10 procps/lib.a(top.o)
 .text.top_main
                0x0002d194      0x414 procps/lib.a(top.o)
                0x0002d194                top_main
 .text.raise_exception
                0x0002d5a8       0x3c shell/lib.a(ash.o)
 .text.raise_interrupt
                0x0002d5e4       0x78 shell/lib.a(ash.o)
 .text.int_on   0x0002d65c       0x48 shell/lib.a(ash.o)
 .text.force_int_on
                0x0002d6a4       0x38 shell/lib.a(ash.o)
 .text.ignoresig
                0x0002d6dc       0x48 shell/lib.a(ash.o)
 .text.onsig    0x0002d724       0x5c shell/lib.a(ash.o)
 .text.outstr   0x0002d780       0x38 shell/lib.a(ash.o)
 .text.flush_stdout_stderr
                0x0002d7b8       0x5c shell/lib.a(ash.o)
 .text.flush_stderr
                0x0002d814       0x48 shell/lib.a(ash.o)
 .text.outcslow
                0x0002d85c       0x44 shell/lib.a(ash.o)
 .text.out1fmt  0x0002d8a0       0x54 shell/lib.a(ash.o)
 .text.fmtstr   0x0002d8f4       0x54 shell/lib.a(ash.o)
 .text.out1str  0x0002d948       0x28 shell/lib.a(ash.o)
 .text.out2str  0x0002d970       0x2c shell/lib.a(ash.o)
 .text.freefunc
                0x0002d99c       0x20 shell/lib.a(ash.o)
 .text.ash_vmsg
                0x0002d9bc       0xf8 shell/lib.a(ash.o)
 .text.ash_vmsg_and_raise
                0x0002dab4       0x1c shell/lib.a(ash.o)
 .text.ash_msg_and_raise_error
                0x0002dad0       0x14 shell/lib.a(ash.o)
 .text.ash_msg_and_raise
                0x0002dae4       0x10 shell/lib.a(ash.o)
 .text.ash_msg  0x0002daf4       0x20 shell/lib.a(ash.o)
 .text.errmsg   0x0002db14       0x14 shell/lib.a(ash.o)
 .text.ckrealloc
                0x0002db28       0x2c shell/lib.a(ash.o)
 .text.ckmalloc
                0x0002db54        0xc shell/lib.a(ash.o)
 .text.ckzalloc
                0x0002db60       0x1c shell/lib.a(ash.o)
 .text.ckstrdup
                0x0002db7c       0x2c shell/lib.a(ash.o)
 .text.stalloc  0x0002dba8       0xbc shell/lib.a(ash.o)
 .text.stzalloc
                0x0002dc64       0x1c shell/lib.a(ash.o)
 .text.stunalloc
                0x0002dc80       0x3c shell/lib.a(ash.o)
 .text.ststrdup
                0x0002dcbc       0x28 shell/lib.a(ash.o)
 .text.setstackmark
                0x0002dce4       0x3c shell/lib.a(ash.o)
 .text.popstackmark
                0x0002dd20       0xbc shell/lib.a(ash.o)
 .text.growstackblock
                0x0002dddc      0x134 shell/lib.a(ash.o)
 .text.growstackstr
                0x0002df10       0x64 shell/lib.a(ash.o)
 .text.makestrspace
                0x0002df74       0x58 shell/lib.a(ash.o)
 .text.stack_nputstr
                0x0002dfcc       0x2c shell/lib.a(ash.o)
 .text.stack_putstr
                0x0002dff8       0x24 shell/lib.a(ash.o)
 .text._STPUTC  0x0002e01c       0x44 shell/lib.a(ash.o)
 .text.prefix   0x0002e060       0x34 shell/lib.a(ash.o)
 .text.is_number
                0x0002e094       0x2c shell/lib.a(ash.o)
 .text.number   0x0002e0c0       0x3c shell/lib.a(ash.o)
 .text.single_quote
                0x0002e0fc       0xe4 shell/lib.a(ash.o)
 .text.nextopt  0x0002e1e0      0x138 shell/lib.a(ash.o)
 .text.freeparam
                0x0002e318       0x40 shell/lib.a(ash.o)
 .text.change_lc_all
                0x0002e358       0x20 shell/lib.a(ash.o)
 .text.change_lc_ctype
                0x0002e378       0x20 shell/lib.a(ash.o)
 .text.endofname
                0x0002e398       0x4c shell/lib.a(ash.o)
 .text.varcmp   0x0002e3e4       0x44 shell/lib.a(ash.o)
 .text.varequal
                0x0002e428       0x14 shell/lib.a(ash.o)
 .text.hashvar  0x0002e43c       0x60 shell/lib.a(ash.o)
 .text.vpcmp    0x0002e49c        0xc shell/lib.a(ash.o)
 .text.findvar  0x0002e4a8       0x40 shell/lib.a(ash.o)
 .text.lookupvar
                0x0002e4e8       0x5c shell/lib.a(ash.o)
 .text.bltinlookup
                0x0002e544       0x68 shell/lib.a(ash.o)
 .text.setvareq
                0x0002e5ac      0x12c shell/lib.a(ash.o)
 .text.setvar   0x0002e6d8       0xfc shell/lib.a(ash.o)
 .text.unsetvar
                0x0002e7d4       0xbc shell/lib.a(ash.o)
 .text.listsetvar
                0x0002e890       0x58 shell/lib.a(ash.o)
 .text.listvars
                0x0002e8e8       0xe4 shell/lib.a(ash.o)
 .text.padvance
                0x0002e9cc      0x12c shell/lib.a(ash.o)
 .text.setprompt
                0x0002eaf8       0x90 shell/lib.a(ash.o)
 .text.cdopt    0x0002eb88       0x48 shell/lib.a(ash.o)
 .text.setpwd   0x0002ebd0      0x114 shell/lib.a(ash.o)
 .text.cdcmd    0x0002ece4      0x430 shell/lib.a(ash.o)
 .text.pwdcmd   0x0002f114       0x68 shell/lib.a(ash.o)
 .text.SIT      0x0002f17c       0x94 shell/lib.a(ash.o)
 .text.__lookupalias
                0x0002f210       0x94 shell/lib.a(ash.o)
 .text.lookupalias
                0x0002f2a4       0x38 shell/lib.a(ash.o)
 .text.freealias
                0x0002f2dc       0x40 shell/lib.a(ash.o)
 .text.unalias  0x0002f31c       0x5c shell/lib.a(ash.o)
 .text.printalias
                0x0002f378       0x3c shell/lib.a(ash.o)
 .text.aliascmd
                0x0002f3b4      0x180 shell/lib.a(ash.o)
 .text.unaliascmd
                0x0002f534      0x138 shell/lib.a(ash.o)
 .text.setsignal
                0x0002f66c      0x1c0 shell/lib.a(ash.o)
 .text.set_curjob
                0x0002f82c       0x78 shell/lib.a(ash.o)
 .text.jobno    0x0002f8a4       0x44 shell/lib.a(ash.o)
 .text.getjob   0x0002f8e8      0x19c shell/lib.a(ash.o)
 .text.freejob  0x0002fa84       0x90 shell/lib.a(ash.o)
 .text.xtcsetpgrp
                0x0002fb14       0x2c shell/lib.a(ash.o)
 .text.setjobctl
                0x0002fb40      0x1d8 shell/lib.a(ash.o)
 .text.killcmd  0x0002fd18       0xac shell/lib.a(ash.o)
 .text.showpipe
                0x0002fdc4       0x68 shell/lib.a(ash.o)
 .text.sprint_status
                0x0002fe2c       0xe4 shell/lib.a(ash.o)
 .text.dowait   0x0002ff10      0x1e4 shell/lib.a(ash.o)
 .text.showjob  0x000300f4      0x200 shell/lib.a(ash.o)
 .text.showjobs
                0x000302f4       0x78 shell/lib.a(ash.o)
 .text.jobscmd  0x0003036c       0xac shell/lib.a(ash.o)
 .text.getstatus
                0x00030418       0x4c shell/lib.a(ash.o)
 .text.waitforjob
                0x00030464       0xa0 shell/lib.a(ash.o)
 .text.fg_bgcmd
                0x00030504      0x16c shell/lib.a(ash.o)
 .text.waitcmd  0x00030670      0x140 shell/lib.a(ash.o)
 .text.makejob  0x000307b0      0x1d0 shell/lib.a(ash.o)
 .text.cmdputs  0x00030980      0x218 shell/lib.a(ash.o)
 .text.cmdtxt   0x00030b98      0x378 shell/lib.a(ash.o)
 .text.cmdlist  0x00030f10       0x64 shell/lib.a(ash.o)
 .text.stoppedjobs
                0x00030f74       0x74 shell/lib.a(ash.o)
 .text.copyfd   0x00030fe8       0x70 shell/lib.a(ash.o)
 .text.need_to_remember
                0x00031058       0x44 shell/lib.a(ash.o)
 .text.is_hidden_fd
                0x0003109c       0x94 shell/lib.a(ash.o)
 .text.popredir
                0x00031130      0x100 shell/lib.a(ash.o)
 .text.clearredir
                0x00031230       0x44 shell/lib.a(ash.o)
 .text.cvtnum   0x00031274       0x68 shell/lib.a(ash.o)
 .text.esclen   0x000312dc       0x38 shell/lib.a(ash.o)
 .text._rmescapes
                0x00031314      0x150 shell/lib.a(ash.o)
 .text.preglob  0x00031464       0x10 shell/lib.a(ash.o)
 .text.memtodest
                0x00031474       0x90 shell/lib.a(ash.o)
 .text.recordregion
                0x00031504       0x8c shell/lib.a(ash.o)
 .text.removerecordregions
                0x00031590      0x164 shell/lib.a(ash.o)
 .text.scanleft
                0x000316f4       0x7c shell/lib.a(ash.o)
 .text.scanright
                0x00031770       0xa4 shell/lib.a(ash.o)
 .text.varunset
                0x00031814       0x84 shell/lib.a(ash.o)
 .text.addfname
                0x00031898       0x48 shell/lib.a(ash.o)
 .text.expmeta  0x000318e0      0x2e0 shell/lib.a(ash.o)
 .text.msort    0x00031bc0       0xbc shell/lib.a(ash.o)
 .text.tryexec  0x00031c7c       0xc0 shell/lib.a(ash.o)
 .text.shellexec
                0x00031d3c      0x13c shell/lib.a(ash.o)
 .text.clearcmdentry
                0x00031e78       0xc4 shell/lib.a(ash.o)
 .text.cmdlookup
                0x00031f3c       0xec shell/lib.a(ash.o)
 .text.delete_cmd_entry
                0x00032028       0x68 shell/lib.a(ash.o)
 .text.changepath
                0x00032090      0x11c shell/lib.a(ash.o)
 .text.tokname  0x000321ac       0x6c shell/lib.a(ash.o)
 .text.pstrcmp  0x00032218        0xc shell/lib.a(ash.o)
 .text.findkwd  0x00032224       0x48 shell/lib.a(ash.o)
 .text.sizenodelist
                0x0003226c       0x48 shell/lib.a(ash.o)
 .text.calcsize
                0x000322b4      0x154 shell/lib.a(ash.o)
 .text.nodeckstrdup
                0x00032408       0x50 shell/lib.a(ash.o)
 .text.copynodelist
                0x00032458       0x6c shell/lib.a(ash.o)
 .text.copynode
                0x000324c4      0x168 shell/lib.a(ash.o)
 .text.optschanged
                0x0003262c       0x70 shell/lib.a(ash.o)
 .text.localcmd
                0x0003269c      0x150 shell/lib.a(ash.o)
 .text.falsecmd
                0x000327ec        0x8 shell/lib.a(ash.o)
 .text.truecmd  0x000327f4        0x8 shell/lib.a(ash.o)
 .text.execcmd  0x000327fc       0x64 shell/lib.a(ash.o)
 .text.returncmd
                0x00032860       0x64 shell/lib.a(ash.o)
 .text.find_builtin
                0x000328c4       0x44 shell/lib.a(ash.o)
 .text.isassignment
                0x00032908       0x30 shell/lib.a(ash.o)
 .text.bltincmd
                0x00032938       0x24 shell/lib.a(ash.o)
 .text.evalbltin
                0x0003295c      0x120 shell/lib.a(ash.o)
 .text.goodname
                0x00032a7c       0x18 shell/lib.a(ash.o)
 .text.breakcmd
                0x00032a94       0x9c shell/lib.a(ash.o)
 .text.popstring
                0x00032b30       0xf8 shell/lib.a(ash.o)
 .text.pgetc    0x00032c28      0x330 shell/lib.a(ash.o)
 .text.pgetc2   0x00032f58       0x14 shell/lib.a(ash.o)
 .text.pungetc  0x00032f6c       0x44 shell/lib.a(ash.o)
 .text.pushstring
                0x00032fb0       0xcc shell/lib.a(ash.o)
 .text.pushfile
                0x0003307c       0x90 shell/lib.a(ash.o)
 .text.popfile  0x0003310c       0xd4 shell/lib.a(ash.o)
 .text.popallfiles
                0x000331e0       0x50 shell/lib.a(ash.o)
 .text.forkshell
                0x00033230      0x3b0 shell/lib.a(ash.o)
 .text.setinputfile
                0x000335e0      0x134 shell/lib.a(ash.o)
 .text.setinputstring
                0x00033714       0x90 shell/lib.a(ash.o)
 .text.setparam
                0x000337a4       0x9c shell/lib.a(ash.o)
 .text.options  0x00033840      0x340 shell/lib.a(ash.o)
 .text.shiftcmd
                0x00033b80       0xcc shell/lib.a(ash.o)
 .text.showvars
                0x00033c4c       0xe4 shell/lib.a(ash.o)
 .text.setcmd   0x00033d30       0x94 shell/lib.a(ash.o)
 .text.change_random
                0x00033dc4       0xc8 shell/lib.a(ash.o)
 .text.raise_error_syntax
                0x00033e8c       0x20 shell/lib.a(ash.o)
 .text.raise_error_unexpected_syntax
                0x00033eac       0x78 shell/lib.a(ash.o)
 .text.makename
                0x00033f24       0x4c shell/lib.a(ash.o)
 .text.fixredir
                0x00033f70       0x94 shell/lib.a(ash.o)
 .text.xxreadtoken
                0x00034004      0x1d8 shell/lib.a(ash.o)
 .text.readtoken
                0x000341dc      0x118 shell/lib.a(ash.o)
 .text.parsefname
                0x000342f4      0x160 shell/lib.a(ash.o)
 .text.peektoken
                0x00034454       0x40 shell/lib.a(ash.o)
 .text.list     0x00034494      0x1d4 shell/lib.a(ash.o)
 .text.readtoken1
                0x00034668     0x1078 shell/lib.a(ash.o)
 .text.parseheredoc
                0x000356e0       0xc0 shell/lib.a(ash.o)
 .text.parse_command
                0x000357a0      0x814 shell/lib.a(ash.o)
 .text.pipeline
                0x00035fb4       0xfc shell/lib.a(ash.o)
 .text.parsecmd
                0x000360b0       0x7c shell/lib.a(ash.o)
 .text.exitcmd  0x0003612c       0x4c shell/lib.a(ash.o)
 .text.trapcmd  0x00036178      0x158 shell/lib.a(ash.o)
 .text.exportcmd
                0x000362d0       0xd4 shell/lib.a(ash.o)
 .text.unsetcmd
                0x000363a4       0xa8 shell/lib.a(ash.o)
 .text.timescmd
                0x0003644c       0xc4 shell/lib.a(ash.o)
 .text.readcmd  0x00036510      0x52c shell/lib.a(ash.o)
 .text.umaskcmd
                0x00036a3c      0x1f0 shell/lib.a(ash.o)
 .text.printlim
                0x00036c2c       0x6c shell/lib.a(ash.o)
 .text.ulimitcmd
                0x00036c98      0x260 shell/lib.a(ash.o)
 .text.arith    0x00036ef8      0x8f4 shell/lib.a(ash.o)
 .text.dash_arith
                0x000377ec       0xac shell/lib.a(ash.o)
 .text.letcmd   0x00037898       0x50 shell/lib.a(ash.o)
 .text.argstr   0x000378e8      0x708 shell/lib.a(ash.o)
 .text.expandarg
                0x00037ff0      0x4f0 shell/lib.a(ash.o)
 .text.expredir
                0x000384e0       0xc4 shell/lib.a(ash.o)
 .text.redirect
                0x000385a4      0x5d4 shell/lib.a(ash.o)
 .text.redirectsafe
                0x00038b78       0xd0 shell/lib.a(ash.o)
 .text.evaltree
                0x00038c48      0x478 shell/lib.a(ash.o)
 .text.evalstring
                0x000390c0       0x94 shell/lib.a(ash.o)
 .text.evalcmd  0x00039154       0xac shell/lib.a(ash.o)
 .text.cmdloop  0x00039200      0x13c shell/lib.a(ash.o)
 .text.find_command
                0x0003933c      0x434 shell/lib.a(ash.o)
 .text.describe_command
                0x00039770      0x238 shell/lib.a(ash.o)
 .text.typecmd  0x000399a8       0x60 shell/lib.a(ash.o)
 .text.commandcmd
                0x00039a08       0x7c shell/lib.a(ash.o)
 .text.hashcmd  0x00039a84      0x1c8 shell/lib.a(ash.o)
 .text.evalpipe
                0x00039c4c      0x1cc shell/lib.a(ash.o)
 .text.dotcmd   0x00039e18      0x18c shell/lib.a(ash.o)
 .text.evalloop
                0x00039fa4      0x130 shell/lib.a(ash.o)
 .text.evalfun  0x0003a0d4      0x25c shell/lib.a(ash.o)
 .text.evalsubshell
                0x0003a330       0xe4 shell/lib.a(ash.o)
 .text.evalfor  0x0003a414      0x178 shell/lib.a(ash.o)
 .text.evalcommand
                0x0003a58c      0x634 shell/lib.a(ash.o)
 .text.subevalvar
                0x0003abc0      0x678 shell/lib.a(ash.o)
 .text.evalvar  0x0003b238      0x6f0 shell/lib.a(ash.o)
 .text.evalcase
                0x0003b928      0x1b0 shell/lib.a(ash.o)
 .text.arith_lookup_val
                0x0003bad8       0xc0 shell/lib.a(ash.o)
 .text.exitshell
                0x0003bb98       0x98 shell/lib.a(ash.o)
 .text.read_profile
                0x0003bc30       0x30 shell/lib.a(ash.o)
 .text.ash_main
                0x0003bc60      0x71c shell/lib.a(ash.o)
                0x0003bc60                ash_main
 .text.dmesg_main
                0x0003c37c      0x114 util-linux/lib.a(dmesg.o)
                0x0003c37c                dmesg_main
 .text.verbose_mount
                0x0003c490       0x94 util-linux/lib.a(mount.o)
 .text.resolve_mount_spec
                0x0003c524        0x8 util-linux/lib.a(mount.o)
 .text.append_mount_options
                0x0003c52c      0x100 util-linux/lib.a(mount.o)
 .text.parse_mount_options
                0x0003c62c      0x12c util-linux/lib.a(mount.o)
 .text.mount_it_now
                0x0003c758      0x118 util-linux/lib.a(mount.o)
 .text.nfs_strerror
                0x0003c870       0x74 util-linux/lib.a(mount.o)
 .text.xdr_fhstatus
                0x0003c8e4       0x44 util-linux/lib.a(mount.o)
 .text.xdr_dirpath
                0x0003c928       0x18 util-linux/lib.a(mount.o)
 .text.xdr_mountres3
                0x0003c940       0x94 util-linux/lib.a(mount.o)
 .text.daemonize
                0x0003c9d4       0xb0 util-linux/lib.a(mount.o)
 .text.error_msg_rpc
                0x0003ca84       0x78 util-linux/lib.a(mount.o)
 .text.singlemount
                0x0003cafc     0x1440 util-linux/lib.a(mount.o)
 .text.mount_main
                0x0003df3c      0x458 util-linux/lib.a(mount.o)
                0x0003df3c                mount_main
 .text.pivot_root_main
                0x0003e394       0x2c util-linux/lib.a(pivot_root.o)
                0x0003e394                pivot_root_main
 .text.handle_sigchld
                0x0003e3c0       0x28 util-linux/lib.a(script.o)
 .text.script_main
                0x0003e3e8      0x490 util-linux/lib.a(script.o)
                0x0003e3e8                script_main
 .text.umount_main
                0x0003e878      0x318 util-linux/lib.a(umount.o)
                0x0003e878                umount_main
 .text.open_to_or_warn
                0x0003eb90       0x38 archival/lib.a(bbunzip.o)
 .text.bbunpack
                0x0003ebc8      0x1e4 archival/lib.a(bbunzip.o)
                0x0003ebc8                bbunpack
 .text.make_new_name_gunzip
                0x0003edac       0xc0 archival/lib.a(bbunzip.o)
 .text.unpack_gunzip
                0x0003ee6c       0x90 archival/lib.a(bbunzip.o)
 .text.gunzip_main
                0x0003eefc       0x90 archival/lib.a(bbunzip.o)
                0x0003eefc                gunzip_main
 .text.flush_outbuf
                0x0003ef8c       0x44 archival/lib.a(gzip.o)
 .text.put_16bit
                0x0003efd0       0x94 archival/lib.a(gzip.o)
 .text.put_32bit
                0x0003f064       0x20 archival/lib.a(gzip.o)
 .text.file_read
                0x0003f084       0x90 archival/lib.a(gzip.o)
 .text.send_bits
                0x0003f114       0x8c archival/lib.a(gzip.o)
 .text.bi_reverse
                0x0003f1a0       0x28 archival/lib.a(gzip.o)
 .text.bi_windup
                0x0003f1c8       0x78 archival/lib.a(gzip.o)
 .text.copy_block
                0x0003f240       0x88 archival/lib.a(gzip.o)
 .text.fill_window
                0x0003f2c8      0x158 archival/lib.a(gzip.o)
 .text.init_block
                0x0003f420       0xe8 archival/lib.a(gzip.o)
 .text.pqdownheap
                0x0003f508      0x124 archival/lib.a(gzip.o)
 .text.gen_codes
                0x0003f62c       0xc0 archival/lib.a(gzip.o)
 .text.build_tree
                0x0003f6ec      0x500 archival/lib.a(gzip.o)
 .text.scan_tree
                0x0003fbec      0x14c archival/lib.a(gzip.o)
 .text.send_tree
                0x0003fd38      0x1ac archival/lib.a(gzip.o)
 .text.ct_tally
                0x0003fee4      0x264 archival/lib.a(gzip.o)
 .text.compress_block
                0x00040148      0x1c8 archival/lib.a(gzip.o)
 .text.flush_block
                0x00040310      0x310 archival/lib.a(gzip.o)
 .text.make_new_name_gzip
                0x00040620       0x28 archival/lib.a(gzip.o)
 .text.pack_gzip
                0x00040648      0x990 archival/lib.a(gzip.o)
 .text.gzip_main
                0x00040fd8      0x1f0 archival/lib.a(gzip.o)
                0x00040fd8                gzip_main
 .text.putOctal
                0x000411c8       0x70 archival/lib.a(tar.o)
 .text.chksum_and_xwrite
                0x00041238       0x88 archival/lib.a(tar.o)
 .text.writeLongname
                0x000412c0      0x120 archival/lib.a(tar.o)
 .text.writeFileToTarball
                0x000413e0      0x738 archival/lib.a(tar.o)
 .text.vfork_compressor
                0x00041b18      0x118 archival/lib.a(tar.o)
 .text.writeTarFile
                0x00041c30      0x16c archival/lib.a(tar.o)
 .text.append_file_list_to_list
                0x00041d9c       0x84 archival/lib.a(tar.o)
 .text.get_header_tar_Z
                0x00041e20       0x98 archival/lib.a(tar.o)
 .text.tar_main
                0x00041eb8      0x390 archival/lib.a(tar.o)
                0x00041eb8                tar_main
 .text.unzip_skip
                0x00042248       0x10 archival/lib.a(unzip.o)
 .text.unzip_create_leading_dirs
                0x00042258       0x4c archival/lib.a(unzip.o)
 .text.unzip_main
                0x000422a4      0x874 archival/lib.a(unzip.o)
                0x000422a4                unzip_main
 .text.data_extract_all
                0x00042b18      0x37c archival/libunarchive/lib.a(data_extract_all.o)
                0x00042b18                data_extract_all
 .text.data_extract_to_stdout
                0x00042e94       0x18 archival/libunarchive/lib.a(data_extract_to_stdout.o)
                0x00042e94                data_extract_to_stdout
 .text.data_skip
                0x00042eac       0x18 archival/libunarchive/lib.a(data_skip.o)
                0x00042eac                data_skip
 .text.get_bits
                0x00042ec4       0xd4 archival/libunarchive/lib.a(decompress_bunzip2.o)
 .text.get_next_block
                0x00042f98      0x8ac archival/libunarchive/lib.a(decompress_bunzip2.o)
 .text.read_bunzip
                0x00043844      0x168 archival/libunarchive/lib.a(decompress_bunzip2.o)
                0x00043844                read_bunzip
 .text.start_bunzip
                0x000439ac       0xec archival/libunarchive/lib.a(decompress_bunzip2.o)
                0x000439ac                start_bunzip
 .text.dealloc_bunzip