Archive member included because of file (symbol)

libbb/lib.a(appletlib.o)      applets/built-in.o (lbb_main)
libbb/lib.a(bb_basename.o)    libbb/lib.a(appletlib.o) (bb_basename)
libbb/lib.a(bb_strtonum.o)    libbb/lib.a(appletlib.o) (bb_strtoul)
libbb/lib.a(concat_path_file.o)
                              libbb/lib.a(appletlib.o) (concat_path_file)
libbb/lib.a(default_error_retval.o)
                              libbb/lib.a(appletlib.o) (xfunc_error_retval)
libbb/lib.a(error_msg_and_die.o)
                              libbb/lib.a(appletlib.o) (bb_error_msg_and_die)
libbb/lib.a(full_write.o)     libbb/lib.a(appletlib.o) (full_write)
libbb/lib.a(get_last_path_component.o)
                              libbb/lib.a(appletlib.o) (bb_get_last_path_component_nostrip)
libbb/lib.a(last_char_is.o)   libbb/lib.a(concat_path_file.o) (last_char_is)
libbb/lib.a(messages.o)       libbb/lib.a(appletlib.o) (bb_busybox_exec_path)
libbb/lib.a(perror_msg.o)     libbb/lib.a(appletlib.o) (bb_simple_perror_msg)
libbb/lib.a(perror_msg_and_die.o)
                              libbb/lib.a(appletlib.o) (bb_perror_msg_and_die)
libbb/lib.a(ptr_to_globals.o)
                              libbb/lib.a(appletlib.o) (bb_errno)
libbb/lib.a(safe_write.o)     libbb/lib.a(full_write.o) (safe_write)
libbb/lib.a(skip_whitespace.o)
                              libbb/lib.a(appletlib.o) (skip_whitespace)
libbb/lib.a(verror_msg.o)     libbb/lib.a(error_msg_and_die.o) (bb_verror_msg)
libbb/lib.a(wfopen.o)         libbb/lib.a(appletlib.o) (fopen_for_read)
libbb/lib.a(xfunc_die.o)      libbb/lib.a(appletlib.o) (xfunc_die)
libbb/lib.a(xfuncs.o)         libbb/lib.a(appletlib.o) (get_terminal_width_height)
libbb/lib.a(xfuncs_printf.o)  libbb/lib.a(appletlib.o) (malloc_or_warn)
libbb/lib.a(xreadlink.o)      libbb/lib.a(appletlib.o) (xmalloc_readlink)
libbb/lib.a(copyfd.o)         libbb/lib.a(xfuncs_printf.o) (bb_copyfd_eof)
libbb/lib.a(error_msg.o)      libbb/lib.a(xfuncs_printf.o) (bb_error_msg)
libbb/lib.a(read.o)           libbb/lib.a(copyfd.o) (safe_read)
libbb/lib.a(safe_poll.o)      libbb/lib.a(read.o) (safe_poll)
loginutils/lib.a(login.o)     libbb/lib.a(appletlib.o) (login_main)
loginutils/lib.a(passwd.o)    libbb/lib.a(appletlib.o) (passwd_main)
miscutils/lib.a(bbconfig.o)   libbb/lib.a(appletlib.o) (bbconfig_main)
miscutils/lib.a(mountpoint.o)
                              libbb/lib.a(appletlib.o) (mountpoint_main)
miscutils/lib.a(mt.o)         libbb/lib.a(appletlib.o) (mt_main)
miscutils/lib.a(rx.o)         libbb/lib.a(appletlib.o) (rx_main)
miscutils/lib.a(setsid.o)     libbb/lib.a(appletlib.o) (setsid_main)
modutils/lib.a(insmod.o)      libbb/lib.a(appletlib.o) (insmod_main)
modutils/lib.a(lsmod.o)       libbb/lib.a(appletlib.o) (lsmod_main)
modutils/lib.a(rmmod.o)       libbb/lib.a(appletlib.o) (rmmod_main)
networking/lib.a(arp.o)       libbb/lib.a(appletlib.o) (arp_main)
networking/lib.a(arping.o)    libbb/lib.a(appletlib.o) (arping_main)
networking/lib.a(hostname.o)  libbb/lib.a(appletlib.o) (hostname_main)
networking/lib.a(ifconfig.o)  libbb/lib.a(appletlib.o) (ifconfig_main)
networking/lib.a(ifenslave.o)
                              libbb/lib.a(appletlib.o) (ifenslave_main)
networking/lib.a(ifupdown.o)  libbb/lib.a(appletlib.o) (ifupdown_main)
networking/lib.a(interface.o)
                              networking/lib.a(ifconfig.o) (in_ib)
networking/lib.a(ip.o)        libbb/lib.a(appletlib.o) (ipaddr_main)
networking/lib.a(netstat.o)   libbb/lib.a(appletlib.o) (netstat_main)
networking/lib.a(ping.o)      libbb/lib.a(appletlib.o) (ping_main)
networking/lib.a(route.o)     networking/lib.a(netstat.o) (bb_displayroutes)
networking/lib.a(sendmail.o)  libbb/lib.a(appletlib.o) (sendgetmail_main)
networking/lib.a(telnetd.o)   libbb/lib.a(appletlib.o) (telnetd_main)
networking/lib.a(tftp.o)      libbb/lib.a(appletlib.o) (tftp_main)
networking/lib.a(traceroute.o)
                              libbb/lib.a(appletlib.o) (traceroute_main)
networking/lib.a(vconfig.o)   libbb/lib.a(appletlib.o) (vconfig_main)
networking/lib.a(wget.o)      libbb/lib.a(appletlib.o) (wget_main)
networking/libiproute/lib.a(ip_parse_common_args.o)
                              networking/lib.a(ip.o) (ip_parse_common_args)
networking/libiproute/lib.a(ipaddress.o)
                              networking/lib.a(ip.o) (do_ipaddr)
networking/libiproute/lib.a(iplink.o)
                              networking/lib.a(ip.o) (do_iplink)
networking/libiproute/lib.a(iproute.o)
                              networking/lib.a(ip.o) (do_iproute)
networking/libiproute/lib.a(libnetlink.o)
                              networking/libiproute/lib.a(ipaddress.o) (xrtnl_open)
networking/libiproute/lib.a(ll_addr.o)
                              networking/libiproute/lib.a(ipaddress.o) (ll_addr_n2a)
networking/libiproute/lib.a(ll_map.o)
                              networking/libiproute/lib.a(ipaddress.o) (ll_remember_index)
networking/libiproute/lib.a(ll_types.o)
[...]
Memory Configuration

Name             Origin             Length             Attributes
*default*        0x00000000         0xffffffff

Linker script and memory map

LOAD /home/devicenull/ipmi/SDK/ToolChain/Host/HERMON/gcc-3.4.4-glibc-2.3.5-armv4/arm-linux/bin/../lib/gcc/arm-linux/3.4.4/../../../../arm-linux/lib/crt1.o
LOAD /home/devicenull/ipmi/SDK/ToolChain/Host/HERMON/gcc-3.4.4-glibc-2.3.5-armv4/arm-linux/bin/../lib/gcc/arm-linux/3.4.4/../../../../arm-linux/lib/crti.o
LOAD /home/devicenull/ipmi/SDK/ToolChain/Host/HERMON/gcc-3.4.4-glibc-2.3.5-armv4/arm-linux/bin/../lib/gcc/arm-linux/3.4.4/crtbegin.o
START GROUP
LOAD applets/built-in.o
LOAD archival/lib.a
LOAD archival/libunarchive/lib.a
LOAD console-tools/lib.a
LOAD coreutils/lib.a
LOAD coreutils/libcoreutils/lib.a
LOAD debianutils/lib.a
LOAD e2fsprogs/lib.a
LOAD editors/lib.a
LOAD findutils/lib.a
LOAD init/lib.a
LOAD libbb/lib.a
LOAD libpwdgrp/lib.a
LOAD loginutils/lib.a
LOAD miscutils/lib.a
LOAD modutils/lib.a
LOAD networking/lib.a
LOAD networking/libiproute/lib.a
LOAD networking/udhcp/lib.a
LOAD printutils/lib.a
LOAD procps/lib.a
LOAD runit/lib.a
LOAD selinux/lib.a
LOAD shell/lib.a
LOAD sysklogd/lib.a
LOAD util-linux/lib.a
LOAD util-linux/volume_id/lib.a
LOAD archival/built-in.o
LOAD archival/libunarchive/built-in.o
LOAD console-tools/built-in.o
LOAD coreutils/built-in.o
LOAD coreutils/libcoreutils/built-in.o
LOAD debianutils/built-in.o
LOAD e2fsprogs/built-in.o
LOAD editors/built-in.o
LOAD findutils/built-in.o
LOAD init/built-in.o
LOAD libbb/built-in.o
LOAD libpwdgrp/built-in.o
LOAD loginutils/built-in.o
LOAD miscutils/built-in.o
LOAD modutils/built-in.o
LOAD networking/built-in.o
LOAD networking/libiproute/built-in.o
LOAD networking/udhcp/built-in.o
LOAD printutils/built-in.o
LOAD procps/built-in.o
LOAD runit/built-in.o
LOAD selinux/built-in.o
LOAD shell/built-in.o
LOAD sysklogd/built-in.o
LOAD util-linux/built-in.o
LOAD util-linux/volume_id/built-in.o
END GROUP
START GROUP
LOAD /home/devicenull/ipmi/SDK/ToolChain/Host/HERMON/gcc-3.4.4-glibc-2.3.5-armv4/arm-linux/bin/../lib/gcc/arm-linux/3.4.4/../../../../arm-linux/lib/libcrypt.so
END GROUP
LOAD /home/devicenull/ipmi/SDK/ToolChain/Host/HERMON/gcc-3.4.4-glibc-2.3.5-armv4/arm-linux/bin/../lib/gcc/arm-linux/3.4.4/libgcc.a
LOAD /home/devicenull/ipmi/SDK/ToolChain/Host/HERMON/gcc-3.4.4-glibc-2.3.5-armv4/arm-linux/bin/../lib/gcc/arm-linux/3.4.4/libgcc_eh.a
LOAD /home/devicenull/ipmi/SDK/ToolChain/Host/HERMON/gcc-3.4.4-glibc-2.3.5-armv4/arm-linux/bin/../lib/gcc/arm-linux/3.4.4/../../../../arm-linux/lib/libc.so
START GROUP
LOAD /home/devicenull/ipmi/SDK/ToolChain/Host/HERMON/gcc-3.4.4-glibc-2.3.5-armv4/arm-linux/bin/../lib/gcc/arm-linux/3.4.4/../../../../arm-linux/lib/libc.so.6
LOAD /home/devicenull/ipmi/SDK/ToolChain/Host/HERMON/gcc-3.4.4-glibc-2.3.5-armv4/arm-linux/bin/../lib/gcc/arm-linux/3.4.4/../../../../arm-linux/lib/libc_nonshared.a
END GROUP
LOAD /home/devicenull/ipmi/SDK/ToolChain/Host/HERMON/gcc-3.4.4-glibc-2.3.5-armv4/arm-linux/bin/../lib/gcc/arm-linux/3.4.4/libgcc.a
LOAD /home/devicenull/ipmi/SDK/ToolChain/Host/HERMON/gcc-3.4.4-glibc-2.3.5-armv4/arm-linux/bin/../lib/gcc/arm-linux/3.4.4/libgcc_eh.a
LOAD /home/devicenull/ipmi/SDK/ToolChain/Host/HERMON/gcc-3.4.4-glibc-2.3.5-armv4/arm-linux/bin/../lib/gcc/arm-linux/3.4.4/crtend.o
LOAD /home/devicenull/ipmi/SDK/ToolChain/Host/HERMON/gcc-3.4.4-glibc-2.3.5-armv4/arm-linux/bin/../lib/gcc/arm-linux/3.4.4/../../../../arm-linux/lib/crtn.o
                0x00008000                PROVIDE (__executable_start, 0x8000)
                0x000080d4                . = (0x8000 + SIZEOF_HEADERS)

.interp         0x000080d4       0x13
 *(SORT(.interp))
 .interp        0x000080d4       0x13 /home/devicenull/ipmi/SDK/ToolChain/Host/HERMON/gcc-3.4.4-glibc-2.3.5-armv4/arm-linux/bin/../lib/gcc/arm-linux/3.4.4/../../../../arm-linux/lib/crti.o

.hash           0x000080e8      0xa38
 *(SORT(.hash))
 .hash          0x000080e8      0xa38 /home/devicenull/ipmi/SDK/ToolChain/Host/HERMON/gcc-3.4.4-glibc-2.3.5-armv4/arm-linux/bin/../lib/gcc/arm-linux/3.4.4/../../../../arm-linux/lib/crti.o

.dynsym         0x00008b20     0x1850
 *(SORT(.dynsym))
 .dynsym        0x00008b20     0x1850 /home/devicenull/ipmi/SDK/ToolChain/Host/HERMON/gcc-3.4.4-glibc-2.3.5-armv4/arm-linux/bin/../lib/gcc/arm-linux/3.4.4/../../../../arm-linux/lib/crti.o

.dynstr         0x0000a370      0xf87
 *(SORT(.dynstr))
 .dynstr        0x0000a370      0xf87 /home/devicenull/ipmi/SDK/ToolChain/Host/HERMON/gcc-3.4.4-glibc-2.3.5-armv4/arm-linux/bin/../lib/gcc/arm-linux/3.4.4/../../../../arm-linux/lib/crti.o

.gnu.version    0x0000b2f8      0x30a
 *(SORT(.gnu.version))
 .gnu.version   0x0000b2f8      0x30a /home/devicenull/ipmi/SDK/ToolChain/Host/HERMON/gcc-3.4.4-glibc-2.3.5-armv4/arm-linux/bin/../lib/gcc/arm-linux/3.4.4/../../../../arm-linux/lib/crti.o

.gnu.version_d
 *(SORT(.gnu.version_d))

.gnu.version_r  0x0000b604       0xd0
 *(SORT(.gnu.version_r))
 .gnu.version_r
                0x0000b604       0xd0 /home/devicenull/ipmi/SDK/ToolChain/Host/HERMON/gcc-3.4.4-glibc-2.3.5-armv4/arm-linux/bin/../lib/gcc/arm-linux/3.4.4/../../../../arm-linux/lib/crti.o

.rel.dyn        0x0000b6d4      0x368
 *(SORT(.rel.init))
 *(SORT(.rel.text) .rel.text.* .rel.gnu.linkonce.t.*)
 *(SORT(.rel.fini))
 *(SORT(.rel.rodata) .rel.rodata.* .rel.gnu.linkonce.r.*)
 *(SORT(.rel.data.rel.ro*))
 *(SORT(.rel.data) .rel.data.* .rel.gnu.linkonce.d.*)
 *(SORT(.rel.tdata) .rel.tdata.* .rel.gnu.linkonce.td.*)
 *(SORT(.rel.tbss) .rel.tbss.* .rel.gnu.linkonce.tb.*)
 *(SORT(.rel.ctors))
 *(SORT(.rel.dtors))
 *(SORT(.rel.got))
 .rel.got       0x0000b6d4      0x338 /home/devicenull/ipmi/SDK/ToolChain/Host/HERMON/gcc-3.4.4-glibc-2.3.5-armv4/arm-linux/bin/../lib/gcc/arm-linux/3.4.4/../../../../arm-linux/lib/crti.o
 *(SORT(.rel.bss) .rel.bss.* .rel.gnu.linkonce.b.*)
 .rel.bss       0x0000ba0c       0x30 /home/devicenull/ipmi/SDK/ToolChain/Host/HERMON/gcc-3.4.4-glibc-2.3.5-armv4/arm-linux/bin/../lib/gcc/arm-linux/3.4.4/../../../../arm-linux/lib/crti.o

.rela.dyn
 *(SORT(.rela.init))
 *(SORT(.rela.text) .rela.text.* .rela.gnu.linkonce.t.*)
 *(SORT(.rela.fini))
 *(SORT(.rela.rodata) .rela.rodata.* .rela.gnu.linkonce.r.*)
 *(SORT(.rela.data) .rela.data.* .rela.gnu.linkonce.d.*)
 *(SORT(.rela.tdata) .rela.tdata.* .rela.gnu.linkonce.td.*)
 *(SORT(.rela.tbss) .rela.tbss.* .rela.gnu.linkonce.tb.*)
 *(SORT(.rela.ctors))
 *(SORT(.rela.dtors))
 *(SORT(.rela.got))
 *(SORT(.rela.bss) .rela.bss.* .rela.gnu.linkonce.b.*)

.rel.plt        0x0000ba3c      0x8f8
 *(SORT(.rel.plt))
 .rel.plt       0x0000ba3c      0x8f8 /home/devicenull/ipmi/SDK/ToolChain/Host/HERMON/gcc-3.4.4-glibc-2.3.5-armv4/arm-linux/bin/../lib/gcc/arm-linux/3.4.4/../../../../arm-linux/lib/crti.o

.rela.plt
 *(SORT(.rela.plt))

.init           0x0000c334       0x14
 *(SORT(.init))
 .init          0x0000c334        0x8 /home/devicenull/ipmi/SDK/ToolChain/Host/HERMON/gcc-3.4.4-glibc-2.3.5-armv4/arm-linux/bin/../lib/gcc/arm-linux/3.4.4/../../../../arm-linux/lib/crti.o
                0x0000c334                _init
 .init          0x0000c33c        0x4 /home/devicenull/ipmi/SDK/ToolChain/Host/HERMON/gcc-3.4.4-glibc-2.3.5-armv4/arm-linux/bin/../lib/gcc/arm-linux/3.4.4/crtbegin.o
 .init          0x0000c340        0x4 /home/devicenull/ipmi/SDK/ToolChain/Host/HERMON/gcc-3.4.4-glibc-2.3.5-armv4/arm-linux/bin/../lib/gcc/arm-linux/3.4.4/crtend.o
 .init          0x0000c344        0x4 /home/devicenull/ipmi/SDK/ToolChain/Host/HERMON/gcc-3.4.4-glibc-2.3.5-armv4/arm-linux/bin/../lib/gcc/arm-linux/3.4.4/../../../../arm-linux/lib/crtn.o

.plt            0x0000c348      0xd88
 *(SORT(.plt))
 .plt           0x0000c348      0xd88 /home/devicenull/ipmi/SDK/ToolChain/Host/HERMON/gcc-3.4.4-glibc-2.3.5-armv4/arm-linux/bin/../lib/gcc/arm-linux/3.4.4/../../../../arm-linux/lib/crti.o
                0x0000c35c                freeaddrinfo@@GLIBC_2.0
                0x0000c368                getchar@@GLIBC_2.0
                0x0000c374                readlink@@GLIBC_2.0
                0x0000c380                sigfillset@@GLIBC_2.0
                0x0000c38c                regexec@@GLIBC_2.3.4
                0x0000c398                usleep@@GLIBC_2.0
                0x0000c3a4                mkdir@@GLIBC_2.0
                0x0000c3b0                getgrnam@@GLIBC_2.0
                0x0000c3bc                ttyname@@GLIBC_2.0
                0x0000c3c8                fgetc@@GLIBC_2.0
                0x0000c3d4                clnttcp_create@@GLIBC_2.0
                0x0000c3e0                rename@@GLIBC_2.0
                0x0000c3ec                ferror@@GLIBC_2.0
                0x0000c3f8                sigaction@@GLIBC_2.0
                0x0000c404                readdir64@@GLIBC_2.2
                0x0000c410                dprintf@@GLIBC_2.0
                0x0000c41c                execl@@GLIBC_2.0
                0x0000c428                strchr@@GLIBC_2.0
                0x0000c434                getmntent@@GLIBC_2.0
                0x0000c440                fdopen@@GLIBC_2.1
                0x0000c44c                feof@@GLIBC_2.0
                0x0000c458                xdr_opaque@@GLIBC_2.0
                0x0000c464                if_nametoindex@@GLIBC_2.1
                0x0000c470                mempcpy@@GLIBC_2.1
                0x0000c47c                ungetc@@GLIBC_2.0
                0x0000c488                grantpt@@GLIBC_2.1
                0x0000c494                getpid@@GLIBC_2.0
                0x0000c4a0                strdup@@GLIBC_2.0
                0x0000c4ac                __ctype_tolower_loc@@GLIBC_2.3
                0x0000c4b8                nanosleep@@GLIBC_2.0
                0x0000c4c4                init_module@@GLIBC_2.0
                0x0000c4d0                getaddrinfo@@GLIBC_2.0
                0x0000c4dc                getpgrp@@GLIBC_2.0
                0x0000c4e8                setrlimit64@@GLIBC_2.1
                0x0000c4f4                write@@GLIBC_2.0
                0x0000c500                poll@@GLIBC_2.0
                0x0000c50c                localtime@@GLIBC_2.0
                0x0000c518                recvfrom@@GLIBC_2.0
                0x0000c524                fileno@@GLIBC_2.0
                0x0000c530                getservbyport@@GLIBC_2.0
                0x0000c53c                strcmp@@GLIBC_2.0
                0x0000c548                isspace@@GLIBC_2.0
                0x0000c554                close@@GLIBC_2.0
                0x0000c560                getspnam_r@@GLIBC_2.1.2
                0x0000c56c                inet_pton@@GLIBC_2.0
                0x0000c578                vfork@@GLIBC_2.0
                0x0000c584                strsignal@@GLIBC_2.0
                0x0000c590                perror@@GLIBC_2.0
                0x0000c59c                fprintf@@GLIBC_2.0
                0x0000c5a8                fork@@GLIBC_2.0
                0x0000c5b4                getenv@@GLIBC_2.0
                0x0000c5c0                umask@@GLIBC_2.0
                0x0000c5cc                signal@@GLIBC_2.0
                0x0000c5d8                fflush@@GLIBC_2.0
                0x0000c5e4                regfree@@GLIBC_2.0
                0x0000c5f0                pclose@@GLIBC_2.1
                0x0000c5fc                getservbyname@@GLIBC_2.0
                0x0000c608                isgraph@@GLIBC_2.0
                0x0000c614                unlink@@GLIBC_2.0
                0x0000c620                setpriority@@GLIBC_2.0
                0x0000c62c                delete_module@@GLIBC_2.0
                0x0000c638                unsetenv@@GLIBC_2.0
                0x0000c644                select@@GLIBC_2.0
                0x0000c650                sethostname@@GLIBC_2.0
                0x0000c65c                vsnprintf@@GLIBC_2.0
                0x0000c668                setenv@@GLIBC_2.0
                0x0000c674                getnameinfo@@GLIBC_2.1
                0x0000c680                strerror@@GLIBC_2.0
                0x0000c68c                dirname@@GLIBC_2.0
                0x0000c698                tcsetattr@@GLIBC_2.0
                0x0000c6a4                getgroups@@GLIBC_2.0
                0x0000c6b0                isalnum@@GLIBC_2.0
                0x0000c6bc                putchar@@GLIBC_2.0
                0x0000c6c8                setlocale@@GLIBC_2.0
                0x0000c6d4                __cxa_atexit@@GLIBC_2.1.3
                0x0000c6e0                getpwuid@@GLIBC_2.0
                0x0000c6ec                execve@@GLIBC_2.0
                0x0000c6f8                initgroups@@GLIBC_2.0
                0x0000c704                putenv@@GLIBC_2.0
                0x0000c710                getitimer@@GLIBC_2.0
                0x0000c71c                __cmsg_nxthdr@@GLIBC_2.0
                0x0000c728                __errno_location@@GLIBC_2.0
                0x0000c734                reboot@@GLIBC_2.0
                0x0000c740                setgid@@GLIBC_2.0
                0x0000c74c                getgrgid@@GLIBC_2.0
                0x0000c758                memchr@@GLIBC_2.0
                0x0000c764                xdr_u_int@@GLIBC_2.0
                0x0000c770                accept@@GLIBC_2.0
                0x0000c77c                gethostbyaddr@@GLIBC_2.0
                0x0000c788                tcgetpgrp@@GLIBC_2.0
                0x0000c794                chmod@@GLIBC_2.0
                0x0000c7a0                access@@GLIBC_2.0
                0x0000c7ac                inet_ntoa@@GLIBC_2.0
                0x0000c7b8                puts@@GLIBC_2.0
                0x0000c7c4                popen@@GLIBC_2.1
                0x0000c7d0                killpg@@GLIBC_2.0
                0x0000c7dc                listen@@GLIBC_2.0
                0x0000c7e8                difftime@@GLIBC_2.0
                0x0000c7f4                isxdigit@@GLIBC_2.0
                0x0000c800                malloc@@GLIBC_2.0
                0x0000c80c                setsid@@GLIBC_2.0
                0x0000c818                fscanf@@GLIBC_2.0
                0x0000c824                strftime@@GLIBC_2.0
                0x0000c830                getppid@@GLIBC_2.0
                0x0000c83c                hstrerror@@GLIBC_2.0
                0x0000c848                syscall@@GLIBC_2.0
                0x0000c854                pipe@@GLIBC_2.0
                0x0000c860                fread@@GLIBC_2.0
                0x0000c86c                setresuid@@GLIBC_2.0
                0x0000c878                memmove@@GLIBC_2.0
                0x0000c884                sendto@@GLIBC_2.0
                0x0000c890                clearerr@@GLIBC_2.0
                0x0000c89c                regerror@@GLIBC_2.0
                0x0000c8a8                getrlimit64@@GLIBC_2.2
                0x0000c8b4                link@@GLIBC_2.0
                0x0000c8c0                strpbrk@@GLIBC_2.0
                0x0000c8cc                strtoull@@GLIBC_2.0
                0x0000c8d8                syslog@@GLIBC_2.0
                0x0000c8e4                __h_errno_location@@GLIBC_2.0
                0x0000c8f0                xdr_bytes@@GLIBC_2.0
                0x0000c8fc                vasprintf@@GLIBC_2.0
                0x0000c908                abort@@GLIBC_2.0
                0x0000c914                strtoll@@GLIBC_2.0
                0x0000c920                setsockopt@@GLIBC_2.0
                0x0000c92c                getpagesize@@GLIBC_2.0
                0x0000c938                sysconf@@GLIBC_2.0
                0x0000c944                execv@@GLIBC_2.0
                0x0000c950                inet_aton@@GLIBC_2.0
                0x0000c95c                vfprintf@@GLIBC_2.0
                0x0000c968                fchmod@@GLIBC_2.0
                0x0000c974                umount@@GLIBC_2.0
                0x0000c980                fseek@@GLIBC_2.0
                0x0000c98c                waitpid@@GLIBC_2.0
                0x0000c998                fnmatch@@GLIBC_2.2.3
                0x0000c9a4                strsep@@GLIBC_2.0
                0x0000c9b0                setmntent@@GLIBC_2.0
                0x0000c9bc                time@@GLIBC_2.0
                0x0000c9c8                clnt_sperror@@GLIBC_2.0
                0x0000c9d4                execle@@GLIBC_2.0
                0x0000c9e0                getopt@@GLIBC_2.0
                0x0000c9ec                fgets@@GLIBC_2.0
                0x0000c9f8                execlp@@GLIBC_2.0
                0x0000ca04                clnt_spcreateerror@@GLIBC_2.0
                0x0000ca10                recvmsg@@GLIBC_2.0
                0x0000ca1c                chdir@@GLIBC_2.0
                0x0000ca28                fputs@@GLIBC_2.0
                0x0000ca34                strstr@@GLIBC_2.0
                0x0000ca40                strlen@@GLIBC_2.0
                0x0000ca4c                longjmp@@GLIBC_2.0
                0x0000ca58                sleep@@GLIBC_2.0
                0x0000ca64                mkdtemp@@GLIBC_2.2
                0x0000ca70                ftruncate64@@GLIBC_2.1
                0x0000ca7c                sigaddset@@GLIBC_2.0
                0x0000ca88                strcspn@@GLIBC_2.0
                0x0000ca94                uname@@GLIBC_2.0
                0x0000caa0                qsort@@GLIBC_2.0
                0x0000caac                __xpg_basename@@GLIBC_2.0
                0x0000cab8                lseek64@@GLIBC_2.1
                0x0000cac4                execvp@@GLIBC_2.0
                0x0000cad0                statfs64@@GLIBC_2.1
                0x0000cadc                setlinebuf@@GLIBC_2.0
                0x0000cae8                sigprocmask@@GLIBC_2.0
                0x0000caf4                bindresvport@@GLIBC_2.0
                0x0000cb00                strncmp@@GLIBC_2.0
                0x0000cb0c                strtol@@GLIBC_2.0
                0x0000cb18                pause@@GLIBC_2.0
                0x0000cb24                clntudp_create@@GLIBC_2.0
                0x0000cb30                openlog@@GLIBC_2.0
                0x0000cb3c                create_module@@GLIBC_2.0
                0x0000cb48                fputc@@GLIBC_2.0
                0x0000cb54                inet_addr@@GLIBC_2.0
                0x0000cb60                getmntent_r@@GLIBC_2.0
                0x0000cb6c                __xstat64@@GLIBC_2.2
                0x0000cb78                memcmp@@GLIBC_2.0
                0x0000cb84                xdr_enum@@GLIBC_2.0
                0x0000cb90                fsync@@GLIBC_2.0
                0x0000cb9c                setpgid@@GLIBC_2.0
                0x0000cba8                strcasestr@@GLIBC_2.1
                0x0000cbb4                __libc_start_main@@GLIBC_2.0
                0x0000cbc0                raise@@GLIBC_2.0
                0x0000cbcc                islower@@GLIBC_2.0
                0x0000cbd8                authunix_create_default@@GLIBC_2.0
                0x0000cbe4                dup2@@GLIBC_2.0
                0x0000cbf0                realloc@@GLIBC_2.0
                0x0000cbfc                strcat@@GLIBC_2.0
                0x0000cc08                pivot_root@@GLIBC_2.2.1
                0x0000cc14                printf@@GLIBC_2.0
                0x0000cc20                bind@@GLIBC_2.0
                0x0000cc2c                getuid@@GLIBC_2.0
                0x0000cc38                chown@@GLIBC_2.0
                0x0000cc44                fcntl@@GLIBC_2.0
                0x0000cc50                memcpy@@GLIBC_2.0
                0x0000cc5c                ptsname_r@@GLIBC_2.1
                0x0000cc68                open64@@GLIBC_2.1
                0x0000cc74                fclose@@GLIBC_2.1
                0x0000cc80                __ctype_toupper_loc@@GLIBC_2.3
                0x0000cc8c                getsockname@@GLIBC_2.0
                0x0000cc98                strrchr@@GLIBC_2.0
                0x0000cca4                endmntent@@GLIBC_2.0
                0x0000ccb0                times@@GLIBC_2.0
                0x0000ccbc                ctime@@GLIBC_2.0
                0x0000ccc8                isupper@@GLIBC_2.0
                0x0000ccd4                rmdir@@GLIBC_2.0
                0x0000cce0                getopt_long@@GLIBC_2.0
                0x0000ccec                getgid@@GLIBC_2.0
                0x0000ccf8                fopen64@@GLIBC_2.1
                0x0000cd04                closedir@@GLIBC_2.0
                0x0000cd10                symlink@@GLIBC_2.0
                0x0000cd1c                gettimeofday@@GLIBC_2.0
                0x0000cd28                srand@@GLIBC_2.0
                0x0000cd34                strcoll@@GLIBC_2.0
                0x0000cd40                opendir@@GLIBC_2.0
                0x0000cd4c                snprintf@@GLIBC_2.0
                0x0000cd58                __lxstat64@@GLIBC_2.2
                0x0000cd64                strchrnul@@GLIBC_2.1.1
                0x0000cd70                gethostbyname@@GLIBC_2.0
                0x0000cd7c                sigemptyset@@GLIBC_2.0
                0x0000cd88                regcomp@@GLIBC_2.0
                0x0000cd94                strcasecmp@@GLIBC_2.0
                0x0000cda0                mkstemp64@@GLIBC_2.2
                0x0000cdac                inet_ntop@@GLIBC_2.0
                0x0000cdb8                tcflush@@GLIBC_2.0
                0x0000cdc4                strspn@@GLIBC_2.0
                0x0000cdd0                getpwnam@@GLIBC_2.0
                0x0000cddc                exit@@GLIBC_2.0
                0x0000cde8                getpriority@@GLIBC_2.0
                0x0000cdf4                isalpha@@GLIBC_2.0
                0x0000ce00                sendmsg@@GLIBC_2.0
                0x0000ce0c                atoi@@GLIBC_2.0
                0x0000ce18                getegid@@GLIBC_2.0
                0x0000ce24                sscanf@@GLIBC_2.0
                0x0000ce30                tcsetpgrp@@GLIBC_2.0
                0x0000ce3c                _IO_putc@@GLIBC_2.0
                0x0000ce48                free@@GLIBC_2.0
                0x0000ce54                ioctl@@GLIBC_2.0
                0x0000ce60                strtoul@@GLIBC_2.0
                0x0000ce6c                utime@@GLIBC_2.0
                0x0000ce78                getcwd@@GLIBC_2.0
                0x0000ce84                clearenv@@GLIBC_2.0
                0x0000ce90                xdr_array@@GLIBC_2.0
                0x0000ce9c                isatty@@GLIBC_2.0
                0x0000cea8                memset@@GLIBC_2.0
                0x0000ceb4                _exit@@GLIBC_2.0
                0x0000cec0                strncasecmp@@GLIBC_2.0
                0x0000cecc                connect@@GLIBC_2.0
                0x0000ced8                pmap_getmaps@@GLIBC_2.0
                0x0000cee4                strtod@@GLIBC_2.0
                0x0000cef0                getsid@@GLIBC_2.0
                0x0000cefc                cfmakeraw@@GLIBC_2.0
                0x0000cf08                mount@@GLIBC_2.0
                0x0000cf14                __xmknod@@GLIBC_2.0
                0x0000cf20                strncpy@@GLIBC_2.0
                0x0000cf2c                dup@@GLIBC_2.0
                0x0000cf38                _setjmp@@GLIBC_2.0
                0x0000cf44                crypt@@GLIBC_2.0
                0x0000cf50                query_module@@GLIBC_2.0
                0x0000cf5c                vprintf@@GLIBC_2.0
                0x0000cf68                strtok@@GLIBC_2.0
                0x0000cf74                endgrent@@GLIBC_2.0
                0x0000cf80                kill@@GLIBC_2.0
                0x0000cf8c                vsyslog@@GLIBC_2.0
                0x0000cf98                ether_ntoa@@GLIBC_2.0
                0x0000cfa4                pmap_getport@@GLIBC_2.0
                0x0000cfb0                sprintf@@GLIBC_2.0
                0x0000cfbc                fchown@@GLIBC_2.0
                0x0000cfc8                umount2@@GLIBC_2.1
                0x0000cfd4                fwrite@@GLIBC_2.0
                0x0000cfe0                realpath@@GLIBC_2.3
                0x0000cfec                socket@@GLIBC_2.0
                0x0000cff8                klogctl@@GLIBC_2.0
                0x0000d004                _IO_getc@@GLIBC_2.0
                0x0000d01c                rand@@GLIBC_2.0
                0x0000d028                setuid@@GLIBC_2.0
                0x0000d034                setresgid@@GLIBC_2.0
                0x0000d040                bsearch@@GLIBC_2.0
                0x0000d04c                unlockpt@@GLIBC_2.1
                0x0000d058                tcgetattr@@GLIBC_2.0
                0x0000d064                read@@GLIBC_2.0
                0x0000d070                xdr_string@@GLIBC_2.0
                0x0000d07c                alarm@@GLIBC_2.0
                0x0000d088                __fxstat64@@GLIBC_2.2
                0x0000d094                lchown@@GLIBC_2.0
                0x0000d0a0                geteuid@@GLIBC_2.0
                0x0000d0ac                wait@@GLIBC_2.0
                0x0000d0b8                sync@@GLIBC_2.0
                0x0000d0c4                strcpy@@GLIBC_2.0

.text           0x0000d0d0    0x4f664
 *(SORT(.text) .stub .text.* .gnu.linkonce.t.*)
 .text          0x0000d0d0       0x38 /home/devicenull/ipmi/SDK/ToolChain/Host/HERMON/gcc-3.4.4-glibc-2.3.5-armv4/arm-linux/bin/../lib/gcc/arm-linux/3.4.4/../../../../arm-linux/lib/crt1.o
                0x0000d0d0                _start
 .text          0x0000d108       0x30 /home/devicenull/ipmi/SDK/ToolChain/Host/HERMON/gcc-3.4.4-glibc-2.3.5-armv4/arm-linux/bin/../lib/gcc/arm-linux/3.4.4/../../../../arm-linux/lib/crti.o
 .text          0x0000d138       0x8c /home/devicenull/ipmi/SDK/ToolChain/Host/HERMON/gcc-3.4.4-glibc-2.3.5-armv4/arm-linux/bin/../lib/gcc/arm-linux/3.4.4/crtbegin.o
 .text.main     0x0000d1c4        0x8 applets/built-in.o
                0x0000d1c4                main
 .text.full_write2_str
                0x0000d1cc       0x20 libbb/lib.a(appletlib.o)
 .text.applet_name_compare
                0x0000d1ec       0x48 libbb/lib.a(appletlib.o)
 .text.find_applet_by_name
                0x0000d234       0x54 libbb/lib.a(appletlib.o)
                0x0000d234                find_applet_by_name
 .text.bb_show_usage
                0x0000d288      0x124 libbb/lib.a(appletlib.o)
                0x0000d288                bb_show_usage
 .text.lbb_prepare
                0x0000d3ac       0x8c libbb/lib.a(appletlib.o)
                0x0000d3ac                lbb_prepare
 .text.get_trimmed_slice
                0x0000d438       0x44 libbb/lib.a(appletlib.o)
 .text.run_applet_no_and_exit
                0x0000d47c      0x280 libbb/lib.a(appletlib.o)
                0x0000d47c                run_applet_no_and_exit
 .text.run_applet_and_exit
                0x0000d6fc      0x30c libbb/lib.a(appletlib.o)
                0x0000d6fc                run_applet_and_exit
 .text.lbb_main
                0x0000da08      0x478 libbb/lib.a(appletlib.o)
                0x0000da08                lbb_main
 .text.bb_basename
                0x0000de80       0x20 libbb/lib.a(bb_basename.o)
                0x0000de80                bb_basename
 .text.ret_ERANGE
                0x0000dea0       0x34 libbb/lib.a(bb_strtonum.o)
 .text.handle_errors
                0x0000ded4       0x70 libbb/lib.a(bb_strtonum.o)
 .text.bb_strtoull
                0x0000df44       0x74 libbb/lib.a(bb_strtonum.o)
                0x0000df44                bb_strtoull
 .text.bb_strtoul
                0x0000dfb8       0x78 libbb/lib.a(bb_strtonum.o)
                0x0000dfb8                bb_strtoul
 .text.bb_strtol
                0x0000e030       0x80 libbb/lib.a(bb_strtonum.o)
                0x0000e030                bb_strtol
 .text.concat_path_file
                0x0000e0b0       0x70 libbb/lib.a(concat_path_file.o)
                0x0000e0b0                concat_path_file
 .text.bb_error_msg_and_die
                0x0000e120       0x1c libbb/lib.a(error_msg_and_die.o)
                0x0000e120                bb_error_msg_and_die
 .text.full_write
                0x0000e13c       0x54 libbb/lib.a(full_write.o)
                0x0000e13c                full_write
 .text.bb_get_last_path_component_nostrip
                0x0000e190       0x3c libbb/lib.a(get_last_path_component.o)
                0x0000e190                bb_get_last_path_component_nostrip
 .text.bb_get_last_path_component_strip
                0x0000e1cc       0x50 libbb/lib.a(get_last_path_component.o)
                0x0000e1cc                bb_get_last_path_component_strip
 .text.last_char_is
                0x0000e21c       0x3c libbb/lib.a(last_char_is.o)
                0x0000e21c                last_char_is
 .text.bb_perror_msg
                0x0000e258       0x4c libbb/lib.a(perror_msg.o)
                0x0000e258                bb_perror_msg
 .text.bb_simple_perror_msg
                0x0000e2a4       0x28 libbb/lib.a(perror_msg.o)
                0x0000e2a4                bb_simple_perror_msg
 .text.bb_perror_msg_and_die
                0x0000e2cc       0x44 libbb/lib.a(perror_msg_and_die.o)
                0x0000e2cc                bb_perror_msg_and_die
 .text.bb_simple_perror_msg_and_die
                0x0000e310       0x20 libbb/lib.a(perror_msg_and_die.o)
                0x0000e310                bb_simple_perror_msg_and_die
 .text.safe_write
                0x0000e330       0x54 libbb/lib.a(safe_write.o)
                0x0000e330                safe_write
 .text.skip_whitespace
                0x0000e384       0x28 libbb/lib.a(skip_whitespace.o)
                0x0000e384                skip_whitespace
 .text.skip_non_whitespace
                0x0000e3ac       0x30 libbb/lib.a(skip_whitespace.o)
                0x0000e3ac                skip_non_whitespace
 .text.bb_verror_msg
                0x0000e3dc      0x1e0 libbb/lib.a(verror_msg.o)
                0x0000e3dc                bb_verror_msg
 .text.fopen_or_warn
                0x0000e5bc       0x44 libbb/lib.a(wfopen.o)
                0x0000e5bc                fopen_or_warn
 .text.fopen_for_read
                0x0000e600       0x24 libbb/lib.a(wfopen.o)
                0x0000e600                fopen_for_read
 .text.xfopen_for_read
                0x0000e624       0x24 libbb/lib.a(wfopen.o)
                0x0000e624                xfopen_for_read
 .text.xfopen_for_write
                0x0000e648       0x24 libbb/lib.a(wfopen.o)
                0x0000e648                xfopen_for_write
 .text.xfunc_die
                0x0000e66c       0x3c libbb/lib.a(xfunc_die.o)
                0x0000e66c                xfunc_die
 .text.ndelay_on
                0x0000e6a8       0x24 libbb/lib.a(xfuncs.o)
                0x0000e6a8                ndelay_on
 .text.ndelay_off
                0x0000e6cc       0x24 libbb/lib.a(xfuncs.o)
                0x0000e6cc                ndelay_off
 .text.close_on_exec_on
                0x0000e6f0        0xc libbb/lib.a(xfuncs.o)
                0x0000e6f0                close_on_exec_on
 .text.smart_ulltoa5
                0x0000e6fc      0x23c libbb/lib.a(xfuncs.o)
                0x0000e6fc                smart_ulltoa5
 .text.utoa_to_buf
                0x0000e938       0x84 libbb/lib.a(xfuncs.o)
                0x0000e938                utoa_to_buf
 .text.itoa_to_buf
                0x0000e9bc       0x28 libbb/lib.a(xfuncs.o)
                0x0000e9bc                itoa_to_buf
 .text.utoa     0x0000e9e4       0x38 libbb/lib.a(xfuncs.o)
                0x0000e9e4                utoa
 .text.itoa     0x0000ea1c       0x38 libbb/lib.a(xfuncs.o)
                0x0000ea1c                itoa
 .text.get_terminal_width_height
                0x0000ea54      0x100 libbb/lib.a(xfuncs.o)
                0x0000ea54                get_terminal_width_height
 .text.malloc_or_warn
                0x0000eb54       0x48 libbb/lib.a(xfuncs_printf.o)
                0x0000eb54                malloc_or_warn
 .text.xmalloc  0x0000eb9c       0x40 libbb/lib.a(xfuncs_printf.o)
                0x0000eb9c                xmalloc
 .text.xrealloc
                0x0000ebdc       0x40 libbb/lib.a(xfuncs_printf.o)
                0x0000ebdc                xrealloc
 .text.xzalloc  0x0000ec1c       0x24 libbb/lib.a(xfuncs_printf.o)
                0x0000ec1c                xzalloc
 .text.xstrdup  0x0000ec40       0x38 libbb/lib.a(xfuncs_printf.o)
                0x0000ec40                xstrdup
 .text.xstrndup
                0x0000ec78       0x58 libbb/lib.a(xfuncs_printf.o)
                0x0000ec78                xstrndup
 .text.xfopen   0x0000ecd0       0x34 libbb/lib.a(xfuncs_printf.o)
                0x0000ecd0                xfopen
 .text.xopen3   0x0000ed04       0x34 libbb/lib.a(xfuncs_printf.o)
                0x0000ed04                xopen3
 .text.xopen    0x0000ed38        0xc libbb/lib.a(xfuncs_printf.o)
                0x0000ed38                xopen
 .text.open3_or_warn
                0x0000ed44       0x38 libbb/lib.a(xfuncs_printf.o)
                0x0000ed44                open3_or_warn
 .text.open_or_warn
                0x0000ed7c        0xc libbb/lib.a(xfuncs_printf.o)
                0x0000ed7c                open_or_warn
 .text.xunlink  0x0000ed88       0x34 libbb/lib.a(xfuncs_printf.o)
                0x0000ed88                xunlink
 .text.xrename  0x0000edbc       0x3c libbb/lib.a(xfuncs_printf.o)
                0x0000edbc                xrename
 .text.xpipe    0x0000edf8       0x2c libbb/lib.a(xfuncs_printf.o)
                0x0000edf8                xpipe
 .text.xdup2    0x0000ee24       0x30 libbb/lib.a(xfuncs_printf.o)
                0x0000ee24                xdup2
 .text.xmove_fd
                0x0000ee54       0x20 libbb/lib.a(xfuncs_printf.o)
                0x0000ee54                xmove_fd
 .text.xwrite   0x0000ee74       0x34 libbb/lib.a(xfuncs_printf.o)
                0x0000ee74                xwrite
 .text.xlseek   0x0000eea8       0x5c libbb/lib.a(xfuncs_printf.o)
                0x0000eea8                xlseek
 .text.bb_putchar
                0x0000ef04       0x28 libbb/lib.a(xfuncs_printf.o)
                0x0000ef04                bb_putchar
 .text.xprint_and_close_file
                0x0000ef2c       0x54 libbb/lib.a(xfuncs_printf.o)
                0x0000ef2c                xprint_and_close_file
 .text.xasprintf
                0x0000ef80       0x50 libbb/lib.a(xfuncs_printf.o)
                0x0000ef80                xasprintf
 .text.xsetenv  0x0000efd0       0x30 libbb/lib.a(xfuncs_printf.o)
                0x0000efd0                xsetenv
 .text.xsetgid  0x0000f000       0x2c libbb/lib.a(xfuncs_printf.o)
                0x0000f000                xsetgid
 .text.xsetuid  0x0000f02c       0x2c libbb/lib.a(xfuncs_printf.o)
                0x0000f02c                xsetuid
 .text.xchdir   0x0000f058       0x34 libbb/lib.a(xfuncs_printf.o)
                0x0000f058                xchdir
 .text.warn_opendir
                0x0000f08c       0x38 libbb/lib.a(xfuncs_printf.o)
                0x0000f08c                warn_opendir
 .text.xopendir
                0x0000f0c4       0x34 libbb/lib.a(xfuncs_printf.o)
                0x0000f0c4                xopendir
 .text.xsocket  0x0000f0f8       0x2c libbb/lib.a(xfuncs_printf.o)
                0x0000f0f8                xsocket
 .text.xbind    0x0000f124       0x2c libbb/lib.a(xfuncs_printf.o)
                0x0000f124                xbind
 .text.xlisten  0x0000f150       0x2c libbb/lib.a(xfuncs_printf.o)
                0x0000f150                xlisten
 .text.xsendto  0x0000f17c       0x44 libbb/lib.a(xfuncs_printf.o)
                0x0000f17c                xsendto
 .text.ioctl_or_perror_and_die
                0x0000f1c0       0x58 libbb/lib.a(xfuncs_printf.o)
                0x0000f1c0                ioctl_or_perror_and_die
 .text.ioctl_or_perror
                0x0000f218       0x58 libbb/lib.a(xfuncs_printf.o)
                0x0000f218                ioctl_or_perror
 .text.bb_ioctl_or_warn
                0x0000f270       0x20 libbb/lib.a(xfuncs_printf.o)
                0x0000f270                bb_ioctl_or_warn
 .text.bb_xioctl
                0x0000f290       0x1c libbb/lib.a(xfuncs_printf.o)
                0x0000f290                bb_xioctl
 .text.xmalloc_readlink
                0x0000f2ac       0x68 libbb/lib.a(xreadlink.o)
                0x0000f2ac                xmalloc_readlink
 .text.xmalloc_follow_symlinks
                0x0000f314       0xcc libbb/lib.a(xreadlink.o)
                0x0000f314                xmalloc_follow_symlinks
 .text.xmalloc_readlink_or_warn
                0x0000f3e0       0x38 libbb/lib.a(xreadlink.o)
                0x0000f3e0                xmalloc_readlink_or_warn
 .text.bb_full_fd_action
                0x0000f418      0x124 libbb/lib.a(copyfd.o)
 .text.bb_copyfd_size
                0x0000f53c       0x18 libbb/lib.a(copyfd.o)
                0x0000f53c                bb_copyfd_size
 .text.bb_copyfd_exact_size
                0x0000f554       0x50 libbb/lib.a(copyfd.o)
                0x0000f554                bb_copyfd_exact_size
 .text.bb_copyfd_eof
                0x0000f5a4        0xc libbb/lib.a(copyfd.o)
                0x0000f5a4                bb_copyfd_eof
 .text.bb_error_msg
                0x0000f5b0       0x24 libbb/lib.a(error_msg.o)
                0x0000f5b0                bb_error_msg
 .text.safe_read
                0x0000f5d4       0x54 libbb/lib.a(read.o)
                0x0000f5d4                safe_read
 .text.nonblock_safe_read
                0x0000f628       0x7c libbb/lib.a(read.o)
                0x0000f628                nonblock_safe_read
 .text.full_read
                0x0000f6a4       0x58 libbb/lib.a(read.o)
                0x0000f6a4                full_read
 .text.xread    0x0000f6fc       0x34 libbb/lib.a(read.o)
                0x0000f6fc                xread
 .text.xread_char
                0x0000f730       0x20 libbb/lib.a(read.o)
                0x0000f730                xread_char
 .text.xmalloc_reads
                0x0000f750       0xd0 libbb/lib.a(read.o)
                0x0000f750                xmalloc_reads
 .text.read_close
                0x0000f820       0x20 libbb/lib.a(read.o)
                0x0000f820                read_close
 .text.open_read_close
                0x0000f840       0x2c libbb/lib.a(read.o)
                0x0000f840                open_read_close
 .text.xmalloc_read
                0x0000f86c       0xf8 libbb/lib.a(read.o)
                0x0000f86c                xmalloc_read
 .text.xmalloc_open_read_close
                0x0000f964       0x38 libbb/lib.a(read.o)
                0x0000f964                xmalloc_open_read_close
 .text.open_zipped
                0x0000f99c      0x11c libbb/lib.a(read.o)
                0x0000f99c                open_zipped
 .text.safe_poll
                0x0000fab8       0x78 libbb/lib.a(safe_poll.o)
                0x0000fab8                safe_poll
 .text.alarm_handler
                0x0000fb30       0x50 loginutils/lib.a(login.o)
 .text.login_main
                0x0000fb80      0x438 loginutils/lib.a(login.o)
                0x0000fb80                login_main
 .text.nuke_str
                0x0000ffb8       0x24 loginutils/lib.a(passwd.o)
 .text.passwd_main
                0x0000ffdc      0x504 loginutils/lib.a(passwd.o)
                0x0000ffdc                passwd_main
 .text.bbconfig_main
                0x000104e0       0x28 miscutils/lib.a(bbconfig.o)
                0x000104e0                bbconfig_main
 .text.mountpoint_main
                0x00010508      0x270 miscutils/lib.a(mountpoint.o)
                0x00010508                mountpoint_main
 .text.mt_main  0x00010778      0x170 miscutils/lib.a(mt.o)
                0x00010778                mt_main
 .text.read_byte
                0x000108e8       0x3c miscutils/lib.a(rx.o)
 .text.sigalrm_handler
                0x00010924        0x4 miscutils/lib.a(rx.o)
 .text.rx_main  0x00010928      0x458 miscutils/lib.a(rx.o)
                0x00010928                rx_main
 .text.setsid_main
                0x00010d80       0x40 miscutils/lib.a(setsid.o)
                0x00010d80                setsid_main
 .text.check_module_name_match
                0x00010dc0       0x64 modutils/lib.a(insmod.o)
 .text.arch_new_section
                0x00010e24        0x8 modutils/lib.a(insmod.o)
 .text.arch_new_symbol
                0x00010e2c        0x8 modutils/lib.a(insmod.o)
 .text.arch_single_init
                0x00010e34       0x2c modutils/lib.a(insmod.o)
 .text.obj_find_section
                0x00010e60       0x54 modutils/lib.a(insmod.o)
 .text.obj_find_symbol
                0x00010eb4       0x64 modutils/lib.a(insmod.o)
 .text.obj_elf_hash_n
                0x00010f18       0x30 modutils/lib.a(insmod.o)
 .text.obj_elf_hash
                0x00010f48       0x1c modutils/lib.a(insmod.o)
 .text.ncv_strcmp
                0x00010f64       0xa0 modutils/lib.a(insmod.o)
 .text.ncv_symbol_hash
                0x00011004       0x40 modutils/lib.a(insmod.o)
 .text.obj_add_symbol
                0x00011044      0x21c modutils/lib.a(insmod.o)
 .text.obj_symbol_final_value
                0x00011260       0x34 modutils/lib.a(insmod.o)
 .text.obj_load_order_prio
                0x00011294       0x88 modutils/lib.a(insmod.o)
 .text.obj_insert_section_load_order
                0x0001131c       0x54 modutils/lib.a(insmod.o)
 .text.obj_create_alloced_section
                0x00011370       0x90 modutils/lib.a(insmod.o)
 .text.obj_extend_section
                0x00011400       0x34 modutils/lib.a(insmod.o)
 .text.arch_xsect_init
                0x00011434       0x54 modutils/lib.a(insmod.o)
 .text.obj_gpl_license
                0x00011488       0xdc modutils/lib.a(insmod.o)
 .text.add_symbols_from
                0x00011564       0xec modutils/lib.a(insmod.o)
 .text.get_modinfo_value
                0x00011650       0xe0 modutils/lib.a(insmod.o)
 .text.obj_string_patch
                0x00011730       0xa8 modutils/lib.a(insmod.o)
 .text.new_process_module_arguments
                0x000117d8      0x5c4 modutils/lib.a(insmod.o)
 .text.new_get_module_version
                0x00011d9c       0xcc modutils/lib.a(insmod.o)
 .text.obj_symbol_patch
                0x00011e68       0x30 modutils/lib.a(insmod.o)
 .text.new_add_ksymtab
                0x00011e98       0xb4 modutils/lib.a(insmod.o)
 .text.new_create_module_ksymtab
                0x00011f4c      0x248 modutils/lib.a(insmod.o)
 .text.obj_allocate_commons
                0x00012194      0x27c modutils/lib.a(insmod.o)
 .text.obj_load
                0x00012410      0x428 modutils/lib.a(insmod.o)
 .text.set_tainted
                0x00012838       0xe8 modutils/lib.a(insmod.o)
 .text.print_load_map
                0x00012920      0x294 modutils/lib.a(insmod.o)
 .text.insmod_main
                0x00012bb4     0x19c8 modutils/lib.a(insmod.o)
                0x00012bb4                insmod_main
 .text.lsmod_main
                0x0001457c      0x21c modutils/lib.a(lsmod.o)
                0x0001457c                lsmod_main
 .text.rmmod_main
                0x00014798      0x17c modutils/lib.a(rmmod.o)
                0x00014798                rmmod_main
 .text.arp_main
                0x00014914      0xb48 networking/lib.a(arp.o)
                0x00014914                arp_main
 .text.finish   0x0001545c       0xc8 networking/lib.a(arping.o)
 .text.catcher  0x00015524      0x1c0 networking/lib.a(arping.o)
 .text.arping_main
                0x000156e4      0x904 networking/lib.a(arping.o)
                0x000156e4                arping_main
 .text.do_sethostname
                0x00015fe8       0xd0 networking/lib.a(hostname.o)
 .text.hostname_main
                0x000160b8      0x148 networking/lib.a(hostname.o)
                0x000160b8                hostname_main
 .text.ifconfig_main
                0x00016200      0x5c8 networking/lib.a(ifconfig.o)
                0x00016200                ifconfig_main
 .text.strncpy_IFNAMSIZ
                0x000167c8        0x8 networking/lib.a(ifenslave.o)
 .text.ioctl_on_skfd
                0x000167d0       0x10 networking/lib.a(ifenslave.o)
 .text.set_ifrname_and_do_ioctl
                0x000167e0       0x28 networking/lib.a(ifenslave.o)
 .text.get_if_settings
                0x00016808       0x54 networking/lib.a(ifenslave.o)
 .text.get_slave_flags
                0x0001685c       0x38 networking/lib.a(ifenslave.o)
 .text.set_hwaddr
                0x00016894       0x34 networking/lib.a(ifenslave.o)
 .text.set_mtu  0x000168c8       0x28 networking/lib.a(ifenslave.o)
 .text.set_if_flags
                0x000168f0       0x28 networking/lib.a(ifenslave.o)
 .text.set_if_up
                0x00016918       0x3c networking/lib.a(ifenslave.o)
 .text.set_if_down
                0x00016954       0x3c networking/lib.a(ifenslave.o)
 .text.enslave  0x00016990      0x2f0 networking/lib.a(ifenslave.o)
 .text.get_drv_info
                0x00016c80      0x104 networking/lib.a(ifenslave.o)
 .text.ifenslave_main
                0x00016d84      0x364 networking/lib.a(ifenslave.o)
                0x00016d84                ifenslave_main
 .text.addstr   0x000170e8       0x54 networking/lib.a(ifupdown.o)
 .text.strncmpz
                0x0001713c       0x20 networking/lib.a(ifupdown.o)
 .text.get_var  0x0001715c       0xd8 networking/lib.a(ifupdown.o)
 .text.execute  0x00017234      0x3cc networking/lib.a(ifupdown.o)
 .text.loopback_up6
                0x00017600       0x60 networking/lib.a(ifupdown.o)
 .text.loopback_down6
                0x00017660       0x30 networking/lib.a(ifupdown.o)
 .text.static_up6
                0x00017690       0x7c networking/lib.a(ifupdown.o)
 .text.static_down6
                0x0001770c       0x30 networking/lib.a(ifupdown.o)
 .text.v4tunnel_up
                0x0001773c       0x98 networking/lib.a(ifupdown.o)
 .text.v4tunnel_down
                0x000177d4       0x30 networking/lib.a(ifupdown.o)
 .text.loopback_up
                0x00017804       0x60 networking/lib.a(ifupdown.o)
 .text.loopback_down
                0x00017864       0x60 networking/lib.a(ifupdown.o)
 .text.static_up
                0x000178c4       0x7c networking/lib.a(ifupdown.o)
 .text.static_down
                0x00017940       0x60 networking/lib.a(ifupdown.o)
 .text.dhcp_up  0x000179a0       0x54 networking/lib.a(ifupdown.o)
 .text.dhcp_down
                0x000179f4       0x60 networking/lib.a(ifupdown.o)
 .text.manual_up_down
                0x00017a54        0x8 networking/lib.a(ifupdown.o)
 .text.bootp_up
                0x00017a5c       0x30 networking/lib.a(ifupdown.o)
 .text.ppp_up   0x00017a8c       0x30 networking/lib.a(ifupdown.o)
 .text.ppp_down
                0x00017abc       0x30 networking/lib.a(ifupdown.o)
 .text.wvdial_up
                0x00017aec       0x30 networking/lib.a(ifupdown.o)
 .text.wvdial_down
                0x00017b1c       0x30 networking/lib.a(ifupdown.o)
 .text.next_word
                0x00017b4c       0x64 networking/lib.a(ifupdown.o)
 .text.setlocalenv
                0x00017bb0       0xac networking/lib.a(ifupdown.o)
 .text.set_environ
                0x00017c5c      0x1f4 networking/lib.a(ifupdown.o)
 .text.doit     0x00017e50       0xd4 networking/lib.a(ifupdown.o)
 .text.execute_all
                0x00017f24       0x84 networking/lib.a(ifupdown.o)
 .text.check    0x00017fa8        0xc networking/lib.a(ifupdown.o)
 .text.iface_up
                0x00017fb4       0xac networking/lib.a(ifupdown.o)
 .text.iface_down
                0x00018060       0xac networking/lib.a(ifupdown.o)
 .text.popen2   0x0001810c      0x104 networking/lib.a(ifupdown.o)
 .text.find_iface_state
                0x00018210       0x64 networking/lib.a(ifupdown.o)
 .text.read_iface_state
                0x00018274       0x80 networking/lib.a(ifupdown.o)
 .text.ifupdown_main
                0x000182f4      0xb58 networking/lib.a(ifupdown.o)
                0x000182f4                ifupdown_main
 .text.INET_sprint
                0x00018e4c       0x6c networking/lib.a(interface.o)
 .text.INET_input
                0x00018eb8        0x8 networking/lib.a(interface.o)
 .text.INET6_sprint
                0x00018ec0       0x68 networking/lib.a(interface.o)
 .text.INET6_input
                0x00018f28        0x4 networking/lib.a(interface.o)
 .text.UNSPEC_print
                0x00018f2c       0x7c networking/lib.a(interface.o)
 .text.UNSPEC_sprint
                0x00018fa8       0x44 networking/lib.a(interface.o)
 .text.get_aftype
                0x00018fec       0x5c networking/lib.a(interface.o)
                0x00018fec                get_aftype
 .text.get_afntype
                0x00019048       0x4c networking/lib.a(interface.o)
 .text.add_interface
                0x00019094       0xac networking/lib.a(interface.o)
 .text.if_readconf
                0x00019140       0xf0 networking/lib.a(interface.o)
 .text.if_readlist_proc
                0x00019230      0x328 networking/lib.a(interface.o)
 .text.do_if_fetch
                0x00019558      0x33c networking/lib.a(interface.o)
 .text.ether_print
                0x00019894       0x68 networking/lib.a(interface.o)
 .text.hexchar2int
                0x000198fc       0x2c networking/lib.a(interface.o)
 .text.ether_input
                0x00019928       0xd8 networking/lib.a(interface.o)
 .text.get_hwtype
                0x00019a00       0x5c networking/lib.a(interface.o)
                0x00019a00                get_hwtype
 .text.get_hwntype
                0x00019a5c       0x4c networking/lib.a(interface.o)
                0x00019a5c                get_hwntype
 .text.print_bytes_scaled
                0x00019aa8       0xb0 networking/lib.a(interface.o)
 .text.ife_print
                0x00019b58      0x64c networking/lib.a(interface.o)
 .text.in_ib    0x0001a1a4      0x114 networking/lib.a(interface.o)
                0x0001a1a4                in_ib
 .text.display_interfaces
                0x0001a2b8       0xe8 networking/lib.a(interface.o)
                0x0001a2b8                display_interfaces
 .text.ip_print_help
                0x0001a3a0        0x8 networking/lib.a(ip.o)
 .text.ip_do    0x0001a3a8       0x1c networking/lib.a(ip.o)
 .text.ipaddr_main
                0x0001a3c4       0x24 networking/lib.a(ip.o)
                0x0001a3c4                ipaddr_main
 .text.iplink_main
                0x0001a3e8       0x24 networking/lib.a(ip.o)
                0x0001a3e8                iplink_main
 .text.iproute_main
                0x0001a40c       0x24 networking/lib.a(ip.o)
                0x0001a40c                iproute_main
 .text.ip_main  0x0001a430       0x8c networking/lib.a(ip.o)
                0x0001a430                ip_main
 .text.build_ipv6_addr
                0x0001a4bc       0x7c networking/lib.a(netstat.o)
 .text.build_ipv4_addr
                0x0001a538       0x34 networking/lib.a(netstat.o)
 .text.ip_port_str
                0x0001a56c       0xb0 networking/lib.a(netstat.o)
 .text.scan_inet_proc_line
                0x0001a61c       0xc8 networking/lib.a(netstat.o)
 .text.print_inet_line
                0x0001a6e4       0xe4 networking/lib.a(netstat.o)
 .text.tcp_do_one
                0x0001a7c8       0x68 networking/lib.a(netstat.o)
 .text.udp_do_one
                0x0001a830       0xdc networking/lib.a(netstat.o)
 .text.raw_do_one
                0x0001a90c       0xac networking/lib.a(netstat.o)
 .text.unix_do_one
                0x0001a9b8      0x2e4 networking/lib.a(netstat.o)
 .text.do_info  0x0001ac9c       0x8c networking/lib.a(netstat.o)
 .text.netstat_main
                0x0001ad28      0x29c networking/lib.a(netstat.o)
                0x0001ad28                netstat_main
 .text.print_stats_and_exit
                0x0001afc4      0x1a0 networking/lib.a(ping.o)
 .text.sendping_tail
                0x0001b164      0x134 networking/lib.a(ping.o)
 .text.sendping4
                0x0001b298      0x108 networking/lib.a(ping.o)
 .text.sendping6
                0x0001b3a0       0x9c networking/lib.a(ping.o)
 .text.unpack_tail
                0x0001b43c      0x184 networking/lib.a(ping.o)
 .text.ping_main
                0x0001b5c0      0x910 networking/lib.a(ping.o)
                0x0001b5c0                ping_main
 .text.ping6_main
                0x0001bed0       0x2c networking/lib.a(ping.o)
                0x0001bed0                ping6_main
 .text.kw_lookup
                0x0001befc       0x74 networking/lib.a(route.o)
 .text.set_flags
                0x0001bf70       0x6c networking/lib.a(route.o)
 .text.bb_displayroutes
                0x0001bfdc      0x214 networking/lib.a(route.o)
                0x0001bfdc                bb_displayroutes
 .text.route_main
                0x0001c1f0      0xa44 networking/lib.a(route.o)
                0x0001c1f0                route_main
 .text.uuencode
                0x0001cc34      0x140 networking/lib.a(sendmail.o)
 .text.kill_helper
                0x0001cd74       0x38 networking/lib.a(sendmail.o)
 .text.signal_handler
                0x0001cdac       0x74 networking/lib.a(sendmail.o)
 .text.launch_helper
                0x0001ce20       0xf8 networking/lib.a(sendmail.o)
 .text.smtp_checkp
                0x0001cf18       0xf4 networking/lib.a(sendmail.o)
 .text.smtp_check
                0x0001d00c        0xc networking/lib.a(sendmail.o)
 .text.sane     0x0001d018       0x74 networking/lib.a(sendmail.o)
 .text.rcptto   0x0001d08c       0x2c networking/lib.a(sendmail.o)
 .text.sendgetmail_main
                0x0001d0b8      0x6c4 networking/lib.a(sendmail.o)
                0x0001d0b8                sendgetmail_main
 .text.alarm_catcher
                0x0001d77c       0xa0 networking/lib.a(telnetd.o)
 .text.make_new_session
                0x0001d81c      0x274 networking/lib.a(telnetd.o)
 .text.free_session
                0x0001da90       0xd8 networking/lib.a(telnetd.o)
 .text.handle_sigchld
                0x0001db68       0x54 networking/lib.a(telnetd.o)
 .text.telnetd_main
                0x0001dbbc      0x850 networking/lib.a(telnetd.o)
                0x0001dbbc                telnetd_main
 .text.tftp_main
                0x0001e40c      0x5b8 networking/lib.a(tftp.o)
                0x0001e40c                tftp_main
 .text.ifaddrlist
                0x0001e9c4      0x1d0 networking/lib.a(traceroute.o)
 .text.setsin   0x0001eb94       0x28 networking/lib.a(traceroute.o)
 .text.in_cksum
                0x0001ebbc       0x50 networking/lib.a(traceroute.o)
 .text.gethostinfo
                0x0001ec0c      0x108 networking/lib.a(traceroute.o)
 .text.freehostinfo
                0x0001ed14       0x24 networking/lib.a(traceroute.o)
 .text.traceroute_main
                0x0001ed38     0x1464 networking/lib.a(traceroute.o)
                0x0001ed38                traceroute_main
 .text.xfind_str
                0x0002019c       0x3c networking/lib.a(vconfig.o)
 .text.vconfig_main
                0x000201d8      0x168 networking/lib.a(vconfig.o)
                0x000201d8                vconfig_main
 .text.progressmeter
                0x00020340      0x4cc networking/lib.a(wget.o)
 .text.safe_fgets
                0x0002080c       0x70 networking/lib.a(wget.o)
 .text.base64enc_512
                0x0002087c       0x54 networking/lib.a(wget.o)
 .text.open_socket
                0x000208d0       0x3c networking/lib.a(wget.o)
 .text.ftpcmd   0x0002090c       0xd4 networking/lib.a(wget.o)
 .text.parse_url
                0x000209e0      0x1b0 networking/lib.a(wget.o)
 .text.gethdr   0x00020b90      0x104 networking/lib.a(wget.o)
 .text.wget_main
                0x00020c94      0xbb0 networking/lib.a(wget.o)
                0x00020c94                wget_main
 .text.ip_parse_common_args
                0x00021844      0x134 networking/libiproute/lib.a(ip_parse_common_args.o)
                0x00021844                ip_parse_common_args
 .text.flush_update
                0x00021978       0x5c networking/libiproute/lib.a(ipaddress.o)
 .text.print_addrinfo
                0x000219d4      0x5f8 networking/libiproute/lib.a(ipaddress.o)
 .text.store_nlmsg
                0x00021fcc       0x70 networking/libiproute/lib.a(ipaddress.o)
 .text.ipaddr_list_or_flush
                0x0002203c      0xa10 networking/libiproute/lib.a(ipaddress.o)
                0x0002203c                ipaddr_list_or_flush
 .text.ipaddr_modify
                0x00022a4c      0x674 networking/libiproute/lib.a(ipaddress.o)
 .text.do_ipaddr
                0x000230c0       0x8c networking/libiproute/lib.a(ipaddress.o)
                0x000230c0                do_ipaddr
 .text.get_ctl_fd
                0x0002314c       0x50 networking/libiproute/lib.a(iplink.o)
 .text.parse_address
                0x0002319c       0x8c networking/libiproute/lib.a(iplink.o)
 .text.set_address
                0x00023228       0x64 networking/libiproute/lib.a(iplink.o)
 .text.die_must_be_on_off
                0x0002328c       0x20 networking/libiproute/lib.a(iplink.o)
 .text.ipaddr_list_link
                0x000232ac       0x30 networking/libiproute/lib.a(iplink.o)
 .text.do_iplink
                0x000232dc      0x4cc networking/libiproute/lib.a(iplink.o)
                0x000232dc                do_iplink
 .text.flush_update
                0x000237a8       0x5c networking/libiproute/lib.a(iproute.o)
 .text.print_route
                0x00023804      0x79c networking/libiproute/lib.a(iproute.o)
 .text.iproute_reset_filter
                0x00023fa0       0x3c networking/libiproute/lib.a(iproute.o)
 .text.iproute_list_or_flush
                0x00023fdc      0x5ec networking/libiproute/lib.a(iproute.o)
 .text.do_iproute
                0x000245c8      0xac4 networking/libiproute/lib.a(iproute.o)
                0x000245c8                do_iproute
 .text.xrtnl_open
                0x0002508c       0xd4 networking/libiproute/lib.a(libnetlink.o)
                0x0002508c                xrtnl_open
 .text.xrtnl_wilddump_request
                0x00025160       0x8c networking/libiproute/lib.a(libnetlink.o)
                0x00025160                xrtnl_wilddump_request
 .text.rtnl_send
                0x000251ec       0x54 networking/libiproute/lib.a(libnetlink.o)
                0x000251ec                rtnl_send
 .text.xrtnl_dump_filter
                0x00025240      0x244 networking/libiproute/lib.a(libnetlink.o)
                0x00025240                xrtnl_dump_filter
 .text.rtnl_talk
                0x00025484      0x2e0 networking/libiproute/lib.a(libnetlink.o)
                0x00025484                rtnl_talk
 .text.addattr32
                0x00025764       0x58 networking/libiproute/lib.a(libnetlink.o)
                0x00025764                addattr32
 .text.addattr_l
                0x000257bc       0x6c networking/libiproute/lib.a(libnetlink.o)
                0x000257bc                addattr_l
 .text.rta_addattr32
                0x00025828       0x58 networking/libiproute/lib.a(libnetlink.o)
                0x00025828                rta_addattr32
 .text.parse_rtattr
                0x00025880       0x7c networking/libiproute/lib.a(libnetlink.o)
                0x00025880                parse_rtattr
 .text.ll_addr_n2a
                0x000258fc       0xcc networking/libiproute/lib.a(ll_addr.o)
                0x000258fc                ll_addr_n2a
 .text.ll_addr_a2n
                0x000259c8      0x100 networking/libiproute/lib.a(ll_addr.o)
                0x000259c8                ll_addr_a2n
 .text.find_by_index
                0x00025ac8       0x4c networking/libiproute/lib.a(ll_map.o)
 .text.ll_remember_index
                0x00025b14      0x134 networking/libiproute/lib.a(ll_map.o)
                0x00025b14                ll_remember_index
 .text.ll_idx_n2a
                0x00025c48       0x60 networking/libiproute/lib.a(ll_map.o)
                0x00025c48                ll_idx_n2a
 .text.ll_index_to_name
                0x00025ca8       0x24 networking/libiproute/lib.a(ll_map.o)
                0x00025ca8                ll_index_to_name
 .text.ll_index_to_flags
                0x00025ccc       0x24 networking/libiproute/lib.a(ll_map.o)
                0x00025ccc                ll_index_to_flags
 .text.xll_name_to_index
                0x00025cf0       0x98 networking/libiproute/lib.a(ll_map.o)
                0x00025cf0                xll_name_to_index
 .text.ll_init_map
                0x00025d88       0x48 networking/libiproute/lib.a(ll_map.o)
                0x00025d88                ll_init_map
 .text.ll_type_n2a
                0x00025dd0       0x90 networking/libiproute/lib.a(ll_types.o)
                0x00025dd0                ll_type_n2a
 .text.rtnl_tab_initialize
                0x00025e60       0xb0 networking/libiproute/lib.a(rt_names.o)
 .text.rtnl_rtprot_initialize
                0x00025f10       0x84 networking/libiproute/lib.a(rt_names.o)
 .text.rtnl_rtprot_a2n
                0x00025f94      0x104 networking/libiproute/lib.a(rt_names.o)
                0x00025f94                rtnl_rtprot_a2n
 .text.rtnl_rtscope_initialize
                0x00026098       0xa0 networking/libiproute/lib.a(rt_names.o)
 .text.rtnl_rtscope_n2a
                0x00026138       0x88 networking/libiproute/lib.a(rt_names.o)
                0x00026138                rtnl_rtscope_n2a
 .text.rtnl_rtscope_a2n
                0x000261c0      0x104 networking/libiproute/lib.a(rt_names.o)
                0x000261c0                rtnl_rtscope_a2n
 .text.rtnl_rtntype_n2a
                0x000262c4      0x108 networking/libiproute/lib.a(rtm_map.o)
                0x000262c4                rtnl_rtntype_n2a
 .text.rtnl_rtntype_a2n
                0x000263cc      0x104 networking/libiproute/lib.a(rtm_map.o)
                0x000263cc                rtnl_rtntype_a2n
 .text.get_integer
                0x000264d0       0x64 networking/libiproute/lib.a(utils.o)
                0x000264d0                get_integer
 .text.get_unsigned
                0x00026534       0x64 networking/libiproute/lib.a(utils.o)
                0x00026534                get_unsigned
 .text.get_addr_1
                0x00026598      0x184 networking/libiproute/lib.a(utils.o)
                0x00026598                get_addr_1
 .text.get_prefix_1
                0x0002671c      0x110 networking/libiproute/lib.a(utils.o)
                0x0002671c                get_prefix_1
 .text.get_addr
                0x0002682c       0x44 networking/libiproute/lib.a(utils.o)
                0x0002682c                get_addr
 .text.get_prefix
                0x00026870       0x44 networking/libiproute/lib.a(utils.o)
                0x00026870                get_prefix
 .text.incomplete_command
                0x000268b4       0x1c networking/libiproute/lib.a(utils.o)
                0x000268b4                incomplete_command
 .text.invarg   0x000268d0       0x28 networking/libiproute/lib.a(utils.o)
                0x000268d0                invarg
 .text.duparg   0x000268f8       0x28 networking/libiproute/lib.a(utils.o)
                0x000268f8                duparg
 .text.duparg2  0x00026920       0x28 networking/libiproute/lib.a(utils.o)
                0x00026920                duparg2
 .text.inet_addr_match
                0x00026948       0x88 networking/libiproute/lib.a(utils.o)
                0x00026948                inet_addr_match
 .text.rt_addr_n2a
                0x000269d0       0x44 networking/libiproute/lib.a(utils.o)
                0x000269d0                rt_addr_n2a
 .text.format_host
                0x00026a14        0xc networking/libiproute/lib.a(utils.o)
                0x00026a14                format_host
 .text.change_listen_mode
                0x00026a20       0x4c networking/udhcp/lib.a(dhcpc.o)
 .text.perform_release
                0x00026a6c       0xb8 networking/udhcp/lib.a(dhcpc.o)
 .text.client_background
                0x00026b24       0x4c networking/udhcp/lib.a(dhcpc.o)
 .text.alloc_dhcp_option
                0x00026b70       0x58 networking/udhcp/lib.a(dhcpc.o)
 .text.udhcpc_main
                0x00026bc8      0xb64 networking/udhcp/lib.a(dhcpc.o)
                0x00026bc8                udhcpc_main
 .text.udhcp_get_option
                0x0002772c      0x120 networking/udhcp/lib.a(options.o)
                0x0002772c                udhcp_get_option
 .text.udhcp_end_option
                0x0002784c       0x3c networking/udhcp/lib.a(options.o)
                0x0002784c                udhcp_end_option
 .text.udhcp_add_option_string
                0x00027888       0x80 networking/udhcp/lib.a(options.o)
                0x00027888                udhcp_add_option_string
 .text.udhcp_add_simple_option
                0x00027908       0xac networking/udhcp/lib.a(options.o)
                0x00027908                udhcp_add_simple_option
 .text.udhcp_init_header
                0x000279b4       0x80 networking/udhcp/lib.a(packet.o)
                0x000279b4                udhcp_init_header
 .text.udhcp_recv_kernel_packet
                0x00027a34       0xec networking/udhcp/lib.a(packet.o)
                0x00027a34                udhcp_recv_kernel_packet
 .text.udhcp_checksum
                0x00027b20       0x70 networking/udhcp/lib.a(packet.o)
                0x00027b20                udhcp_checksum
 .text.udhcp_send_raw_packet
                0x00027b90      0x228 networking/udhcp/lib.a(packet.o)
                0x00027b90                udhcp_send_raw_packet
 .text.udhcp_send_kernel_packet
                0x00027db8      0x144 networking/udhcp/lib.a(packet.o)
                0x00027db8                udhcp_send_kernel_packet
 .text.sprintip
                0x00027efc       0x4c networking/udhcp/lib.a(script.o)
 .text.udhcp_run_script
                0x00027f48      0x6c4 networking/udhcp/lib.a(script.o)
                0x00027f48                udhcp_run_script
 .text.signal_handler
                0x0002860c       0x50 networking/udhcp/lib.a(signalpipe.o)
 .text.udhcp_sp_setup
                0x0002865c       0x54 networking/udhcp/lib.a(signalpipe.o)
                0x0002865c                udhcp_sp_setup
 .text.udhcp_sp_fd_set
                0x000286b0       0x8c networking/udhcp/lib.a(signalpipe.o)
                0x000286b0                udhcp_sp_fd_set
 .text.udhcp_sp_read
                0x0002873c       0x60 networking/udhcp/lib.a(signalpipe.o)
                0x0002873c                udhcp_sp_read
 .text.udhcp_read_interface
                0x0002879c      0x13c networking/udhcp/lib.a(socket.o)
                0x0002879c                udhcp_read_interface
 .text.udhcp_listen_socket
                0x000288d8       0xe0 networking/udhcp/lib.a(socket.o)
                0x000288d8                udhcp_listen_socket
 .text.arpping  0x000289b8      0x200 networking/udhcp/lib.a(arpping.o)
                0x000289b8                arpping
 .text.random_xid
                0x00028bb8       0x40 networking/udhcp/lib.a(clientpacket.o)
                0x00028bb8                random_xid
 .text.init_packet
                0x00028bf8       0x90 networking/udhcp/lib.a(clientpacket.o)
 .text.add_param_req_option
                0x00028c88       0xd8 networking/udhcp/lib.a(clientpacket.o)
 .text.send_decline
                0x00028d60       0xb0 networking/udhcp/lib.a(clientpacket.o)
                0x00028d60                send_decline
 .text.send_discover
                0x00028e10       0xb8 networking/udhcp/lib.a(clientpacket.o)
                0x00028e10                send_discover
 .text.send_selecting
                0x00028ec8       0xc4 networking/udhcp/lib.a(clientpacket.o)
                0x00028ec8                send_selecting
 .text.send_renew
                0x00028f8c       0xc0 networking/udhcp/lib.a(clientpacket.o)
                0x00028f8c                send_renew
 .text.send_release
                0x0002904c       0x7c networking/udhcp/lib.a(clientpacket.o)
                0x0002904c                send_release
 .text.udhcp_recv_raw_packet
                0x000290c8      0x1cc networking/udhcp/lib.a(clientpacket.o)
                0x000290c8                udhcp_recv_raw_packet
 .text.raw_socket
                0x00029294       0x78 networking/udhcp/lib.a(clientsocket.o)
                0x00029294                raw_socket
 .text.dname_dec
                0x0002930c      0x1a0 networking/udhcp/lib.a(domain_codec.o)
                0x0002930c                dname_dec
 .text.kill_main
                0x000294ac      0x364 procps/lib.a(kill.o)
                0x000294ac                kill_main
 .text.ps_main  0x00029810      0x164 procps/lib.a(ps.o)
                0x00029810                ps_main
 .text.pid_sort
                0x00029974       0x10 procps/lib.a(top.o)
 .text.mem_sort
                0x00029984       0x20 procps/lib.a(top.o)
 .text.pcpu_sort
                0x000299a4       0x10 procps/lib.a(top.o)
 .text.time_sort
                0x000299b4       0x20 procps/lib.a(top.o)
 .text.mult_lvl_cmp
                0x000299d4       0x54 procps/lib.a(top.o)
 .text.do_stats
                0x00029a28      0x248 procps/lib.a(top.o)
 .text.display_process_list
                0x00029c70      0x66c procps/lib.a(top.o)
 .text.clearmems
                0x0002a2dc       0x38 procps/lib.a(top.o)
 .text.reset_term
                0x0002a314       0x30 procps/lib.a(top.o)
 .text.sig_catcher
                0x0002a344       0x10 procps/lib.a(top.o)
 .text.top_main
                0x0002a354      0x414 procps/lib.a(top.o)
                0x0002a354                top_main
 .text.raise_exception
                0x0002a768       0x3c shell/lib.a(ash.o)
 .text.raise_interrupt
                0x0002a7a4       0x78 shell/lib.a(ash.o)
 .text.int_on   0x0002a81c       0x48 shell/lib.a(ash.o)
 .text.force_int_on
                0x0002a864       0x38 shell/lib.a(ash.o)
 .text.ignoresig
                0x0002a89c       0x48 shell/lib.a(ash.o)
 .text.onsig    0x0002a8e4       0x5c shell/lib.a(ash.o)
 .text.outstr   0x0002a940       0x38 shell/lib.a(ash.o)
 .text.flush_stdout_stderr
                0x0002a978       0x5c shell/lib.a(ash.o)
 .text.flush_stderr
                0x0002a9d4       0x48 shell/lib.a(ash.o)
 .text.outcslow
                0x0002aa1c       0x44 shell/lib.a(ash.o)
 .text.out1fmt  0x0002aa60       0x54 shell/lib.a(ash.o)
 .text.fmtstr   0x0002aab4       0x54 shell/lib.a(ash.o)
 .text.out1str  0x0002ab08       0x28 shell/lib.a(ash.o)
 .text.out2str  0x0002ab30       0x2c shell/lib.a(ash.o)
 .text.freefunc
                0x0002ab5c       0x20 shell/lib.a(ash.o)
 .text.ash_vmsg
                0x0002ab7c       0xf8 shell/lib.a(ash.o)
 .text.ash_vmsg_and_raise
                0x0002ac74       0x1c shell/lib.a(ash.o)
 .text.ash_msg_and_raise_error
                0x0002ac90       0x14 shell/lib.a(ash.o)
 .text.ash_msg_and_raise
                0x0002aca4       0x10 shell/lib.a(ash.o)
 .text.ash_msg  0x0002acb4       0x20 shell/lib.a(ash.o)
 .text.errmsg   0x0002acd4       0x14 shell/lib.a(ash.o)
 .text.ckrealloc
                0x0002ace8       0x2c shell/lib.a(ash.o)
 .text.ckmalloc
                0x0002ad14        0xc shell/lib.a(ash.o)
 .text.ckzalloc
                0x0002ad20       0x1c shell/lib.a(ash.o)
 .text.ckstrdup
                0x0002ad3c       0x2c shell/lib.a(ash.o)
 .text.stalloc  0x0002ad68       0xbc shell/lib.a(ash.o)
 .text.stzalloc
                0x0002ae24       0x1c shell/lib.a(ash.o)
 .text.stunalloc
                0x0002ae40       0x3c shell/lib.a(ash.o)
 .text.ststrdup
                0x0002ae7c       0x28 shell/lib.a(ash.o)
 .text.setstackmark
                0x0002aea4       0x3c shell/lib.a(ash.o)
 .text.popstackmark
                0x0002aee0       0xbc shell/lib.a(ash.o)
 .text.growstackblock
                0x0002af9c      0x134 shell/lib.a(ash.o)
 .text.growstackstr
                0x0002b0d0       0x64 shell/lib.a(ash.o)
 .text.makestrspace
                0x0002b134       0x58 shell/lib.a(ash.o)
 .text.stack_nputstr
                0x0002b18c       0x2c shell/lib.a(ash.o)
 .text.stack_putstr
                0x0002b1b8       0x24 shell/lib.a(ash.o)
 .text._STPUTC  0x0002b1dc       0x44 shell/lib.a(ash.o)
 .text.prefix   0x0002b220       0x34 shell/lib.a(ash.o)
 .text.is_number
                0x0002b254       0x2c shell/lib.a(ash.o)
 .text.number   0x0002b280       0x3c shell/lib.a(ash.o)
 .text.single_quote
                0x0002b2bc       0xe4 shell/lib.a(ash.o)
 .text.nextopt  0x0002b3a0      0x138 shell/lib.a(ash.o)
 .text.freeparam
                0x0002b4d8       0x40 shell/lib.a(ash.o)
 .text.change_lc_all
                0x0002b518       0x20 shell/lib.a(ash.o)
 .text.change_lc_ctype
                0x0002b538       0x20 shell/lib.a(ash.o)
 .text.endofname
                0x0002b558       0x4c shell/lib.a(ash.o)
 .text.varcmp   0x0002b5a4       0x44 shell/lib.a(ash.o)
 .text.varequal
                0x0002b5e8       0x14 shell/lib.a(ash.o)
 .text.hashvar  0x0002b5fc       0x60 shell/lib.a(ash.o)
 .text.vpcmp    0x0002b65c        0xc shell/lib.a(ash.o)
 .text.findvar  0x0002b668       0x40 shell/lib.a(ash.o)
 .text.lookupvar
                0x0002b6a8       0x5c shell/lib.a(ash.o)
 .text.bltinlookup
                0x0002b704       0x68 shell/lib.a(ash.o)
 .text.setvareq
                0x0002b76c      0x12c shell/lib.a(ash.o)
 .text.setvar   0x0002b898       0xfc shell/lib.a(ash.o)
 .text.unsetvar
                0x0002b994       0xbc shell/lib.a(ash.o)
 .text.listsetvar
                0x0002ba50       0x58 shell/lib.a(ash.o)
 .text.listvars
                0x0002baa8       0xe4 shell/lib.a(ash.o)
 .text.padvance
                0x0002bb8c      0x12c shell/lib.a(ash.o)
 .text.setprompt
                0x0002bcb8       0x90 shell/lib.a(ash.o)
 .text.cdopt    0x0002bd48       0x48 shell/lib.a(ash.o)
 .text.setpwd   0x0002bd90      0x114 shell/lib.a(ash.o)
 .text.cdcmd    0x0002bea4      0x430 shell/lib.a(ash.o)
 .text.pwdcmd   0x0002c2d4       0x68 shell/lib.a(ash.o)
 .text.SIT      0x0002c33c       0x94 shell/lib.a(ash.o)
 .text.__lookupalias
                0x0002c3d0       0x94 shell/lib.a(ash.o)
 .text.lookupalias
                0x0002c464       0x38 shell/lib.a(ash.o)
 .text.freealias
                0x0002c49c       0x40 shell/lib.a(ash.o)
 .text.unalias  0x0002c4dc       0x5c shell/lib.a(ash.o)
 .text.printalias
                0x0002c538       0x3c shell/lib.a(ash.o)
 .text.aliascmd
                0x0002c574      0x180 shell/lib.a(ash.o)
 .text.unaliascmd
                0x0002c6f4      0x138 shell/lib.a(ash.o)
 .text.setsignal
                0x0002c82c      0x1c0 shell/lib.a(ash.o)
 .text.set_curjob
                0x0002c9ec       0x78 shell/lib.a(ash.o)
 .text.jobno    0x0002ca64       0x44 shell/lib.a(ash.o)
 .text.getjob   0x0002caa8      0x19c shell/lib.a(ash.o)
 .text.freejob  0x0002cc44       0x90 shell/lib.a(ash.o)
 .text.xtcsetpgrp
                0x0002ccd4       0x2c shell/lib.a(ash.o)
 .text.setjobctl
                0x0002cd00      0x1d8 shell/lib.a(ash.o)
 .text.killcmd  0x0002ced8       0xac shell/lib.a(ash.o)
 .text.showpipe
                0x0002cf84       0x68 shell/lib.a(ash.o)
 .text.sprint_status
                0x0002cfec       0xe4 shell/lib.a(ash.o)
 .text.dowait   0x0002d0d0      0x1e4 shell/lib.a(ash.o)
 .text.showjob  0x0002d2b4      0x200 shell/lib.a(ash.o)
 .text.showjobs
                0x0002d4b4       0x78 shell/lib.a(ash.o)
 .text.jobscmd  0x0002d52c       0xac shell/lib.a(ash.o)
 .text.getstatus
                0x0002d5d8       0x4c shell/lib.a(ash.o)
 .text.waitforjob
                0x0002d624       0xa0 shell/lib.a(ash.o)
 .text.fg_bgcmd
                0x0002d6c4      0x16c shell/lib.a(ash.o)
 .text.waitcmd  0x0002d830      0x140 shell/lib.a(ash.o)
 .text.makejob  0x0002d970      0x1d0 shell/lib.a(ash.o)
 .text.cmdputs  0x0002db40      0x218 shell/lib.a(ash.o)
 .text.cmdtxt   0x0002dd58      0x378 shell/lib.a(ash.o)
 .text.cmdlist  0x0002e0d0       0x64 shell/lib.a(ash.o)
 .text.stoppedjobs
                0x0002e134       0x74 shell/lib.a(ash.o)
 .text.copyfd   0x0002e1a8       0x70 shell/lib.a(ash.o)
 .text.need_to_remember
                0x0002e218       0x44 shell/lib.a(ash.o)
 .text.is_hidden_fd
                0x0002e25c       0x94 shell/lib.a(ash.o)
 .text.popredir
                0x0002e2f0      0x100 shell/lib.a(ash.o)
 .text.clearredir
                0x0002e3f0       0x44 shell/lib.a(ash.o)
 .text.cvtnum   0x0002e434       0x68 shell/lib.a(ash.o)
 .text.esclen   0x0002e49c       0x38 shell/lib.a(ash.o)
 .text._rmescapes
                0x0002e4d4      0x150 shell/lib.a(ash.o)
 .text.preglob  0x0002e624       0x10 shell/lib.a(ash.o)
 .text.memtodest
                0x0002e634       0x90 shell/lib.a(ash.o)
 .text.recordregion
                0x0002e6c4       0x8c shell/lib.a(ash.o)
 .text.removerecordregions
                0x0002e750      0x164 shell/lib.a(ash.o)
 .text.scanleft
                0x0002e8b4       0x7c shell/lib.a(ash.o)
 .text.scanright
                0x0002e930       0xa4 shell/lib.a(ash.o)
 .text.varunset
                0x0002e9d4       0x84 shell/lib.a(ash.o)
 .text.addfname
                0x0002ea58       0x48 shell/lib.a(ash.o)
 .text.expmeta  0x0002eaa0      0x2e0 shell/lib.a(ash.o)
 .text.msort    0x0002ed80       0xbc shell/lib.a(ash.o)
 .text.tryexec  0x0002ee3c       0xc0 shell/lib.a(ash.o)
 .text.shellexec
                0x0002eefc      0x13c shell/lib.a(ash.o)
 .text.clearcmdentry
                0x0002f038       0xc4 shell/lib.a(ash.o)
 .text.cmdlookup
                0x0002f0fc       0xec shell/lib.a(ash.o)
 .text.delete_cmd_entry
                0x0002f1e8       0x68 shell/lib.a(ash.o)
 .text.changepath
                0x0002f250      0x11c shell/lib.a(ash.o)
 .text.tokname  0x0002f36c       0x6c shell/lib.a(ash.o)
 .text.pstrcmp  0x0002f3d8        0xc shell/lib.a(ash.o)
 .text.findkwd  0x0002f3e4       0x48 shell/lib.a(ash.o)
 .text.sizenodelist
                0x0002f42c       0x48 shell/lib.a(ash.o)
 .text.calcsize
                0x0002f474      0x154 shell/lib.a(ash.o)
 .text.nodeckstrdup
                0x0002f5c8       0x50 shell/lib.a(ash.o)
 .text.copynodelist
                0x0002f618       0x6c shell/lib.a(ash.o)
 .text.copynode
                0x0002f684      0x168 shell/lib.a(ash.o)
 .text.optschanged
                0x0002f7ec       0x70 shell/lib.a(ash.o)
 .text.localcmd
                0x0002f85c      0x150 shell/lib.a(ash.o)
 .text.falsecmd
                0x0002f9ac        0x8 shell/lib.a(ash.o)
 .text.truecmd  0x0002f9b4        0x8 shell/lib.a(ash.o)
 .text.execcmd  0x0002f9bc       0x64 shell/lib.a(ash.o)
 .text.returncmd
                0x0002fa20       0x64 shell/lib.a(ash.o)
 .text.find_builtin
                0x0002fa84       0x44 shell/lib.a(ash.o)
 .text.isassignment
                0x0002fac8       0x30 shell/lib.a(ash.o)
 .text.bltincmd
                0x0002faf8       0x24 shell/lib.a(ash.o)
 .text.evalbltin
                0x0002fb1c      0x120 shell/lib.a(ash.o)
 .text.goodname
                0x0002fc3c       0x18 shell/lib.a(ash.o)
 .text.breakcmd
                0x0002fc54       0x9c shell/lib.a(ash.o)
 .text.popstring
                0x0002fcf0       0xf8 shell/lib.a(ash.o)
 .text.pgetc    0x0002fde8      0x330 shell/lib.a(ash.o)
 .text.pgetc2   0x00030118       0x14 shell/lib.a(ash.o)
 .text.pungetc  0x0003012c       0x44 shell/lib.a(ash.o)
 .text.pushstring
                0x00030170       0xcc shell/lib.a(ash.o)
 .text.pushfile
                0x0003023c       0x90 shell/lib.a(ash.o)
 .text.popfile  0x000302cc       0xd4 shell/lib.a(ash.o)
 .text.popallfiles
                0x000303a0       0x50 shell/lib.a(ash.o)
 .text.forkshell
                0x000303f0      0x3b0 shell/lib.a(ash.o)
 .text.setinputfile
                0x000307a0      0x134 shell/lib.a(ash.o)
 .text.setinputstring
                0x000308d4       0x90 shell/lib.a(ash.o)
 .text.setparam
                0x00030964       0x9c shell/lib.a(ash.o)
 .text.options  0x00030a00      0x340 shell/lib.a(ash.o)
 .text.shiftcmd
                0x00030d40       0xcc shell/lib.a(ash.o)
 .text.showvars
                0x00030e0c       0xe4 shell/lib.a(ash.o)
 .text.setcmd   0x00030ef0       0x94 shell/lib.a(ash.o)
 .text.change_random
                0x00030f84       0xc8 shell/lib.a(ash.o)
 .text.raise_error_syntax
                0x0003104c       0x20 shell/lib.a(ash.o)
 .text.raise_error_unexpected_syntax
                0x0003106c       0x78 shell/lib.a(ash.o)
 .text.makename
                0x000310e4       0x4c shell/lib.a(ash.o)
 .text.fixredir
                0x00031130       0x94 shell/lib.a(ash.o)
 .text.xxreadtoken
                0x000311c4      0x1d8 shell/lib.a(ash.o)
 .text.readtoken
                0x0003139c      0x118 shell/lib.a(ash.o)
 .text.parsefname
                0x000314b4      0x160 shell/lib.a(ash.o)
 .text.peektoken
                0x00031614       0x40 shell/lib.a(ash.o)
 .text.list     0x00031654      0x1d4 shell/lib.a(ash.o)
 .text.readtoken1
                0x00031828     0x1078 shell/lib.a(ash.o)
 .text.parseheredoc
                0x000328a0       0xc0 shell/lib.a(ash.o)
 .text.parse_command
                0x00032960      0x814 shell/lib.a(ash.o)
 .text.pipeline
                0x00033174       0xfc shell/lib.a(ash.o)
 .text.parsecmd
                0x00033270       0x7c shell/lib.a(ash.o)
 .text.exitcmd  0x000332ec       0x4c shell/lib.a(ash.o)
 .text.trapcmd  0x00033338      0x158 shell/lib.a(ash.o)
 .text.exportcmd
                0x00033490       0xd4 shell/lib.a(ash.o)
 .text.unsetcmd
                0x00033564       0xa8 shell/lib.a(ash.o)
 .text.timescmd
                0x0003360c       0xc4 shell/lib.a(ash.o)
 .text.readcmd  0x000336d0      0x52c shell/lib.a(ash.o)
 .text.umaskcmd
                0x00033bfc      0x1f0 shell/lib.a(ash.o)
 .text.printlim
                0x00033dec       0x6c shell/lib.a(ash.o)
 .text.ulimitcmd
                0x00033e58      0x260 shell/lib.a(ash.o)
 .text.arith    0x000340b8      0x8f4 shell/lib.a(ash.o)
 .text.dash_arith
                0x000349ac       0xac shell/lib.a(ash.o)
 .text.letcmd   0x00034a58       0x50 shell/lib.a(ash.o)
 .text.argstr   0x00034aa8      0x708 shell/lib.a(ash.o)
 .text.expandarg
                0x000351b0      0x4f0 shell/lib.a(ash.o)
 .text.expredir
                0x000356a0       0xc4 shell/lib.a(ash.o)
 .text.redirect
                0x00035764      0x5d4 shell/lib.a(ash.o)
 .text.redirectsafe
                0x00035d38       0xd0 shell/lib.a(ash.o)
 .text.evaltree
                0x00035e08      0x478 shell/lib.a(ash.o)
 .text.evalstring
                0x00036280       0x94 shell/lib.a(ash.o)
 .text.evalcmd  0x00036314       0xac shell/lib.a(ash.o)
 .text.cmdloop  0x000363c0      0x13c shell/lib.a(ash.o)
 .text.find_command
                0x000364fc      0x434 shell/lib.a(ash.o)
 .text.describe_command
                0x00036930      0x238 shell/lib.a(ash.o)
 .text.typecmd  0x00036b68       0x60 shell/lib.a(ash.o)
 .text.commandcmd
                0x00036bc8       0x7c shell/lib.a(ash.o)
 .text.hashcmd  0x00036c44      0x1c8 shell/lib.a(ash.o)
 .text.evalpipe
                0x00036e0c      0x1cc shell/lib.a(ash.o)
 .text.dotcmd   0x00036fd8      0x18c shell/lib.a(ash.o)
 .text.evalloop
                0x00037164      0x130 shell/lib.a(ash.o)
 .text.evalfun  0x00037294      0x25c shell/lib.a(ash.o)
 .text.evalsubshell
                0x000374f0       0xe4 shell/lib.a(ash.o)
 .text.evalfor  0x000375d4      0x178 shell/lib.a(ash.o)
 .text.evalcommand
                0x0003774c      0x634 shell/lib.a(ash.o)
 .text.subevalvar
                0x00037d80      0x678 shell/lib.a(ash.o)
 .text.evalvar  0x000383f8      0x6f0 shell/lib.a(ash.o)
 .text.evalcase
                0x00038ae8      0x1b0 shell/lib.a(ash.o)
 .text.arith_lookup_val
                0x00038c98       0xc0 shell/lib.a(ash.o)
 .text.exitshell
                0x00038d58       0x98 shell/lib.a(ash.o)
 .text.read_profile
                0x00038df0       0x30 shell/lib.a(ash.o)
 .text.ash_main
                0x00038e20      0x71c shell/lib.a(ash.o)
                0x00038e20                ash_main
 .text.dmesg_main
                0x0003953c      0x114 util-linux/lib.a(dmesg.o)
                0x0003953c                dmesg_main
 .text.verbose_mount
                0x00039650       0x94 util-linux/lib.a(mount.o)
 .text.append_mount_options
                0x000396e4      0x100 util-linux/lib.a(mount.o)
 .text.parse_mount_options
                0x000397e4      0x12c util-linux/lib.a(mount.o)
 .text.mount_it_now
                0x00039910      0x118 util-linux/lib.a(mount.o)
 .text.nfs_strerror
                0x00039a28       0x74 util-linux/lib.a(mount.o)
 .text.xdr_fhstatus
                0x00039a9c       0x44 util-linux/lib.a(mount.o)
 .text.xdr_dirpath
                0x00039ae0       0x18 util-linux/lib.a(mount.o)
 .text.xdr_mountres3
                0x00039af8       0x94 util-linux/lib.a(mount.o)
 .text.daemonize
                0x00039b8c       0xb0 util-linux/lib.a(mount.o)
 .text.error_msg_rpc
                0x00039c3c       0x78 util-linux/lib.a(mount.o)
 .text.singlemount
                0x00039cb4     0x1440 util-linux/lib.a(mount.o)
 .text.mount_main
                0x0003b0f4      0x458 util-linux/lib.a(mount.o)
                0x0003b0f4                mount_main
 .text.pivot_root_main
                0x0003b54c       0x2c util-linux/lib.a(pivot_root.o)
                0x0003b54c                pivot_root_main
 .text.handle_sigchld
                0x0003b578       0x28 util-linux/lib.a(script.o)
 .text.script_main
                0x0003b5a0      0x490 util-linux/lib.a(script.o)
                0x0003b5a0                script_main
 .text.umount_main
                0x0003ba30      0x318 util-linux/lib.a(umount.o)
                0x0003ba30                umount_main
 .text.open_to_or_warn
                0x0003bd48       0x38 archival/lib.a(bbunzip.o)
 .text.bbunpack
                0x0003bd80      0x1e4 archival/lib.a(bbunzip.o)
                0x0003bd80                bbunpack
 .text.make_new_name_gunzip
                0x0003bf64       0xc0 archival/lib.a(bbunzip.o)
 .text.unpack_gunzip
                0x0003c024       0x90 archival/lib.a(bbunzip.o)
 .text.gunzip_main
                0x0003c0b4       0x90 archival/lib.a(bbunzip.o)
                0x0003c0b4                gunzip_main
 .text.flush_outbuf
                0x0003c144       0x44 archival/lib.a(gzip.o)
 .text.put_16bit
                0x0003c188       0x94 archival/lib.a(gzip.o)
 .text.put_32bit
                0x0003c21c       0x20 archival/lib.a(gzip.o)
 .text.file_read
                0x0003c23c       0x90 archival/lib.a(gzip.o)
 .text.send_bits
                0x0003c2cc       0x8c archival/lib.a(gzip.o)
 .text.bi_reverse
                0x0003c358       0x28 archival/lib.a(gzip.o)
 .text.bi_windup
                0x0003c380       0x78 archival/lib.a(gzip.o)
 .text.copy_block
                0x0003c3f8       0x88 archival/lib.a(gzip.o)
 .text.fill_window
                0x0003c480      0x158 archival/lib.a(gzip.o)
 .text.init_block
                0x0003c5d8       0xe8 archival/lib.a(gzip.o)
 .text.pqdownheap
                0x0003c6c0      0x124 archival/lib.a(gzip.o)
 .text.gen_codes
                0x0003c7e4       0xc0 archival/lib.a(gzip.o)
 .text.build_tree
                0x0003c8a4      0x500 archival/lib.a(gzip.o)
 .text.scan_tree
                0x0003cda4      0x14c archival/lib.a(gzip.o)
 .text.send_tree
                0x0003cef0      0x1ac archival/lib.a(gzip.o)
 .text.ct_tally
                0x0003d09c      0x264 archival/lib.a(gzip.o)
 .text.compress_block
                0x0003d300      0x1c8 archival/lib.a(gzip.o)
 .text.flush_block
                0x0003d4c8      0x310 archival/lib.a(gzip.o)
 .text.make_new_name_gzip
                0x0003d7d8       0x28 archival/lib.a(gzip.o)
 .text.pack_gzip
                0x0003d800      0x990 archival/lib.a(gzip.o)
 .text.gzip_main
                0x0003e190      0x1f0 archival/lib.a(gzip.o)
                0x0003e190                gzip_main
 .text.putOctal
                0x0003e380       0x70 archival/lib.a(tar.o)
 .text.chksum_and_xwrite
                0x0003e3f0       0x88 archival/lib.a(tar.o)
 .text.writeLongname
                0x0003e478      0x120 archival/lib.a(tar.o)
 .text.writeFileToTarball
                0x0003e598      0x738 archival/lib.a(tar.o)
 .text.vfork_compressor
                0x0003ecd0      0x118 archival/lib.a(tar.o)
 .text.writeTarFile
                0x0003ede8      0x16c archival/lib.a(tar.o)
 .text.append_file_list_to_list
                0x0003ef54       0x84 archival/lib.a(tar.o)
 .text.get_header_tar_Z
                0x0003efd8       0x98 archival/lib.a(tar.o)
 .text.tar_main
                0x0003f070      0x390 archival/lib.a(tar.o)
                0x0003f070                tar_main
 .text.unzip_skip
                0x0003f400       0x10 archival/lib.a(unzip.o)
 .text.unzip_create_leading_dirs
                0x0003f410       0x4c archival/lib.a(unzip.o)
 .text.unzip_main
                0x0003f45c      0x874 archival/lib.a(unzip.o)
                0x0003f45c                unzip_main
 .text.data_extract_all
                0x0003fcd0      0x37c archival/libunarchive/lib.a(data_extract_all.o)
                0x0003fcd0                data_extract_all
 .text.data_extract_to_stdout
                0x0004004c       0x18 archival/libunarchive/lib.a(data_extract_to_stdout.o)
                0x0004004c                data_extract_to_stdout
 .text.data_skip
                0x00040064       0x18 archival/libunarchive/lib.a(data_skip.o)
                0x00040064                data_skip
 .text.get_bits
                0x0004007c       0xd4 archival/libunarchive/lib.a(decompress_bunzip2.o)
 .text.get_next_block
                0x00040150      0x8ac archival/libunarchive/lib.a(decompress_bunzip2.o)
 .text.read_bunzip
                0x000409fc      0x168 archival/libunarchive/lib.a(decompress_bunzip2.o)
                0x000409fc                read_bunzip
 .text.start_bunzip
                0x00040b64       0xec archival/libunarchive/lib.a(decompress_bunzip2.o)
                0x00040b64                start_bunzip
 .text.dealloc_bunzip
                0x00040c50       0x1c archival/libunarchive/lib.a(decompress_bunzip2.o)
                0x00040c50                dealloc_bunzip
 .text.unpack_bz2_stream
                0x00040c6c       0xf4 archival/libunarchive/lib.a(decompress_bunzip2.o)
                0x00040c6c                unpack_bz2_stream
 .text.unpack_bz2_stream_prime
                0x00040d60       0x64 archival/libunarchive/lib.a(decompress_bunzip2.o)
                0x00040d60                unpack_bz2_stream_prime
 .text.unpack_Z_stream
                0x00040dc4      0x524 archival/libunarchive/lib.a(decompress_uncompress.o)
                0x00040dc4                unpack_Z_stream
 .text.rc_read  0x000412e8       0x50 archival/libunarchive/lib.a(decompress_unlzma.o)
 .text.rc_do_normalize
                0x00041338       0x3c archival/libunarchive/lib.a(decompress_unlzma.o)
 .text.rc_is_bit_0_helper
                0x00041374       0x30 archival/libunarchive/lib.a(decompress_unlzma.o)
 .text.rc_update_bit_0
                0x000413a4       0x1c archival/libunarchive/lib.a(decompress_unlzma.o)
 .text.rc_update_bit_1
                0x000413c0       0x34 archival/libunarchive/lib.a(decompress_unlzma.o)
 .text.rc_get_bit
                0x000413f4       0x64 archival/libunarchive/lib.a(decompress_unlzma.o)
 .text.rc_bit_tree_decode
                0x00041458       0x5c archival/libunarchive/lib.a(decompress_unlzma.o)
 .text.unpack_lzma_stream
                0x000414b4      0x8c8 archival/libunarchive/lib.a(decompress_unlzma.o)
                0x000414b4                unpack_lzma_stream
 .text.huft_free
                0x00041d7c       0x28 archival/libunarchive/lib.a(decompress_unzip.o)
 .text.huft_free_all
                0x00041da4       0x28 archival/libunarchive/lib.a(decompress_unzip.o)
 .text.abort_unzip
                0x00041dcc       0x14 archival/libunarchive/lib.a(decompress_unzip.o)
 .text.fill_bitbuffer
                0x00041de0      0x110 archival/libunarchive/lib.a(decompress_unzip.o)
 .text.huft_build
                0x00041ef0      0x610 archival/libunarchive/lib.a(decompress_unzip.o)
 .text.inflate_codes_setup
                0x00042500       0x58 archival/libunarchive/lib.a(decompress_unzip.o)
 .text.calculate_gunzip_crc
                0x00042558       0x58 archival/libunarchive/lib.a(decompress_unzip.o)
 .text.inflate_unzip_internal
                0x000425b0      0xd28 archival/libunarchive/lib.a(decompress_unzip.o)
 .text.inflate_unzip
                0x000432d8       0x78 archival/libunarchive/lib.a(decompress_unzip.o)
                0x000432d8                inflate_unzip
 .text.top_up   0x00043350       0x9c archival/libunarchive/lib.a(decompress_unzip.o)
 .text.buffer_read_le_u32
                0x000433ec       0x3c archival/libunarchive/lib.a(decompress_unzip.o)
 .text.unpack_gz_stream
                0x00043428      0x298 archival/libunarchive/lib.a(decompress_unzip.o)
                0x00043428                unpack_gz_stream
 .text.filter_accept_reject_list
                0x000436c0       0x54 archival/libunarchive/lib.a(filter_accept_reject_list.o)
                0x000436c0                filter_accept_reject_list
 .text.find_list_entry
                0x00043714       0x44 archival/libunarchive/lib.a(find_list_entry.o)
                0x00043714                find_list_entry
 .text.find_list_entry2
                0x00043758       0xcc archival/libunarchive/lib.a(find_list_entry.o)
                0x00043758                find_list_entry2
 .text.getOctal
                0x00043824       0x54 archival/libunarchive/lib.a(get_header_tar.o)
 .text.get_header_tar
                0x00043878      0x6b8 archival/libunarchive/lib.a(get_header_tar.o)
                0x00043878                get_header_tar
 .text.get_header_tar_bz2
                0x00043f30       0x60 archival/libunarchive/lib.a(get_header_tar_bz2.o)
                0x00043f30                get_header_tar_bz2
 .text.get_header_tar_gz
                0x00043f90       0xa0 archival/libunarchive/lib.a(get_header_tar_gz.o)
                0x00043f90                get_header_tar_gz
 .text.get_header_tar_lzma